Component: ARM Compiler 5.06 update 6 (build 750) Tool: armlink [4d35ed]

==============================================================================

Section Cross References

    startup_stm32f407xx.o(RESET) refers to startup_stm32f407xx.o(STACK) for __initial_sp
    startup_stm32f407xx.o(RESET) refers to startup_stm32f407xx.o(.text) for Reset_Handler
    startup_stm32f407xx.o(RESET) refers to stm32f4xx_it.o(i.NMI_Handler) for NMI_Handler
    startup_stm32f407xx.o(RESET) refers to stm32f4xx_it.o(i.HardFault_Handler) for HardFault_Handler
    startup_stm32f407xx.o(RESET) refers to stm32f4xx_it.o(i.MemManage_Handler) for MemManage_Handler
    startup_stm32f407xx.o(RESET) refers to stm32f4xx_it.o(i.BusFault_Handler) for BusFault_Handler
    startup_stm32f407xx.o(RESET) refers to stm32f4xx_it.o(i.UsageFault_Handler) for UsageFault_Handler
    startup_stm32f407xx.o(RESET) refers to stm32f4xx_it.o(i.SVC_Handler) for SVC_Handler
    startup_stm32f407xx.o(RESET) refers to stm32f4xx_it.o(i.DebugMon_Handler) for DebugMon_Handler
    startup_stm32f407xx.o(RESET) refers to stm32f4xx_it.o(i.PendSV_Handler) for PendSV_Handler
    startup_stm32f407xx.o(RESET) refers to stm32f4xx_it.o(i.SysTick_Handler) for SysTick_Handler
    startup_stm32f407xx.o(RESET) refers to stm32f4xx_it.o(i.TIM2_IRQHandler) for TIM2_IRQHandler
    startup_stm32f407xx.o(RESET) refers to stm32f4xx_it.o(i.TIM3_IRQHandler) for TIM3_IRQHandler
    startup_stm32f407xx.o(RESET) refers to stm32f4xx_it.o(i.TIM4_IRQHandler) for TIM4_IRQHandler
    startup_stm32f407xx.o(RESET) refers to stm32f4xx_it.o(i.SPI1_IRQHandler) for SPI1_IRQHandler
    startup_stm32f407xx.o(RESET) refers to stm32f4xx_it.o(i.USART1_IRQHandler) for USART1_IRQHandler
    startup_stm32f407xx.o(RESET) refers to stm32f4xx_it.o(i.UART4_IRQHandler) for UART4_IRQHandler
    startup_stm32f407xx.o(RESET) refers to stm32f4xx_it.o(i.UART5_IRQHandler) for UART5_IRQHandler
    startup_stm32f407xx.o(RESET) refers to stm32f4xx_it.o(i.DMA2_Stream0_IRQHandler) for DMA2_Stream0_IRQHandler
    startup_stm32f407xx.o(RESET) refers to stm32f4xx_it.o(i.DMA2_Stream2_IRQHandler) for DMA2_Stream2_IRQHandler
    startup_stm32f407xx.o(RESET) refers to stm32f4xx_it.o(i.DMA2_Stream3_IRQHandler) for DMA2_Stream3_IRQHandler
    startup_stm32f407xx.o(RESET) refers to stm32f4xx_it.o(i.DMA2_Stream7_IRQHandler) for DMA2_Stream7_IRQHandler
    startup_stm32f407xx.o(.text) refers to system_stm32f4xx.o(i.SystemInit) for SystemInit
    startup_stm32f407xx.o(.text) refers to entry.o(.ARM.Collect$$$$00000000) for __main
    main.o(i.main) refers to stm32f4xx_hal.o(i.HAL_Init) for HAL_Init
    main.o(i.main) refers to core.o(i.SystemClock_Config) for SystemClock_Config
    main.o(i.main) refers to gpio.o(i.MX_GPIO_Init) for MX_GPIO_Init
    main.o(i.main) refers to led.o(i.Led_Init) for Led_Init
    main.o(i.main) refers to beep.o(i.Beep_Init) for Beep_Init
    main.o(i.main) refers to touch_key.o(i.Touch_Key_Init) for Touch_Key_Init
    main.o(i.main) refers to stm32f4xx_hal.o(i.HAL_Delay) for HAL_Delay
    main.o(i.main) refers to beep.o(i.Beep_Control) for Beep_Control
    main.o(i.main) refers to dma.o(i.MX_DMA_Init) for MX_DMA_Init
    main.o(i.main) refers to adc.o(i.MX_ADC1_Init) for MX_ADC1_Init
    main.o(i.main) refers to tim.o(i.MX_TIM8_Init) for MX_TIM8_Init
    main.o(i.main) refers to spi.o(i.MX_SPI1_Init) for MX_SPI1_Init
    main.o(i.main) refers to lcd.o(i.Lcd_Pin_Init) for Lcd_Pin_Init
    main.o(i.main) refers to lcd.o(i.Lcd_Init) for Lcd_Init
    main.o(i.main) refers to usart.o(i.MX_USART1_UART_Init) for MX_USART1_UART_Init
    main.o(i.main) refers to lcd.o(i.Lcd_Clear) for Lcd_Clear
    main.o(i.main) refers to malloc.o(i.malloc) for malloc
    main.o(i.main) refers to stm32f4xx_hal_adc.o(i.HAL_ADC_Start_DMA) for HAL_ADC_Start_DMA
    main.o(i.main) refers to stm32f4xx_hal_tim.o(i.HAL_TIM_Base_Start) for HAL_TIM_Base_Start
    main.o(i.main) refers to arm_cfft_radix4_init_f32.o(.text) for arm_cfft_radix4_init_f32
    main.o(i.main) refers to osci.o(i.Osci_Show) for Osci_Show
    main.o(i.main) refers to stm32f4xx_hal_uart.o(i.HAL_UART_Receive_DMA) for HAL_UART_Receive_DMA
    main.o(i.main) refers to usart.o(i.MX_UART4_Init) for MX_UART4_Init
    main.o(i.main) refers to diwen_lcd.o(i.MAX485_Init) for MAX485_Init
    main.o(i.main) refers to usart.o(i.MX_UART5_Init) for MX_UART5_Init
    main.o(i.main) refers to stm32f4xx_hal_uart.o(i.HAL_UART_Receive_IT) for HAL_UART_Receive_IT
    main.o(i.main) refers to tim.o(i.MX_TIM4_Init) for MX_TIM4_Init
    main.o(i.main) refers to tim.o(i.MX_TIM3_Init) for MX_TIM3_Init
    main.o(i.main) refers to tim.o(i.MX_TIM2_Init) for MX_TIM2_Init
    main.o(i.main) refers to power.o(i.Power_Init) for Power_Init
    main.o(i.main) refers to matrix_key.o(i.Matrix_Key_Init) for Matrix_Key_Init
    main.o(i.main) refers to tripod.o(i.Tripod_Init) for Tripod_Init
    main.o(i.main) refers to stm32f4xx_hal_gpio.o(i.HAL_GPIO_WritePin) for HAL_GPIO_WritePin
[...]
    __main                                   0x08000189   Thumb Code     0  entry.o(.ARM.Collect$$$$00000000)
    _main_stk                                0x08000189   Thumb Code     0  entry2.o(.ARM.Collect$$$$00000001)
    _main_scatterload                        0x0800018d   Thumb Code     0  entry5.o(.ARM.Collect$$$$00000004)
    __main_after_scatterload                 0x08000191   Thumb Code     0  entry5.o(.ARM.Collect$$$$00000004)
    _main_clock                              0x08000191   Thumb Code     0  entry7b.o(.ARM.Collect$$$$00000008)
    _main_cpp_init                           0x08000191   Thumb Code     0  entry8b.o(.ARM.Collect$$$$0000000A)
    _main_init                               0x08000191   Thumb Code     0  entry9a.o(.ARM.Collect$$$$0000000B)
    __rt_final_cpp                           0x08000199   Thumb Code     0  entry10a.o(.ARM.Collect$$$$0000000D)
    __rt_final_exit                          0x08000199   Thumb Code     0  entry11a.o(.ARM.Collect$$$$0000000F)
    Reset_Handler                            0x0800019d   Thumb Code     8  startup_stm32f407xx.o(.text)
    ADC_IRQHandler                           0x080001b7   Thumb Code     0  startup_stm32f407xx.o(.text)
    CAN1_RX0_IRQHandler                      0x080001b7   Thumb Code     0  startup_stm32f407xx.o(.text)
    CAN1_RX1_IRQHandler                      0x080001b7   Thumb Code     0  startup_stm32f407xx.o(.text)
    CAN1_SCE_IRQHandler                      0x080001b7   Thumb Code     0  startup_stm32f407xx.o(.text)
    CAN1_TX_IRQHandler                       0x080001b7   Thumb Code     0  startup_stm32f407xx.o(.text)
    CAN2_RX0_IRQHandler                      0x080001b7   Thumb Code     0  startup_stm32f407xx.o(.text)
    CAN2_RX1_IRQHandler                      0x080001b7   Thumb Code     0  startup_stm32f407xx.o(.text)
    CAN2_SCE_IRQHandler                      0x080001b7   Thumb Code     0  startup_stm32f407xx.o(.text)
    CAN2_TX_IRQHandler                       0x080001b7   Thumb Code     0  startup_stm32f407xx.o(.text)
    DCMI_IRQHandler                          0x080001b7   Thumb Code     0  startup_stm32f407xx.o(.text)
    DMA1_Stream0_IRQHandler                  0x080001b7   Thumb Code     0  startup_stm32f407xx.o(.text)
    DMA1_Stream1_IRQHandler                  0x080001b7   Thumb Code     0  startup_stm32f407xx.o(.text)
    DMA1_Stream2_IRQHandler                  0x080001b7   Thumb Code     0  startup_stm32f407xx.o(.text)
    DMA1_Stream3_IRQHandler                  0x080001b7   Thumb Code     0  startup_stm32f407xx.o(.text)
    DMA1_Stream4_IRQHandler                  0x080001b7   Thumb Code     0  startup_stm32f407xx.o(.text)
    DMA1_Stream5_IRQHandler                  0x080001b7   Thumb Code     0  startup_stm32f407xx.o(.text)
    DMA1_Stream6_IRQHandler                  0x080001b7   Thumb Code     0  startup_stm32f407xx.o(.text)
    DMA1_Stream7_IRQHandler                  0x080001b7   Thumb Code     0  startup_stm32f407xx.o(.text)
    DMA2_Stream1_IRQHandler                  0x080001b7   Thumb Code     0  startup_stm32f407xx.o(.text)
    DMA2_Stream4_IRQHandler                  0x080001b7   Thumb Code     0  startup_stm32f407xx.o(.text)
    DMA2_Stream5_IRQHandler                  0x080001b7   Thumb Code     0  startup_stm32f407xx.o(.text)
    DMA2_Stream6_IRQHandler                  0x080001b7   Thumb Code     0  startup_stm32f407xx.o(.text)
    ETH_IRQHandler                           0x080001b7   Thumb Code     0  startup_stm32f407xx.o(.text)
    ETH_WKUP_IRQHandler                      0x080001b7   Thumb Code     0  startup_stm32f407xx.o(.text)
    EXTI0_IRQHandler                         0x080001b7   Thumb Code     0  startup_stm32f407xx.o(.text)
    EXTI15_10_IRQHandler                     0x080001b7   Thumb Code     0  startup_stm32f407xx.o(.text)
    EXTI1_IRQHandler                         0x080001b7   Thumb Code     0  startup_stm32f407xx.o(.text)
    EXTI2_IRQHandler                         0x080001b7   Thumb Code     0  startup_stm32f407xx.o(.text)
    EXTI3_IRQHandler                         0x080001b7   Thumb Code     0  startup_stm32f407xx.o(.text)
    EXTI4_IRQHandler                         0x080001b7   Thumb Code     0  startup_stm32f407xx.o(.text)
    EXTI9_5_IRQHandler                       0x080001b7   Thumb Code     0  startup_stm32f407xx.o(.text)
    FLASH_IRQHandler                         0x080001b7   Thumb Code     0  startup_stm32f407xx.o(.text)
    FMC_IRQHandler                           0x080001b7   Thumb Code     0  startup_stm32f407xx.o(.text)
    FPU_IRQHandler                           0x080001b7   Thumb Code     0  startup_stm32f407xx.o(.text)
    HASH_RNG_IRQHandler                      0x080001b7   Thumb Code     0  startup_stm32f407xx.o(.text)
    I2C1_ER_IRQHandler                       0x080001b7   Thumb Code     0  startup_stm32f407xx.o(.text)
    I2C1_EV_IRQHandler                       0x080001b7   Thumb Code     0  startup_stm32f407xx.o(.text)
    I2C2_ER_IRQHandler                       0x080001b7   Thumb Code     0  startup_stm32f407xx.o(.text)
    I2C2_EV_IRQHandler                       0x080001b7   Thumb Code     0  startup_stm32f407xx.o(.text)
    I2C3_ER_IRQHandler                       0x080001b7   Thumb Code     0  startup_stm32f407xx.o(.text)
    I2C3_EV_IRQHandler                       0x080001b7   Thumb Code     0  startup_stm32f407xx.o(.text)
    OTG_FS_IRQHandler                        0x080001b7   Thumb Code     0  startup_stm32f407xx.o(.text)
    OTG_FS_WKUP_IRQHandler                   0x080001b7   Thumb Code     0  startup_stm32f407xx.o(.text)
    OTG_HS_EP1_IN_IRQHandler                 0x080001b7   Thumb Code     0  startup_stm32f407xx.o(.text)
    OTG_HS_EP1_OUT_IRQHandler                0x080001b7   Thumb Code     0  startup_stm32f407xx.o(.text)
    OTG_HS_IRQHandler                        0x080001b7   Thumb Code     0  startup_stm32f407xx.o(.text)
    OTG_HS_WKUP_IRQHandler                   0x080001b7   Thumb Code     0  startup_stm32f407xx.o(.text)
    PVD_IRQHandler                           0x080001b7   Thumb Code     0  startup_stm32f407xx.o(.text)
    RCC_IRQHandler                           0x080001b7   Thumb Code     0  startup_stm32f407xx.o(.text)
    RTC_Alarm_IRQHandler                     0x080001b7   Thumb Code     0  startup_stm32f407xx.o(.text)
    RTC_WKUP_IRQHandler                      0x080001b7   Thumb Code     0  startup_stm32f407xx.o(.text)
    SDIO_IRQHandler                          0x080001b7   Thumb Code     0  startup_stm32f407xx.o(.text)
    SPI2_IRQHandler                          0x080001b7   Thumb Code     0  startup_stm32f407xx.o(.text)
    SPI3_IRQHandler                          0x080001b7   Thumb Code     0  startup_stm32f407xx.o(.text)
    TAMP_STAMP_IRQHandler                    0x080001b7   Thumb Code     0  startup_stm32f407xx.o(.text)
    TIM1_BRK_TIM9_IRQHandler                 0x080001b7   Thumb Code     0  startup_stm32f407xx.o(.text)
    TIM1_CC_IRQHandler                       0x080001b7   Thumb Code     0  startup_stm32f407xx.o(.text)
    TIM1_TRG_COM_TIM11_IRQHandler            0x080001b7   Thumb Code     0  startup_stm32f407xx.o(.text)
    TIM1_UP_TIM10_IRQHandler                 0x080001b7   Thumb Code     0  startup_stm32f407xx.o(.text)
    TIM5_IRQHandler                          0x080001b7   Thumb Code     0  startup_stm32f407xx.o(.text)
    TIM6_DAC_IRQHandler                      0x080001b7   Thumb Code     0  startup_stm32f407xx.o(.text)
    TIM7_IRQHandler                          0x080001b7   Thumb Code     0  startup_stm32f407xx.o(.text)
    TIM8_BRK_TIM12_IRQHandler                0x080001b7   Thumb Code     0  startup_stm32f407xx.o(.text)
    TIM8_CC_IRQHandler                       0x080001b7   Thumb Code     0  startup_stm32f407xx.o(.text)
    TIM8_TRG_COM_TIM14_IRQHandler            0x080001b7   Thumb Code     0  startup_stm32f407xx.o(.text)
    TIM8_UP_TIM13_IRQHandler                 0x080001b7   Thumb Code     0  startup_stm32f407xx.o(.text)
    USART2_IRQHandler                        0x080001b7   Thumb Code     0  startup_stm32f407xx.o(.text)
    USART3_IRQHandler                        0x080001b7   Thumb Code     0  startup_stm32f407xx.o(.text)
    USART6_IRQHandler                        0x080001b7   Thumb Code     0  startup_stm32f407xx.o(.text)
    WWDG_IRQHandler                          0x080001b7   Thumb Code     0  startup_stm32f407xx.o(.text)
    arm_cmplx_mag_f32                        0x080001c1   Thumb Code   236  arm_cmplx_mag_f32.o(.text)
    arm_radix4_butterfly_f32                 0x080002b1   Thumb Code   800  arm_cfft_radix4_f32.o(.text)
    arm_radix4_butterfly_inverse_f32         0x080005d1   Thumb Code   836  arm_cfft_radix4_f32.o(.text)
    arm_cfft_radix4_f32                      0x08000915   Thumb Code    60  arm_cfft_radix4_f32.o(.text)
    arm_cfft_radix4_init_f32                 0x08000951   Thumb Code   146  arm_cfft_radix4_init_f32.o(.text)
    arm_max_f32                              0x08000a11   Thumb Code   212  arm_max_f32.o(.text)
    arm_max_q31                              0x08000ae5   Thumb Code   152  arm_max_q31.o(.text)
    arm_min_q31                              0x08000b7d   Thumb Code   152  arm_min_q31.o(.text)
    arm_bitreversal_f32                      0x08000c15   Thumb Code   178  arm_bitreversal.o(.text)
    arm_bitreversal_q31                      0x08000cc7   Thumb Code   180  arm_bitreversal.o(.text)
    arm_bitreversal_q15                      0x08000d7b   Thumb Code   128  arm_bitreversal.o(.text)
    __aeabi_uldivmod                         0x08000dfb   Thumb Code    98  uldiv.o(.text)
    __aeabi_memcpy                           0x08000e5d   Thumb Code    36  memcpya.o(.text)
    __aeabi_memcpy4                          0x08000e5d   Thumb Code     0  memcpya.o(.text)
    __aeabi_memcpy8                          0x08000e5d   Thumb Code     0  memcpya.o(.text)
    __aeabi_memset                           0x08000e81   Thumb Code    14  memseta.o(.text)
    __aeabi_memset4                          0x08000e81   Thumb Code     0  memseta.o(.text)
    __aeabi_memset8                          0x08000e81   Thumb Code     0  memseta.o(.text)
    __aeabi_memclr                           0x08000e8f   Thumb Code     4  memseta.o(.text)
    __aeabi_memclr4                          0x08000e8f   Thumb Code     0  memseta.o(.text)
    __aeabi_memclr8                          0x08000e8f   Thumb Code     0  memseta.o(.text)
    _memset$wrapper                          0x08000e93   Thumb Code    18  memseta.o(.text)
    strlen                                   0x08000ea5   Thumb Code    14  strlen.o(.text)
    __aeabi_i2d                              0x08000eb3   Thumb Code    34  dflti.o(.text)
    __aeabi_f2d                              0x08000ed5   Thumb Code    38  f2d.o(.text)
    __aeabi_d2f                              0x08000efb   Thumb Code    56  d2f.o(.text)
    __aeabi_uidiv                            0x08000f33   Thumb Code     0  uidiv.o(.text)
    __aeabi_uidivmod                         0x08000f33   Thumb Code    44  uidiv.o(.text)
    __aeabi_llsl                             0x08000f5f   Thumb Code    30  llshl.o(.text)
    _ll_shift_l                              0x08000f5f   Thumb Code     0  llshl.o(.text)
    __aeabi_llsr                             0x08000f7d   Thumb Code    32  llushr.o(.text)
    _ll_ushift_r                             0x08000f7d   Thumb Code     0  llushr.o(.text)
    __I$use$fp                               0x08000f9d   Thumb Code     0  iusefp.o(.text)
    _float_round                             0x08000f9d   Thumb Code    18  fepilogue.o(.text)
    _float_epilogue                          0x08000faf   Thumb Code    92  fepilogue.o(.text)
    _double_round                            0x0800100b   Thumb Code    30  depilogue.o(.text)
    _double_epilogue                         0x08001029   Thumb Code   156  depilogue.o(.text)
    __aeabi_dadd                             0x080010c5   Thumb Code   322  dadd.o(.text)
    __aeabi_dsub                             0x08001207   Thumb Code     6  dadd.o(.text)
    __aeabi_drsub                            0x0800120d   Thumb Code     6  dadd.o(.text)
    __aeabi_dmul                             0x08001213   Thumb Code   228  dmul.o(.text)
    __aeabi_ddiv                             0x080012f7   Thumb Code   222  ddiv.o(.text)
    __aeabi_d2ulz                            0x080013d5   Thumb Code    48  dfixul.o(.text)
    __aeabi_cdrcmple                         0x08001405   Thumb Code    48  cdrcmple.o(.text)
    __scatterload                            0x08001435   Thumb Code    28  init.o(.text)
    __scatterload_rt2                        0x08001435   Thumb Code     0  init.o(.text)
    __aeabi_lasr                             0x08001459   Thumb Code    36  llsshr.o(.text)
    _ll_sshift_r                             0x08001459   Thumb Code     0  llsshr.o(.text)
    _dsqrt                                   0x0800147d   Thumb Code   162  dsqrt.o(.text)
    __decompress                             0x0800151f   Thumb Code     0  __dczerorl2.o(.text)
    __decompress1                            0x0800151f   Thumb Code    86  __dczerorl2.o(.text)
    Beep_Control                             0x0800172d   Thumb Code    12  beep.o(i.Beep_Control)
    Beep_Init                                0x0800173d   Thumb Code    74  beep.o(i.Beep_Init)
    BusFault_Handler                         0x08001795   Thumb Code     2  stm32f4xx_it.o(i.BusFault_Handler)
    DMA2_Stream0_IRQHandler                  0x08001799   Thumb Code     6  stm32f4xx_it.o(i.DMA2_Stream0_IRQHandler)
    DMA2_Stream2_IRQHandler                  0x080017a5   Thumb Code     6  stm32f4xx_it.o(i.DMA2_Stream2_IRQHandler)
    DMA2_Stream3_IRQHandler                  0x080017b1   Thumb Code     6  stm32f4xx_it.o(i.DMA2_Stream3_IRQHandler)
    DMA2_Stream7_IRQHandler                  0x080017bd   Thumb Code     6  stm32f4xx_it.o(i.DMA2_Stream7_IRQHandler)
    DebugMon_Handler                         0x0800186d   Thumb Code     2  stm32f4xx_it.o(i.DebugMon_Handler)
    DiWenLcd_Append_Str                      0x08001871   Thumb Code   124  diwen_lcd.o(i.DiWenLcd_Append_Str)
    DiWenLcd_Cmd_Data                        0x080018f1   Thumb Code    78  diwen_lcd.o(i.DiWenLcd_Cmd_Data)
    DiWenLcd_Init                            0x0800194d   Thumb Code   212  diwen_lcd.o(i.DiWenLcd_Init)
    DiWenLcd_Printf                          0x08001a31   Thumb Code    36  diwen_lcd.o(i.DiWenLcd_Printf)
    DiWenLcd_Send_Data                       0x08001a55   Thumb Code   106  diwen_lcd.o(i.DiWenLcd_Send_Data)
    DiWenLcd_Show_Page                       0x08001ac5   Thumb Code   102  diwen_lcd.o(i.DiWenLcd_Show_Page)
    DiWenLcd_Show_RunState                   0x08001b31   Thumb Code    96  diwen_lcd.o(i.DiWenLcd_Show_RunState)
    DiWen_Dat_Explan                         0x08001b91   Thumb Code    96  diwen_lcd.o(i.DiWen_Dat_Explan)
    Error_Handler                            0x08001bf5   Thumb Code     2  core.o(i.Error_Handler)
    HAL_ADC_ConfigChannel                    0x08001bf9   Thumb Code   316  stm32f4xx_hal_adc.o(i.HAL_ADC_ConfigChannel)
    HAL_ADC_ConvCpltCallback                 0x08001d45   Thumb Code     8  stm32f4xx_it.o(i.HAL_ADC_ConvCpltCallback)
    HAL_ADC_ConvHalfCpltCallback             0x08001d51   Thumb Code     2  stm32f4xx_hal_adc.o(i.HAL_ADC_ConvHalfCpltCallback)
    HAL_ADC_ErrorCallback                    0x08001d53   Thumb Code     2  stm32f4xx_hal_adc.o(i.HAL_ADC_ErrorCallback)
    HAL_ADC_Init                             0x08001d55   Thumb Code    84  stm32f4xx_hal_adc.o(i.HAL_ADC_Init)
    HAL_ADC_MspInit                          0x08001da9   Thumb Code   130  adc.o(i.HAL_ADC_MspInit)
    HAL_ADC_Start_DMA                        0x08001e41   Thumb Code   304  stm32f4xx_hal_adc.o(i.HAL_ADC_Start_DMA)
    HAL_ADC_Stop_DMA                         0x08001f95   Thumb Code   108  stm32f4xx_hal_adc.o(i.HAL_ADC_Stop_DMA)
    HAL_DMA_Abort                            0x08002001   Thumb Code   142  stm32f4xx_hal_dma.o(i.HAL_DMA_Abort)
    HAL_DMA_Abort_IT                         0x0800208f   Thumb Code    36  stm32f4xx_hal_dma.o(i.HAL_DMA_Abort_IT)
    HAL_DMA_GetState                         0x080020b3   Thumb Code     6  stm32f4xx_hal_dma.o(i.HAL_DMA_GetState)
    HAL_DMA_IRQHandler                       0x080020b9   Thumb Code   412  stm32f4xx_hal_dma.o(i.HAL_DMA_IRQHandler)
    HAL_DMA_Init                             0x08002259   Thumb Code   206  stm32f4xx_hal_dma.o(i.HAL_DMA_Init)
    HAL_DMA_Start_IT                         0x0800232d   Thumb Code   110  stm32f4xx_hal_dma.o(i.HAL_DMA_Start_IT)
    HAL_Delay                                0x0800239d   Thumb Code    32  stm32f4xx_hal.o(i.HAL_Delay)
    HAL_GPIO_Init                            0x080023c1   Thumb Code   390  stm32f4xx_hal_gpio.o(i.HAL_GPIO_Init)
    HAL_GPIO_ReadPin                         0x08002575   Thumb Code    10  stm32f4xx_hal_gpio.o(i.HAL_GPIO_ReadPin)
    HAL_GPIO_TogglePin                       0x0800257f   Thumb Code    14  stm32f4xx_hal_gpio.o(i.HAL_GPIO_TogglePin)
    HAL_GPIO_WritePin                        0x0800258d   Thumb Code    10  stm32f4xx_hal_gpio.o(i.HAL_GPIO_WritePin)
    HAL_GetTick                              0x08002599   Thumb Code     6  stm32f4xx_hal.o(i.HAL_GetTick)
    HAL_IncTick                              0x080025a5   Thumb Code    12  stm32f4xx_hal.o(i.HAL_IncTick)
    HAL_Init                                 0x080025b5   Thumb Code    48  stm32f4xx_hal.o(i.HAL_Init)
    HAL_InitTick                             0x080025e9   Thumb Code    54  stm32f4xx_hal.o(i.HAL_InitTick)
    HAL_MspInit                              0x08002629   Thumb Code    42  stm32f4xx_hal_msp.o(i.HAL_MspInit)
    HAL_NVIC_DisableIRQ                      0x08002659   Thumb Code    22  stm32f4xx_hal_cortex.o(i.HAL_NVIC_DisableIRQ)
    HAL_NVIC_EnableIRQ                       0x0800266f   Thumb Code    22  stm32f4xx_hal_cortex.o(i.HAL_NVIC_EnableIRQ)
    HAL_NVIC_SetPriority                     0x08002685   Thumb Code    60  stm32f4xx_hal_cortex.o(i.HAL_NVIC_SetPriority)
    HAL_NVIC_SetPriorityGrouping             0x080026c5   Thumb Code    26  stm32f4xx_hal_cortex.o(i.HAL_NVIC_SetPriorityGrouping)
    HAL_RCC_ClockConfig                      0x080026e9   Thumb Code   288  stm32f4xx_hal_rcc.o(i.HAL_RCC_ClockConfig)
    HAL_RCC_GetPCLK1Freq                     0x0800281d   Thumb Code    20  stm32f4xx_hal_rcc.o(i.HAL_RCC_GetPCLK1Freq)
    HAL_RCC_GetPCLK2Freq                     0x0800283d   Thumb Code    20  stm32f4xx_hal_rcc.o(i.HAL_RCC_GetPCLK2Freq)
    HAL_RCC_GetSysClockFreq                  0x0800285d   Thumb Code    88  stm32f4xx_hal_rcc.o(i.HAL_RCC_GetSysClockFreq)
    HAL_RCC_OscConfig                        0x080028bd   Thumb Code   820  stm32f4xx_hal_rcc.o(i.HAL_RCC_OscConfig)
    HAL_SPI_ErrorCallback                    0x08002c05   Thumb Code     2  stm32f4xx_hal_spi.o(i.HAL_SPI_ErrorCallback)
    HAL_SPI_IRQHandler                       0x08002c09   Thumb Code   246  stm32f4xx_hal_spi.o(i.HAL_SPI_IRQHandler)
    HAL_SPI_Init                             0x08002d05   Thumb Code   128  stm32f4xx_hal_spi.o(i.HAL_SPI_Init)
    HAL_SPI_MspInit                          0x08002d85   Thumb Code   156  spi.o(i.HAL_SPI_MspInit)
    HAL_SPI_Transmit_DMA                     0x08002e35   Thumb Code   192  stm32f4xx_hal_spi.o(i.HAL_SPI_Transmit_DMA)
    HAL_SPI_TxCpltCallback                   0x08002f01   Thumb Code     2  stm32f4xx_hal_spi.o(i.HAL_SPI_TxCpltCallback)
    HAL_SPI_TxHalfCpltCallback               0x08002f03   Thumb Code     2  stm32f4xx_hal_spi.o(i.HAL_SPI_TxHalfCpltCallback)
    HAL_SYSTICK_Config                       0x08002f05   Thumb Code    40  stm32f4xx_hal_cortex.o(i.HAL_SYSTICK_Config)
    HAL_TIMEx_BreakCallback                  0x08002f2d   Thumb Code     2  stm32f4xx_hal_tim_ex.o(i.HAL_TIMEx_BreakCallback)
    HAL_TIMEx_CommutCallback                 0x08002f2f   Thumb Code     2  stm32f4xx_hal_tim_ex.o(i.HAL_TIMEx_CommutCallback)
    HAL_TIMEx_MasterConfigSynchronization    0x08002f31   Thumb Code   116  stm32f4xx_hal_tim_ex.o(i.HAL_TIMEx_MasterConfigSynchronization)
    HAL_TIM_Base_Init                        0x08002fc1   Thumb Code    54  stm32f4xx_hal_tim.o(i.HAL_TIM_Base_Init)
    HAL_TIM_Base_MspInit                     0x08002ff9   Thumb Code   148  tim.o(i.HAL_TIM_Base_MspInit)
    HAL_TIM_Base_Start                       0x0800309d   Thumb Code    36  stm32f4xx_hal_tim.o(i.HAL_TIM_Base_Start)
    HAL_TIM_Base_Start_IT                    0x080030c1   Thumb Code    34  stm32f4xx_hal_tim.o(i.HAL_TIM_Base_Start_IT)
    HAL_TIM_Base_Stop                        0x080030e3   Thumb Code    44  stm32f4xx_hal_tim.o(i.HAL_TIM_Base_Stop)
    HAL_TIM_Base_Stop_IT                     0x0800310f   Thumb Code    42  stm32f4xx_hal_tim.o(i.HAL_TIM_Base_Stop_IT)
    HAL_TIM_ConfigClockSource                0x08003139   Thumb Code   214  stm32f4xx_hal_tim.o(i.HAL_TIM_ConfigClockSource)
    HAL_TIM_IC_CaptureCallback               0x0800320f   Thumb Code     2  stm32f4xx_hal_tim.o(i.HAL_TIM_IC_CaptureCallback)
    HAL_TIM_IRQHandler                       0x08003211   Thumb Code   358  stm32f4xx_hal_tim.o(i.HAL_TIM_IRQHandler)
    HAL_TIM_OC_DelayElapsedCallback          0x08003377   Thumb Code     2  stm32f4xx_hal_tim.o(i.HAL_TIM_OC_DelayElapsedCallback)
    HAL_TIM_PWM_PulseFinishedCallback        0x08003379   Thumb Code     2  stm32f4xx_hal_tim.o(i.HAL_TIM_PWM_PulseFinishedCallback)
    HAL_TIM_PeriodElapsedCallback            0x0800337b   Thumb Code     2  stm32f4xx_hal_tim.o(i.HAL_TIM_PeriodElapsedCallback)
    HAL_TIM_TriggerCallback                  0x0800337d   Thumb Code     2  stm32f4xx_hal_tim.o(i.HAL_TIM_TriggerCallback)
    HAL_UART_DMAStop                         0x0800337f   Thumb Code    88  stm32f4xx_hal_uart.o(i.HAL_UART_DMAStop)
    HAL_UART_ErrorCallback                   0x080033d7   Thumb Code     2  stm32f4xx_hal_uart.o(i.HAL_UART_ErrorCallback)
    HAL_UART_IRQHandler                      0x080033d9   Thumb Code   270  stm32f4xx_hal_uart.o(i.HAL_UART_IRQHandler)
    HAL_UART_Init                            0x080034ed   Thumb Code    98  stm32f4xx_hal_uart.o(i.HAL_UART_Init)
    HAL_UART_MspInit                         0x08003551   Thumb Code   422  usart.o(i.HAL_UART_MspInit)
    HAL_UART_Receive_DMA                     0x0800371d   Thumb Code   138  stm32f4xx_hal_uart.o(i.HAL_UART_Receive_DMA)
    HAL_UART_Receive_IT                      0x080037b5   Thumb Code    82  stm32f4xx_hal_uart.o(i.HAL_UART_Receive_IT)
    HAL_UART_RxCpltCallback                  0x08003809   Thumb Code    30  stm32f4xx_it.o(i.HAL_UART_RxCpltCallback)
    HAL_UART_RxHalfCpltCallback              0x08003839   Thumb Code     2  stm32f4xx_hal_uart.o(i.HAL_UART_RxHalfCpltCallback)
    HAL_UART_Transmit                        0x0800383b   Thumb Code   186  stm32f4xx_hal_uart.o(i.HAL_UART_Transmit)
    HAL_UART_Transmit_DMA                    0x080038f5   Thumb Code   116  stm32f4xx_hal_uart.o(i.HAL_UART_Transmit_DMA)
    HAL_UART_TxCpltCallback                  0x08003975   Thumb Code     2  stm32f4xx_hal_uart.o(i.HAL_UART_TxCpltCallback)
    HAL_UART_TxHalfCpltCallback              0x08003977   Thumb Code     2  stm32f4xx_hal_uart.o(i.HAL_UART_TxHalfCpltCallback)
    HardFault_Handler                        0x08003979   Thumb Code     2  stm32f4xx_it.o(i.HardFault_Handler)
    Infared_Init                             0x0800397d   Thumb Code    82  infared.o(i.Infared_Init)
    Infared_Send_OK                          0x080039dd   Thumb Code    46  infared.o(i.Infared_Send_OK)
    Infared_Soft_Send_Data                   0x08003a11   Thumb Code   244  infared.o(i.Infared_Soft_Send_Data)
    Lcd_Clear                                0x08003b09   Thumb Code    80  lcd.o(i.Lcd_Clear)
    Lcd_Clear_Osci                           0x08003b59   Thumb Code    80  lcd.o(i.Lcd_Clear_Osci)
    Lcd_Clear_Print                          0x08003ba9   Thumb Code    80  lcd.o(i.Lcd_Clear_Print)
    Lcd_Draw_Point                           0x08003bf9   Thumb Code    48  lcd.o(i.Lcd_Draw_Point)
    Lcd_Init                                 0x08003c29   Thumb Code   408  lcd.o(i.Lcd_Init)
    Lcd_Osci_printf                          0x08003dc5   Thumb Code    42  lcd.o(i.Lcd_Osci_printf)
    Lcd_Pin_Init                             0x08003df1   Thumb Code   154  lcd.o(i.Lcd_Pin_Init)
    Lcd_ShowChar                             0x08003e9d   Thumb Code   276  lcd.o(i.Lcd_ShowChar)
    Lcd_ShowString                           0x08003fbd   Thumb Code    62  lcd.o(i.Lcd_ShowString)
    Lcd_ShowZHChar                           0x08003ffd   Thumb Code   164  lcd.o(i.Lcd_ShowZHChar)
    Lcd_Window_Set                           0x080040a9   Thumb Code    58  lcd.o(i.Lcd_Window_Set)
    Lcd_Write_Cmd                            0x080040e5   Thumb Code    40  lcd.o(i.Lcd_Write_Cmd)
    Lcd_Write_Data                           0x08004119   Thumb Code    40  lcd.o(i.Lcd_Write_Data)
    Lcd_Write_Data16                         0x0800414d   Thumb Code    48  lcd.o(i.Lcd_Write_Data16)
    Lcd_Write_Data8                          0x08004189   Thumb Code    40  lcd.o(i.Lcd_Write_Data8)
    Lcd_printf                               0x080041bd   Thumb Code   258  lcd.o(i.Lcd_printf)
    Led_Init                                 0x080042c9   Thumb Code   290  led.o(i.Led_Init)
    Logic_Matrix_Key                         0x080043fd   Thumb Code   106  logic.o(i.Logic_Matrix_Key)
    Logic_System_Check                       0x08004485   Thumb Code   498  logic.o(i.Logic_System_Check)
    Logic_Touch_Key                          0x08004795   Thumb Code   234  logic.o(i.Logic_Touch_Key)
    Logic_Tripod_Calib                       0x08004919   Thumb Code   556  logic.o(i.Logic_Tripod_Calib)
    MAX485_Init                              0x08004bc9   Thumb Code    74  diwen_lcd.o(i.MAX485_Init)
    MAX485_Mode                              0x08004c21   Thumb Code    20  diwen_lcd.o(i.MAX485_Mode)
    MX_ADC1_Init                             0x08004c39   Thumb Code    92  adc.o(i.MX_ADC1_Init)
    MX_DMA_Init                              0x08004c9d   Thumb Code    88  dma.o(i.MX_DMA_Init)
    MX_GPIO_Init                             0x08004cf9   Thumb Code    70  gpio.o(i.MX_GPIO_Init)
    MX_SPI1_Init                             0x08004d45   Thumb Code    60  spi.o(i.MX_SPI1_Init)
    MX_TIM2_Init                             0x08004d89   Thumb Code    96  tim.o(i.MX_TIM2_Init)
    MX_TIM3_Init                             0x08004ded   Thumb Code    94  tim.o(i.MX_TIM3_Init)
    MX_TIM4_Init                             0x08004e55   Thumb Code    94  tim.o(i.MX_TIM4_Init)
    MX_TIM8_Init                             0x08004ebd   Thumb Code    98  tim.o(i.MX_TIM8_Init)
    MX_UART4_Init                            0x08004f29   Thumb Code    48  usart.o(i.MX_UART4_Init)
    MX_UART5_Init                            0x08004f61   Thumb Code    48  usart.o(i.MX_UART5_Init)
    MX_USART1_UART_Init                      0x08004f99   Thumb Code    48  usart.o(i.MX_USART1_UART_Init)
    Matrix_Key_Init                          0x08004fd1   Thumb Code   190  matrix_key.o(i.Matrix_Key_Init)
    Matrix_Key_Scan                          0x080050a5   Thumb Code   502  matrix_key.o(i.Matrix_Key_Scan)
    MemManage_Handler                        0x080052a5   Thumb Code     2  stm32f4xx_it.o(i.MemManage_Handler)
    NMI_Handler                              0x080052a7   Thumb Code     2  stm32f4xx_it.o(i.NMI_Handler)
    Osci_Show                                0x080052c9   Thumb Code   680  osci.o(i.Osci_Show)
    PendSV_Handler                           0x080055c1   Thumb Code     2  stm32f4xx_it.o(i.PendSV_Handler)
    Power_Init                               0x080055c5   Thumb Code    70  power.o(i.Power_Init)
    Relay_Control                            0x08005619   Thumb Code    12  relay.o(i.Relay_Control)
    Relay_Init                               0x08005629   Thumb Code    72  relay.o(i.Relay_Init)
    Run_Mode_Fast_Enter                      0x080056f9   Thumb Code    64  run_fast.o(i.Run_Mode_Fast_Enter)
    Run_Mode_Fast_Exit                       0x08005751   Thumb Code     6  run_fast.o(i.Run_Mode_Fast_Exit)
    Run_Mode_Fast_Init                       0x08005759   Thumb Code    48  run_fast.o(i.Run_Mode_Fast_Init)
    Run_Mode_Fast_Run                        0x0800579d   Thumb Code  1304  run_fast.o(i.Run_Mode_Fast_Run)
    Run_Mode_Init                            0x08005cbd   Thumb Code    30  run_mode.o(i.Run_Mode_Init)
    Run_Mode_Manual_Enter                    0x08005ce5   Thumb Code    60  run_manual.o(i.Run_Mode_Manual_Enter)
    Run_Mode_Manual_Exit                     0x08005d41   Thumb Code     6  run_manual.o(i.Run_Mode_Manual_Exit)
    Run_Mode_Manual_Init                     0x08005d49   Thumb Code    30  run_manual.o(i.Run_Mode_Manual_Init)
    Run_Mode_Manual_Run                      0x08005d7d   Thumb Code   654  run_manual.o(i.Run_Mode_Manual_Run)
    Run_Mode_Slow_Enter                      0x080060d1   Thumb Code    64  run_slow.o(i.Run_Mode_Slow_Enter)
    Run_Mode_Slow_Exit                       0x08006129   Thumb Code     6  run_slow.o(i.Run_Mode_Slow_Exit)
    Run_Mode_Slow_Init                       0x08006131   Thumb Code    48  run_slow.o(i.Run_Mode_Slow_Init)
    Run_Mode_Slow_Run                        0x08006175   Thumb Code  1248  run_slow.o(i.Run_Mode_Slow_Run)
    Run_Mode_Static_Enter                    0x0800665d   Thumb Code    54  run_static.o(i.Run_Mode_Static_Enter)
    Run_Mode_Static_Exit                     0x080066ad   Thumb Code     2  run_static.o(i.Run_Mode_Static_Exit)
    Run_Mode_Static_Init                     0x080066b1   Thumb Code    36  run_static.o(i.Run_Mode_Static_Init)
    Run_Mode_Static_Run                      0x080066e9   Thumb Code   496  run_static.o(i.Run_Mode_Static_Run)
    Run_Mode_Stop_Enter                      0x08006935   Thumb Code    62  run_stop.o(i.Run_Mode_Stop_Enter)
    Run_Mode_Stop_Exit                       0x08006991   Thumb Code     2  run_stop.o(i.Run_Mode_Stop_Exit)
    Run_Mode_Stop_Init                       0x08006995   Thumb Code    16  run_stop.o(i.Run_Mode_Stop_Init)
    Run_Mode_Stop_Run                        0x080069b5   Thumb Code     2  run_stop.o(i.Run_Mode_Stop_Run)
    SPI1_IRQHandler                          0x080069b9   Thumb Code     6  stm32f4xx_it.o(i.SPI1_IRQHandler)
    SVC_Handler                              0x08006b51   Thumb Code     2  stm32f4xx_it.o(i.SVC_Handler)
    Soft_Delay_Us                            0x08006b53   Thumb Code    24  core.o(i.Soft_Delay_Us)
    SysTick_Handler                          0x08006b6d   Thumb Code    78  stm32f4xx_it.o(i.SysTick_Handler)
    SystemClock_Config                       0x08006bd5   Thumb Code   126  core.o(i.SystemClock_Config)
    SystemInit                               0x08006c5d   Thumb Code    22  system_stm32f4xx.o(i.SystemInit)
    TIM2_IRQHandler                          0x08006c79   Thumb Code   142  stm32f4xx_it.o(i.TIM2_IRQHandler)
    TIM3_IRQHandler                          0x08006d15   Thumb Code   218  stm32f4xx_it.o(i.TIM3_IRQHandler)
    TIM4_IRQHandler                          0x08006e01   Thumb Code   142  stm32f4xx_it.o(i.TIM4_IRQHandler)
    TIM_Base_SetConfig                       0x08006e9d   Thumb Code   156  stm32f4xx_hal_tim.o(i.TIM_Base_SetConfig)
    TIM_ETR_SetConfig                        0x08006f65   Thumb Code    20  stm32f4xx_hal_tim.o(i.TIM_ETR_SetConfig)
    Touch_Key_Init                           0x08006fd1   Thumb Code   184  touch_key.o(i.Touch_Key_Init)
    Touch_Key_Scan                           0x0800709d   Thumb Code   330  touch_key.o(i.Touch_Key_Scan)
    Tripod_Init                              0x080071ed   Thumb Code   432  tripod.o(i.Tripod_Init)
    Tripod_Key_Scan                          0x080073c1   Thumb Code   120  tripod.o(i.Tripod_Key_Scan)
    Tripod_X_Angle                           0x08007441   Thumb Code    88  tripod.o(i.Tripod_X_Angle)
    Tripod_X_Coord                           0x080074a1   Thumb Code    76  tripod.o(i.Tripod_X_Coord)
    Tripod_X_Dir                             0x08007501   Thumb Code    30  tripod.o(i.Tripod_X_Dir)
    Tripod_X_Go_Mechzero                     0x08007525   Thumb Code   140  tripod.o(i.Tripod_X_Go_Mechzero)
    Tripod_X_Step                            0x080075b9   Thumb Code    60  tripod.o(i.Tripod_X_Step)
    Tripod_Y_Angle                           0x08007601   Thumb Code    88  tripod.o(i.Tripod_Y_Angle)
    Tripod_Y_Coord                           0x08007661   Thumb Code   138  tripod.o(i.Tripod_Y_Coord)
    Tripod_Y_Dir                             0x08007701   Thumb Code    34  tripod.o(i.Tripod_Y_Dir)
    Tripod_Y_Go_Mechzero                     0x08007729   Thumb Code   138  tripod.o(i.Tripod_Y_Go_Mechzero)
    Tripod_Y_Step                            0x080077bd   Thumb Code    60  tripod.o(i.Tripod_Y_Step)
    UART4_IRQHandler                         0x08007805   Thumb Code     6  stm32f4xx_it.o(i.UART4_IRQHandler)
    UART5_IRQHandler                         0x08007811   Thumb Code    58  stm32f4xx_it.o(i.UART5_IRQHandler)
    USART1_IRQHandler                        0x08007be1   Thumb Code    56  stm32f4xx_it.o(i.USART1_IRQHandler)
    UsageFault_Handler                       0x08007c21   Thumb Code     2  stm32f4xx_it.o(i.UsageFault_Handler)
    Vision_Dat_Explan                        0x08007c25   Thumb Code   134  vision.o(i.Vision_Dat_Explan)
    Vision_Send_Cmd                          0x08007cb1   Thumb Code    40  vision.o(i.Vision_Send_Cmd)
    Voice_Busy_Scan                          0x08007ce1   Thumb Code    24  voice.o(i.Voice_Busy_Scan)
    Voice_Init                               0x08007cfd   Thumb Code    60  voice.o(i.Voice_Init)
    Voice_Play                               0x08007d45   Thumb Code    54  voice.o(i.Voice_Play)
    __0vsnprintf                             0x08007d89   Thumb Code    40  printfa.o(i.__0vsnprintf)
    __1vsnprintf                             0x08007d89   Thumb Code     0  printfa.o(i.__0vsnprintf)
    __2vsnprintf                             0x08007d89   Thumb Code     0  printfa.o(i.__0vsnprintf)
    __c89vsnprintf                           0x08007d89   Thumb Code     0  printfa.o(i.__0vsnprintf)
    vsnprintf                                0x08007d89   Thumb Code     0  printfa.o(i.__0vsnprintf)
    __ARM_fpclassify                         0x08007db5   Thumb Code    48  fpclassify.o(i.__ARM_fpclassify)
    __hardfp_atan                            0x08007de9   Thumb Code   622  atan.o(i.__hardfp_atan)
    __hardfp_atan2                           0x080080c1   Thumb Code   432  atan2.o(i.__hardfp_atan2)
    __hardfp_hypot                           0x080082b1   Thumb Code   846  hypot.o(i.__hardfp_hypot)
    __kernel_poly                            0x08008629   Thumb Code   248  poly.o(i.__kernel_poly)
    __mathlib_dbl_infnan                     0x08008721   Thumb Code    20  dunder.o(i.__mathlib_dbl_infnan)
    __mathlib_dbl_infnan2                    0x08008735   Thumb Code    20  dunder.o(i.__mathlib_dbl_infnan2)
    __mathlib_dbl_overflow                   0x08008749   Thumb Code    24  dunder.o(i.__mathlib_dbl_overflow)
    __mathlib_dbl_underflow                  0x08008769   Thumb Code    24  dunder.o(i.__mathlib_dbl_underflow)
    __scatterload_copy                       0x08008789   Thumb Code    14  handlers.o(i.__scatterload_copy)
    __scatterload_null                       0x08008797   Thumb Code     2  handlers.o(i.__scatterload_null)
    __scatterload_zeroinit                   0x08008799   Thumb Code    14  handlers.o(i.__scatterload_zeroinit)
    __set_errno                              0x080087a9   Thumb Code     6  errno.o(i.__set_errno)
    atan                                     0x0800907d   Thumb Code    16  atan.o(i.atan)
    fabs                                     0x0800908d   Thumb Code    24  fabs.o(i.fabs)
    free                                     0x080090a5   Thumb Code    76  malloc.o(i.free)
    main                                     0x080090f5   Thumb Code  1700  main.o(i.main)
    malloc                                   0x080097ad   Thumb Code    92  malloc.o(i.malloc)
    sqrt                                     0x08009819   Thumb Code   110  sqrt.o(i.sqrt)
    AHBPrescTable                            0x0800988e   Data          16  system_stm32f4xx.o(.constdata)
    APBPrescTable                            0x0800989e   Data           8  system_stm32f4xx.o(.constdata)
    asc2_3216                                0x080098a6   Data        6080  sys_font.o(.constdata)
    asc2_1608                                0x0800b066   Data        1520  sys_font.o(.constdata)
    ZH_1616                                  0x0800b656   Data          96  sys_font.o(.constdata)
    armBitRevTable                           0x0800b6b6   Data        2048  arm_common_tables.o(.constdata)
    twiddleCoef_4096                         0x0800beb8   Data       32768  arm_common_tables.o(.constdata)
    __mathlib_zero                           0x08013f50   Data           8  qnan.o(.constdata)
    Region$$Table$$Base                      0x08013f58   Number         0  anon$$obj.o(Region$$Table)
    Region$$Table$$Limit                     0x08013f78   Number         0  anon$$obj.o(Region$$Table)
    main_1ms_flag                            0x20000000   Data           1  main.o(.data)
    run_time                                 0x20000004   Data           4  main.o(.data)
    uart5_receive_num                        0x20000010   Data           1  usart.o(.data)
    uwTickFreq                               0x20000014   Data           1  stm32f4xx_hal.o(.data)
    uwTickPrio                               0x20000018   Data           4  stm32f4xx_hal.o(.data)
    uwTick                                   0x2000001c   Data           4  stm32f4xx_hal.o(.data)
    SystemCoreClock                          0x20000020   Data           4  system_stm32f4xx.o(.data)
    LED0                                     0x20000024   Data           8  led.o(.data)
    LED1                                     0x2000002c   Data           8  led.o(.data)
    LED2                                     0x20000034   Data           8  led.o(.data)
    LED3                                     0x2000003c   Data           8  led.o(.data)
    LED4                                     0x20000044   Data           8  led.o(.data)
    LED5                                     0x2000004c   Data           8  led.o(.data)
    LED6                                     0x20000054   Data           8  led.o(.data)
    LED7                                     0x2000005c   Data           8  led.o(.data)
    BEEP_Pin                                 0x20000064   Data           8  beep.o(.data)
    LCD_BACKGROUND                           0x2000006c   Data           2  lcd.o(.data)
    LCD_TYPEFACE                             0x2000006e   Data           2  lcd.o(.data)
    LCD_DC_Pin                               0x20000070   Data           8  lcd.o(.data)
    LCD_CS_Pin                               0x20000078   Data           8  lcd.o(.data)
    LCD_RST_Pin                              0x20000080   Data           8  lcd.o(.data)
    Touch_Key_Value                          0x20000088   Data           1  touch_key.o(.data)
    Touch_Key_Up                             0x20000090   Data           8  touch_key.o(.data)
    Touch_Key_Down                           0x20000098   Data           8  touch_key.o(.data)
    Touch_Key_Left                           0x200000a0   Data           8  touch_key.o(.data)
    Touch_Key_Right                          0x200000a8   Data           8  touch_key.o(.data)
    Touch_Key_A                              0x200000b0   Data           8  touch_key.o(.data)
    Touch_Key_B                              0x200000b8   Data           8  touch_key.o(.data)
    Touch_Key_C                              0x200000c0   Data           8  touch_key.o(.data)
    Touch_Key_D                              0x200000c8   Data           8  touch_key.o(.data)
    voice_is_busy                            0x200000d8   Data           1  voice.o(.data)
    Voice_Busy_Pin                           0x200000dc   Data           8  voice.o(.data)
    MAX485_Pin                               0x200000e4   Data           8  diwen_lcd.o(.data)
    Infared_Pin                              0x200000ec   Data           8  infared.o(.data)
    Infared                                  0x200000f4   Data           8  infared.o(.data)
    Y_OFFSET                                 0x20000100   Data           2  tripod.o(.data)
    Tripod_X_DIR                             0x20000104   Data           8  tripod.o(.data)
    Tripod_X_EN                              0x2000010c   Data           8  tripod.o(.data)
    Tripod_X_STEP                            0x20000114   Data           8  tripod.o(.data)
    Tripod_X_LIMIT                           0x2000011c   Data           8  tripod.o(.data)
    Tripod_Y_DIR                             0x20000124   Data           8  tripod.o(.data)
    Tripod_Y_EN                              0x2000012c   Data           8  tripod.o(.data)
    Tripod_Y_STEP                            0x20000134   Data           8  tripod.o(.data)
    Tripod_Y_LIMIT                           0x2000013c   Data           8  tripod.o(.data)
    Matrix_Key_Value                         0x20000149   Data           1  matrix_key.o(.data)
    Power_Pin                                0x20000150   Data           8  power.o(.data)
    Relay_Pin                                0x20000158   Data           8  relay.o(.data)
    Run_Manual                               0x20000160   Data           8  run_manual.o(.data)
    enter_voice_flag                         0x20000168   Data           1  run_mode.o(.data)
    Run_Mode_Now                             0x2000016c   Data           4  run_mode.o(.data)
    select_color                             0x20000170   Data           1  logic.o(.data)
    select_shape                             0x20000171   Data           1  logic.o(.data)
    manual_claib_finish                      0x20000172   Data           1  logic.o(.data)
    ColorStr                                 0x20000184   Data          32  logic.o(.data)
    ShapeStr                                 0x200001a4   Data          80  logic.o(.data)
    ColorStrZh                               0x200001f4   Data          32  logic.o(.data)
    ShapeStrZh                               0x20000214   Data          80  logic.o(.data)
    adc_get_flag                             0x20000264   Data           1  osci.o(.data)
    tim_prescaler                            0x20000268   Data           4  osci.o(.data)
    tim_period                               0x2000026c   Data           4  osci.o(.data)
    adc_value                                0x20000270   Data           4  osci.o(.data)
    __microlib_freelist                      0x20000274   Data           4  mvars.o(.data)
    __microlib_freelist_initialised          0x20000278   Data           4  mvars.o(.data)
    hspi1                                    0x20000280   Data          88  spi.o(.bss)
    hdma_spi1_tx                             0x200002d8   Data          96  spi.o(.bss)
    huart4                                   0x20000338   Data          64  usart.o(.bss)
    huart5                                   0x20000378   Data          64  usart.o(.bss)
    huart1                                   0x200003b8   Data          64  usart.o(.bss)
    hdma_usart1_rx                           0x200003f8   Data          96  usart.o(.bss)
    hdma_usart1_tx                           0x20000458   Data          96  usart.o(.bss)
    htim2                                    0x200004b8   Data          64  tim.o(.bss)
    htim3                                    0x200004f8   Data          64  tim.o(.bss)
    htim4                                    0x20000538   Data          64  tim.o(.bss)
    htim8                                    0x20000578   Data          64  tim.o(.bss)
    hadc1                                    0x200005b8   Data          72  adc.o(.bss)
    hdma_adc1                                0x20000600   Data          96  adc.o(.bss)
    mUserLcdData                             0x20000660   Data        8206  lcd.o(.bss)
    Vision_Receive                           0x2000266e   Data          51  vision.o(.bss)
    Vision_Coord                             0x200026a2   Data          42  vision.o(.bss)
    mUserUartLcdData                         0x200026cc   Data        6406  diwen_lcd.o(.bss)
    DiWenLcd_Receive                         0x20003fd2   Data          51  diwen_lcd.o(.bss)
    Tripod_X                                 0x20004008   Data          20  tripod.o(.bss)
    Tripod_Y                                 0x2000401c   Data          20  tripod.o(.bss)
    Matrix_Key_Row                           0x20004030   Data          40  matrix_key.o(.bss)
    Matrix_Key_List                          0x20004058   Data          32  matrix_key.o(.bss)
    Run_Fast                                 0x20004078   Data          60  run_fast.o(.bss)
    Run_Mode_Stop                            0x200040b4   Data          12  run_mode.o(.bss)
    Run_Mode_Static                          0x200040c0   Data          12  run_mode.o(.bss)
    Run_Mode_Slow                            0x200040cc   Data          12  run_mode.o(.bss)
    Run_Mode_Fast                            0x200040d8   Data          12  run_mode.o(.bss)
    Run_Mode_Manual                          0x200040e4   Data          12  run_mode.o(.bss)
    Run_Slow                                 0x200040f0   Data          60  run_slow.o(.bss)
    Run_Static                               0x2000412c   Data          52  run_static.o(.bss)
    scfft                                    0x20004160   Data          20  osci.o(.bss)
    __heap_base                              0x20004178   Data           0  startup_stm32f407xx.o(HEAP)
    __heap_limit                             0x20006978   Data           0  startup_stm32f407xx.o(HEAP)
    __initial_sp                             0x20009178   Data           0  startup_stm32f407xx.o(STACK)



==============================================================================

Memory Map of the image

  Image Entry point : 0x08000189

  Load Region LR_IROM1 (Base: 0x08000000, Size: 0x000141f8, Max: 0x00100000, ABSOLUTE, COMPRESSED[0x00014004])

    Execution Region ER_IROM1 (Exec base: 0x08000000, Load base: 0x08000000, Size: 0x00013f78, Max: 0x00100000, ABSOLUTE)

    Exec Addr    Load Addr    Size         Type   Attr      Idx    E Section Name        Object

    0x08000000   0x08000000   0x00000188   Data   RO            3    RESET               startup_stm32f407xx.o
    0x08000188   0x08000188   0x00000000   Code   RO         4885  * .ARM.Collect$$$$00000000  mc_w.l(entry.o)
    0x08000188   0x08000188   0x00000004   Code   RO         5009    .ARM.Collect$$$$00000001  mc_w.l(entry2.o)
    0x0800018c   0x0800018c   0x00000004   Code   RO         5012    .ARM.Collect$$$$00000004  mc_w.l(entry5.o)
    0x08000190   0x08000190   0x00000000   Code   RO         5014    .ARM.Collect$$$$00000008  mc_w.l(entry7b.o)
    0x08000190   0x08000190   0x00000000   Code   RO         5016    .ARM.Collect$$$$0000000A  mc_w.l(entry8b.o)
    0x08000190   0x08000190   0x00000008   Code   RO         5017    .ARM.Collect$$$$0000000B  mc_w.l(entry9a.o)
    0x08000198   0x08000198   0x00000000   Code   RO         5019    .ARM.Collect$$$$0000000D  mc_w.l(entry10a.o)
    0x08000198   0x08000198   0x00000000   Code   RO         5021    .ARM.Collect$$$$0000000F  mc_w.l(entry11a.o)
    0x08000198   0x08000198   0x00000004   Code   RO         5010    .ARM.Collect$$$$00002712  mc_w.l(entry2.o)
    0x0800019c   0x0800019c   0x00000024   Code   RO            4    .text               startup_stm32f407xx.o
    0x080001c0   0x080001c0   0x000000f0   Code   RO         4643    .text               arm_cortexM4lf_math.lib(arm_cmplx_mag_f32.o)
    0x080002b0   0x080002b0   0x000006a0   Code   RO         4688    .text               arm_cortexM4lf_math.lib(arm_cfft_radix4_f32.o)
    0x08000950   0x08000950   0x000000c0   Code   RO         4708    .text               arm_cortexM4lf_math.lib(arm_cfft_radix4_init_f32.o)
    0x08000a10   0x08000a10   0x000000d4   Code   RO         4732    .text               arm_cortexM4lf_math.lib(arm_max_f32.o)
    0x08000ae4   0x08000ae4   0x00000098   Code   RO         4752    .text               arm_cortexM4lf_math.lib(arm_max_q31.o)
    0x08000b7c   0x08000b7c   0x00000098   Code   RO         4772    .text               arm_cortexM4lf_math.lib(arm_min_q31.o)
    0x08000c14   0x08000c14   0x000001e6   Code   RO         4792    .text               arm_cortexM4lf_math.lib(arm_bitreversal.o)
    0x08000dfa   0x08000dfa   0x00000062   Code   RO         4888    .text               mc_w.l(uldiv.o)
    0x08000e5c   0x08000e5c   0x00000024   Code   RO         4890    .text               mc_w.l(memcpya.o)
    0x08000e80   0x08000e80   0x00000024   Code   RO         4892    .text               mc_w.l(memseta.o)
    0x08000ea4   0x08000ea4   0x0000000e   Code   RO         4894    .text               mc_w.l(strlen.o)
    0x08000eb2   0x08000eb2   0x00000022   Code   RO         4954    .text               mf_w.l(dflti.o)
    0x08000ed4   0x08000ed4   0x00000026   Code   RO         4956    .text               mf_w.l(f2d.o)
    0x08000efa   0x08000efa   0x00000038   Code   RO         4958    .text               mf_w.l(d2f.o)
    0x08000f32   0x08000f32   0x0000002c   Code   RO         5026    .text               mc_w.l(uidiv.o)
    0x08000f5e   0x08000f5e   0x0000001e   Code   RO         5028    .text               mc_w.l(llshl.o)
    0x08000f7c   0x08000f7c   0x00000020   Code   RO         5030    .text               mc_w.l(llushr.o)
    0x08000f9c   0x08000f9c   0x00000000   Code   RO         5041    .text               mc_w.l(iusefp.o)
    0x08000f9c   0x08000f9c   0x0000006e   Code   RO         5042    .text               mf_w.l(fepilogue.o)
    0x0800100a   0x0800100a   0x000000ba   Code   RO         5044    .text               mf_w.l(depilogue.o)
    0x080010c4   0x080010c4   0x0000014e   Code   RO         5046    .text               mf_w.l(dadd.o)
    0x08001212   0x08001212   0x000000e4   Code   RO         5048    .text               mf_w.l(dmul.o)
    0x080012f6   0x080012f6   0x000000de   Code   RO         5050    .text               mf_w.l(ddiv.o)
    0x080013d4   0x080013d4   0x00000030   Code   RO         5054    .text               mf_w.l(dfixul.o)
    0x08001404   0x08001404   0x00000030   Code   RO         5056    .text               mf_w.l(cdrcmple.o)
    0x08001434   0x08001434   0x00000024   Code   RO         5060    .text               mc_w.l(init.o)
    0x08001458   0x08001458   0x00000024   Code   RO         5063    .text               mc_w.l(llsshr.o)
    0x0800147c   0x0800147c   0x000000a2   Code   RO         5066    .text               mf_w.l(dsqrt.o)
    0x0800151e   0x0800151e   0x00000056   Code   RO         5078    .text               mc_w.l(__dczerorl2.o)
    0x08001574   0x08001574   0x0000006e   Code   RO         3357    i.ADC_DMAConvCplt   stm32f4xx_hal_adc.o
    0x080015e2   0x080015e2   0x00000016   Code   RO         3358    i.ADC_DMAError      stm32f4xx_hal_adc.o
    0x080015f8   0x080015f8   0x0000000a   Code   RO         3359    i.ADC_DMAHalfConvCplt  stm32f4xx_hal_adc.o
    0x08001602   0x08001602   0x00000002   PAD
    0x08001604   0x08001604   0x00000128   Code   RO         3360    i.ADC_Init          stm32f4xx_hal_adc.o
    0x0800172c   0x0800172c   0x00000010   Code   RO         3693    i.Beep_Control      beep.o
    0x0800173c   0x0800173c   0x00000058   Code   RO         3694    i.Beep_Init         beep.o
    0x08001794   0x08001794   0x00000002   Code   RO          352    i.BusFault_Handler  stm32f4xx_it.o
    0x08001796   0x08001796   0x00000002   PAD
    0x08001798   0x08001798   0x0000000c   Code   RO          353    i.DMA2_Stream0_IRQHandler  stm32f4xx_it.o
    0x080017a4   0x080017a4   0x0000000c   Code   RO          354    i.DMA2_Stream2_IRQHandler  stm32f4xx_it.o
    0x080017b0   0x080017b0   0x0000000c   Code   RO          355    i.DMA2_Stream3_IRQHandler  stm32f4xx_it.o
    0x080017bc   0x080017bc   0x0000000c   Code   RO          356    i.DMA2_Stream7_IRQHandler  stm32f4xx_it.o
    0x080017c8   0x080017c8   0x00000028   Code   RO         1452    i.DMA_CalcBaseAndBitshift  stm32f4xx_hal_dma.o
    0x080017f0   0x080017f0   0x00000054   Code   RO         1453    i.DMA_CheckFifoParam  stm32f4xx_hal_dma.o
    0x08001844   0x08001844   0x00000028   Code   RO         1454    i.DMA_SetConfig     stm32f4xx_hal_dma.o
    0x0800186c   0x0800186c   0x00000002   Code   RO          357    i.DebugMon_Handler  stm32f4xx_it.o
    0x0800186e   0x0800186e   0x00000002   PAD
    0x08001870   0x08001870   0x00000080   Code   RO         3988    i.DiWenLcd_Append_Str  diwen_lcd.o
    0x080018f0   0x080018f0   0x0000005c   Code   RO         3989    i.DiWenLcd_Cmd_Data  diwen_lcd.o
    0x0800194c   0x0800194c   0x000000e4   Code   RO         3990    i.DiWenLcd_Init     diwen_lcd.o
    0x08001a30   0x08001a30   0x00000024   Code   RO         3991    i.DiWenLcd_Printf   diwen_lcd.o
    0x08001a54   0x08001a54   0x00000070   Code   RO         3992    i.DiWenLcd_Send_Data  diwen_lcd.o
    0x08001ac4   0x08001ac4   0x0000006c   Code   RO         3993    i.DiWenLcd_Show_Page  diwen_lcd.o
    0x08001b30   0x08001b30   0x00000060   Code   RO         3994    i.DiWenLcd_Show_RunState  diwen_lcd.o
    0x08001b90   0x08001b90   0x00000064   Code   RO         3995    i.DiWen_Dat_Explan  diwen_lcd.o
    0x08001bf4   0x08001bf4   0x00000002   Code   RO          526    i.Error_Handler     core.o
    0x08001bf6   0x08001bf6   0x00000002   PAD
    0x08001bf8   0x08001bf8   0x0000014c   Code   RO         3362    i.HAL_ADC_ConfigChannel  stm32f4xx_hal_adc.o
    0x08001d44   0x08001d44   0x0000000c   Code   RO          358    i.HAL_ADC_ConvCpltCallback  stm32f4xx_it.o
    0x08001d50   0x08001d50   0x00000002   Code   RO         3364    i.HAL_ADC_ConvHalfCpltCallback  stm32f4xx_hal_adc.o
    0x08001d52   0x08001d52   0x00000002   Code   RO         3366    i.HAL_ADC_ErrorCallback  stm32f4xx_hal_adc.o
    0x08001d54   0x08001d54   0x00000054   Code   RO         3371    i.HAL_ADC_Init      stm32f4xx_hal_adc.o
    0x08001da8   0x08001da8   0x00000098   Code   RO          666    i.HAL_ADC_MspInit   adc.o
    0x08001e40   0x08001e40   0x00000154   Code   RO         3378    i.HAL_ADC_Start_DMA  stm32f4xx_hal_adc.o
    0x08001f94   0x08001f94   0x0000006c   Code   RO         3381    i.HAL_ADC_Stop_DMA  stm32f4xx_hal_adc.o
    0x08002000   0x08002000   0x0000008e   Code   RO         1455    i.HAL_DMA_Abort     stm32f4xx_hal_dma.o
    0x0800208e   0x0800208e   0x00000024   Code   RO         1456    i.HAL_DMA_Abort_IT  stm32f4xx_hal_dma.o
    0x080020b2   0x080020b2   0x00000006   Code   RO         1459    i.HAL_DMA_GetState  stm32f4xx_hal_dma.o
    0x080020b8   0x080020b8   0x000001a0   Code   RO         1460    i.HAL_DMA_IRQHandler  stm32f4xx_hal_dma.o
    0x08002258   0x08002258   0x000000d4   Code   RO         1461    i.HAL_DMA_Init      stm32f4xx_hal_dma.o
    0x0800232c   0x0800232c   0x0000006e   Code   RO         1465    i.HAL_DMA_Start_IT  stm32f4xx_hal_dma.o
    0x0800239a   0x0800239a   0x00000002   PAD
    0x0800239c   0x0800239c   0x00000024   Code   RO         1858    i.HAL_Delay         stm32f4xx_hal.o
    0x080023c0   0x080023c0   0x000001b4   Code   RO         1356    i.HAL_GPIO_Init     stm32f4xx_hal_gpio.o
    0x08002574   0x08002574   0x0000000a   Code   RO         1358    i.HAL_GPIO_ReadPin  stm32f4xx_hal_gpio.o
    0x0800257e   0x0800257e   0x0000000e   Code   RO         1359    i.HAL_GPIO_TogglePin  stm32f4xx_hal_gpio.o
    0x0800258c   0x0800258c   0x0000000a   Code   RO         1360    i.HAL_GPIO_WritePin  stm32f4xx_hal_gpio.o
    0x08002596   0x08002596   0x00000002   PAD
    0x08002598   0x08002598   0x0000000c   Code   RO         1864    i.HAL_GetTick       stm32f4xx_hal.o
    0x080025a4   0x080025a4   0x00000010   Code   RO         1870    i.HAL_IncTick       stm32f4xx_hal.o
    0x080025b4   0x080025b4   0x00000034   Code   RO         1871    i.HAL_Init          stm32f4xx_hal.o
    0x080025e8   0x080025e8   0x00000040   Code   RO         1872    i.HAL_InitTick      stm32f4xx_hal.o
    0x08002628   0x08002628   0x00000030   Code   RO          506    i.HAL_MspInit       stm32f4xx_hal_msp.o
    0x08002658   0x08002658   0x00000016   Code   RO         1724    i.HAL_NVIC_DisableIRQ  stm32f4xx_hal_cortex.o
    0x0800266e   0x0800266e   0x00000016   Code   RO         1725    i.HAL_NVIC_EnableIRQ  stm32f4xx_hal_cortex.o
    0x08002684   0x08002684   0x00000040   Code   RO         1731    i.HAL_NVIC_SetPriority  stm32f4xx_hal_cortex.o
    0x080026c4   0x080026c4   0x00000024   Code   RO         1732    i.HAL_NVIC_SetPriorityGrouping  stm32f4xx_hal_cortex.o
    0x080026e8   0x080026e8   0x00000134   Code   RO         1022    i.HAL_RCC_ClockConfig  stm32f4xx_hal_rcc.o
    0x0800281c   0x0800281c   0x00000020   Code   RO         1029    i.HAL_RCC_GetPCLK1Freq  stm32f4xx_hal_rcc.o
    0x0800283c   0x0800283c   0x00000020   Code   RO         1030    i.HAL_RCC_GetPCLK2Freq  stm32f4xx_hal_rcc.o
    0x0800285c   0x0800285c   0x00000060   Code   RO         1031    i.HAL_RCC_GetSysClockFreq  stm32f4xx_hal_rcc.o
    0x080028bc   0x080028bc   0x00000348   Code   RO         1034    i.HAL_RCC_OscConfig  stm32f4xx_hal_rcc.o
    0x08002c04   0x08002c04   0x00000002   Code   RO          710    i.HAL_SPI_ErrorCallback  stm32f4xx_hal_spi.o
    0x08002c06   0x08002c06   0x00000002   PAD
    0x08002c08   0x08002c08   0x000000fc   Code   RO          713    i.HAL_SPI_IRQHandler  stm32f4xx_hal_spi.o
    0x08002d04   0x08002d04   0x00000080   Code   RO          714    i.HAL_SPI_Init      stm32f4xx_hal_spi.o
    0x08002d84   0x08002d84   0x000000b0   Code   RO          315    i.HAL_SPI_MspInit   spi.o
    0x08002e34   0x08002e34   0x000000cc   Code   RO          726    i.HAL_SPI_Transmit_DMA  stm32f4xx_hal_spi.o
    0x08002f00   0x08002f00   0x00000002   Code   RO          728    i.HAL_SPI_TxCpltCallback  stm32f4xx_hal_spi.o
    0x08002f02   0x08002f02   0x00000002   Code   RO          729    i.HAL_SPI_TxHalfCpltCallback  stm32f4xx_hal_spi.o
    0x08002f04   0x08002f04   0x00000028   Code   RO         1736    i.HAL_SYSTICK_Config  stm32f4xx_hal_cortex.o
    0x08002f2c   0x08002f2c   0x00000002   Code   RO         2774    i.HAL_TIMEx_BreakCallback  stm32f4xx_hal_tim_ex.o
    0x08002f2e   0x08002f2e   0x00000002   Code   RO         2775    i.HAL_TIMEx_CommutCallback  stm32f4xx_hal_tim_ex.o
    0x08002f30   0x08002f30   0x00000090   Code   RO         2792    i.HAL_TIMEx_MasterConfigSynchronization  stm32f4xx_hal_tim_ex.o
    0x08002fc0   0x08002fc0   0x00000036   Code   RO         2103    i.HAL_TIM_Base_Init  stm32f4xx_hal_tim.o
    0x08002ff6   0x08002ff6   0x00000002   PAD
    0x08002ff8   0x08002ff8   0x000000a4   Code   RO          610    i.HAL_TIM_Base_MspInit  tim.o
    0x0800309c   0x0800309c   0x00000024   Code   RO         2106    i.HAL_TIM_Base_Start  stm32f4xx_hal_tim.o
    0x080030c0   0x080030c0   0x00000022   Code   RO         2108    i.HAL_TIM_Base_Start_IT  stm32f4xx_hal_tim.o
    0x080030e2   0x080030e2   0x0000002c   Code   RO         2109    i.HAL_TIM_Base_Stop  stm32f4xx_hal_tim.o
    0x0800310e   0x0800310e   0x0000002a   Code   RO         2111    i.HAL_TIM_Base_Stop_IT  stm32f4xx_hal_tim.o
    0x08003138   0x08003138   0x000000d6   Code   RO         2112    i.HAL_TIM_ConfigClockSource  stm32f4xx_hal_tim.o
    0x0800320e   0x0800320e   0x00000002   Code   RO         2132    i.HAL_TIM_IC_CaptureCallback  stm32f4xx_hal_tim.o
    0x08003210   0x08003210   0x00000166   Code   RO         2146    i.HAL_TIM_IRQHandler  stm32f4xx_hal_tim.o
    0x08003376   0x08003376   0x00000002   Code   RO         2149    i.HAL_TIM_OC_DelayElapsedCallback  stm32f4xx_hal_tim.o
    0x08003378   0x08003378   0x00000002   Code   RO         2176    i.HAL_TIM_PWM_PulseFinishedCallback  stm32f4xx_hal_tim.o
    0x0800337a   0x0800337a   0x00000002   Code   RO         2184    i.HAL_TIM_PeriodElapsedCallback  stm32f4xx_hal_tim.o
    0x0800337c   0x0800337c   0x00000002   Code   RO         2189    i.HAL_TIM_TriggerCallback  stm32f4xx_hal_tim.o
    0x0800337e   0x0800337e   0x00000058   Code   RO         3040    i.HAL_UART_DMAStop  stm32f4xx_hal_uart.o
    0x080033d6   0x080033d6   0x00000002   Code   RO         3042    i.HAL_UART_ErrorCallback  stm32f4xx_hal_uart.o
    0x080033d8   0x080033d8   0x00000114   Code   RO         3045    i.HAL_UART_IRQHandler  stm32f4xx_hal_uart.o
    0x080034ec   0x080034ec   0x00000062   Code   RO         3046    i.HAL_UART_Init     stm32f4xx_hal_uart.o
    0x0800354e   0x0800354e   0x00000002   PAD
    0x08003550   0x08003550   0x000001cc   Code   RO          559    i.HAL_UART_MspInit  usart.o
    0x0800371c   0x0800371c   0x00000098   Code   RO         3050    i.HAL_UART_Receive_DMA  stm32f4xx_hal_uart.o
    0x080037b4   0x080037b4   0x00000052   Code   RO         3051    i.HAL_UART_Receive_IT  stm32f4xx_hal_uart.o
    0x08003806   0x08003806   0x00000002   PAD
    0x08003808   0x08003808   0x00000030   Code   RO          359    i.HAL_UART_RxCpltCallback  stm32f4xx_it.o
    0x08003838   0x08003838   0x00000002   Code   RO         3053    i.HAL_UART_RxHalfCpltCallback  stm32f4xx_hal_uart.o
    0x0800383a   0x0800383a   0x000000ba   Code   RO         3054    i.HAL_UART_Transmit  stm32f4xx_hal_uart.o
    0x080038f4   0x080038f4   0x00000080   Code   RO         3055    i.HAL_UART_Transmit_DMA  stm32f4xx_hal_uart.o
    0x08003974   0x08003974   0x00000002   Code   RO         3057    i.HAL_UART_TxCpltCallback  stm32f4xx_hal_uart.o
    0x08003976   0x08003976   0x00000002   Code   RO         3058    i.HAL_UART_TxHalfCpltCallback  stm32f4xx_hal_uart.o
    0x08003978   0x08003978   0x00000002   Code   RO          360    i.HardFault_Handler  stm32f4xx_it.o
    0x0800397a   0x0800397a   0x00000002   PAD
    0x0800397c   0x0800397c   0x00000060   Code   RO         4079    i.Infared_Init      infared.o
    0x080039dc   0x080039dc   0x00000034   Code   RO         4081    i.Infared_Send_OK   infared.o
    0x08003a10   0x08003a10   0x000000f8   Code   RO         4082    i.Infared_Soft_Send_Data  infared.o
    0x08003b08   0x08003b08   0x00000050   Code   RO         3725    i.Lcd_Clear         lcd.o
    0x08003b58   0x08003b58   0x00000050   Code   RO         3726    i.Lcd_Clear_Osci    lcd.o
    0x08003ba8   0x08003ba8   0x00000050   Code   RO         3727    i.Lcd_Clear_Print   lcd.o
    0x08003bf8   0x08003bf8   0x00000030   Code   RO         3728    i.Lcd_Draw_Point    lcd.o
    0x08003c28   0x08003c28   0x0000019c   Code   RO         3729    i.Lcd_Init          lcd.o
    0x08003dc4   0x08003dc4   0x0000002a   Code   RO         3730    i.Lcd_Osci_printf   lcd.o
    0x08003dee   0x08003dee   0x00000002   PAD
    0x08003df0   0x08003df0   0x000000ac   Code   RO         3731    i.Lcd_Pin_Init      lcd.o
    0x08003e9c   0x08003e9c   0x00000120   Code   RO         3732    i.Lcd_ShowChar      lcd.o
    0x08003fbc   0x08003fbc   0x0000003e   Code   RO         3733    i.Lcd_ShowString    lcd.o
    0x08003ffa   0x08003ffa   0x00000002   PAD
    0x08003ffc   0x08003ffc   0x000000ac   Code   RO         3734    i.Lcd_ShowZHChar    lcd.o
    0x080040a8   0x080040a8   0x0000003a   Code   RO         3735    i.Lcd_Window_Set    lcd.o
    0x080040e2   0x080040e2   0x00000002   PAD
    0x080040e4   0x080040e4   0x00000034   Code   RO         3736    i.Lcd_Write_Cmd     lcd.o
    0x08004118   0x08004118   0x00000034   Code   RO         3737    i.Lcd_Write_Data    lcd.o
    0x0800414c   0x0800414c   0x0000003c   Code   RO         3738    i.Lcd_Write_Data16  lcd.o
    0x08004188   0x08004188   0x00000034   Code   RO         3739    i.Lcd_Write_Data8   lcd.o
    0x080041bc   0x080041bc   0x0000010c   Code   RO         3740    i.Lcd_printf        lcd.o
    0x080042c8   0x080042c8   0x00000134   Code   RO         3662    i.Led_Init          led.o
    0x080043fc   0x080043fc   0x00000088   Code   RO         4559    i.Logic_Matrix_Key  logic.o
    0x08004484   0x08004484   0x00000310   Code   RO         4560    i.Logic_System_Check  logic.o
    0x08004794   0x08004794   0x00000184   Code   RO         4561    i.Logic_Touch_Key   logic.o
    0x08004918   0x08004918   0x000002b0   Code   RO         4562    i.Logic_Tripod_Calib  logic.o
    0x08004bc8   0x08004bc8   0x00000058   Code   RO         3996    i.MAX485_Init       diwen_lcd.o
    0x08004c20   0x08004c20   0x00000018   Code   RO         3997    i.MAX485_Mode       diwen_lcd.o
    0x08004c38   0x08004c38   0x00000064   Code   RO          667    i.MX_ADC1_Init      adc.o
    0x08004c9c   0x08004c9c   0x0000005c   Code   RO          294    i.MX_DMA_Init       dma.o
    0x08004cf8   0x08004cf8   0x0000004c   Code   RO          267    i.MX_GPIO_Init      gpio.o
    0x08004d44   0x08004d44   0x00000044   Code   RO          316    i.MX_SPI1_Init      spi.o
    0x08004d88   0x08004d88   0x00000064   Code   RO          611    i.MX_TIM2_Init      tim.o
    0x08004dec   0x08004dec   0x00000068   Code   RO          612    i.MX_TIM3_Init      tim.o
    0x08004e54   0x08004e54   0x00000068   Code   RO          613    i.MX_TIM4_Init      tim.o
    0x08004ebc   0x08004ebc   0x0000006c   Code   RO          614    i.MX_TIM8_Init      tim.o
    0x08004f28   0x08004f28   0x00000038   Code   RO          560    i.MX_UART4_Init     usart.o
    0x08004f60   0x08004f60   0x00000038   Code   RO          561    i.MX_UART5_Init     usart.o
    0x08004f98   0x08004f98   0x00000038   Code   RO          562    i.MX_USART1_UART_Init  usart.o
    0x08004fd0   0x08004fd0   0x000000d4   Code   RO         4216    i.Matrix_Key_Init   matrix_key.o
    0x080050a4   0x080050a4   0x00000200   Code   RO         4217    i.Matrix_Key_Scan   matrix_key.o
    0x080052a4   0x080052a4   0x00000002   Code   RO          361    i.MemManage_Handler  stm32f4xx_it.o
    0x080052a6   0x080052a6   0x00000002   Code   RO          362    i.NMI_Handler       stm32f4xx_it.o
    0x080052a8   0x080052a8   0x00000020   Code   RO         1738    i.NVIC_SetPriority  stm32f4xx_hal_cortex.o
    0x080052c8   0x080052c8   0x000002f8   Code   RO         4603    i.Osci_Show         osci.o
    0x080055c0   0x080055c0   0x00000002   Code   RO          363    i.PendSV_Handler    stm32f4xx_it.o
    0x080055c2   0x080055c2   0x00000002   PAD
    0x080055c4   0x080055c4   0x00000054   Code   RO         4250    i.Power_Init        power.o
    0x08005618   0x08005618   0x00000010   Code   RO         4281    i.Relay_Control     relay.o
    0x08005628   0x08005628   0x00000054   Code   RO         4282    i.Relay_Init        relay.o
    0x0800567c   0x0800567c   0x0000007c   Code   RO         3899    i.Res_Sort          vision.o
    0x080056f8   0x080056f8   0x00000058   Code   RO         4313    i.Run_Mode_Fast_Enter  run_fast.o
    0x08005750   0x08005750   0x00000006   Code   RO         4314    i.Run_Mode_Fast_Exit  run_fast.o
    0x08005756   0x08005756   0x00000002   PAD
    0x08005758   0x08005758   0x00000044   Code   RO         4315    i.Run_Mode_Fast_Init  run_fast.o
    0x0800579c   0x0800579c   0x00000520   Code   RO         4316    i.Run_Mode_Fast_Run  run_fast.o
    0x08005cbc   0x08005cbc   0x00000028   Code   RO         4401    i.Run_Mode_Init     run_mode.o
    0x08005ce4   0x08005ce4   0x0000005c   Code   RO         4357    i.Run_Mode_Manual_Enter  run_manual.o
    0x08005d40   0x08005d40   0x00000006   Code   RO         4358    i.Run_Mode_Manual_Exit  run_manual.o
    0x08005d46   0x08005d46   0x00000002   PAD
    0x08005d48   0x08005d48   0x00000034   Code   RO         4359    i.Run_Mode_Manual_Init  run_manual.o
    0x08005d7c   0x08005d7c   0x00000354   Code   RO         4360    i.Run_Mode_Manual_Run  run_manual.o
    0x080060d0   0x080060d0   0x00000058   Code   RO         4433    i.Run_Mode_Slow_Enter  run_slow.o
    0x08006128   0x08006128   0x00000006   Code   RO         4434    i.Run_Mode_Slow_Exit  run_slow.o
    0x0800612e   0x0800612e   0x00000002   PAD
    0x08006130   0x08006130   0x00000044   Code   RO         4435    i.Run_Mode_Slow_Init  run_slow.o
    0x08006174   0x08006174   0x000004e8   Code   RO         4436    i.Run_Mode_Slow_Run  run_slow.o
    0x0800665c   0x0800665c   0x00000050   Code   RO         4477    i.Run_Mode_Static_Enter  run_static.o
    0x080066ac   0x080066ac   0x00000002   Code   RO         4478    i.Run_Mode_Static_Exit  run_static.o
    0x080066ae   0x080066ae   0x00000002   PAD
    0x080066b0   0x080066b0   0x00000038   Code   RO         4479    i.Run_Mode_Static_Init  run_static.o
    0x080066e8   0x080066e8   0x0000024c   Code   RO         4480    i.Run_Mode_Static_Run  run_static.o
    0x08006934   0x08006934   0x0000005c   Code   RO         4521    i.Run_Mode_Stop_Enter  run_stop.o
    0x08006990   0x08006990   0x00000002   Code   RO         4522    i.Run_Mode_Stop_Exit  run_stop.o
    0x08006992   0x08006992   0x00000002   PAD
    0x08006994   0x08006994   0x00000020   Code   RO         4523    i.Run_Mode_Stop_Init  run_stop.o
    0x080069b4   0x080069b4   0x00000002   Code   RO         4524    i.Run_Mode_Stop_Run  run_stop.o
    0x080069b6   0x080069b6   0x00000002   PAD
    0x080069b8   0x080069b8   0x0000000c   Code   RO          364    i.SPI1_IRQHandler   stm32f4xx_it.o
    0x080069c4   0x080069c4   0x00000010   Code   RO          741    i.SPI_DMAAbortOnError  stm32f4xx_hal_spi.o
    0x080069d4   0x080069d4   0x00000022   Code   RO          742    i.SPI_DMAError      stm32f4xx_hal_spi.o
    0x080069f6   0x080069f6   0x0000000a   Code   RO          744    i.SPI_DMAHalfTransmitCplt  stm32f4xx_hal_spi.o
    0x08006a00   0x08006a00   0x00000064   Code   RO          748    i.SPI_DMATransmitCplt  stm32f4xx_hal_spi.o
    0x08006a64   0x08006a64   0x00000058   Code   RO          752    i.SPI_EndRxTxTransaction  stm32f4xx_hal_spi.o
    0x08006abc   0x08006abc   0x00000094   Code   RO          757    i.SPI_WaitFlagStateUntilTimeout  stm32f4xx_hal_spi.o
    0x08006b50   0x08006b50   0x00000002   Code   RO          365    i.SVC_Handler       stm32f4xx_it.o
    0x08006b52   0x08006b52   0x00000018   Code   RO          527    i.Soft_Delay_Us     core.o
    0x08006b6a   0x08006b6a   0x00000002   PAD
    0x08006b6c   0x08006b6c   0x00000068   Code   RO          366    i.SysTick_Handler   stm32f4xx_it.o
    0x08006bd4   0x08006bd4   0x00000088   Code   RO          528    i.SystemClock_Config  core.o
    0x08006c5c   0x08006c5c   0x0000001c   Code   RO         3628    i.SystemInit        system_stm32f4xx.o
    0x08006c78   0x08006c78   0x0000009c   Code   RO          367    i.TIM2_IRQHandler   stm32f4xx_it.o
    0x08006d14   0x08006d14   0x000000ec   Code   RO          368    i.TIM3_IRQHandler   stm32f4xx_it.o
    0x08006e00   0x08006e00   0x0000009c   Code   RO          369    i.TIM4_IRQHandler   stm32f4xx_it.o
    0x08006e9c   0x08006e9c   0x000000c8   Code   RO         2191    i.TIM_Base_SetConfig  stm32f4xx_hal_tim.o
    0x08006f64   0x08006f64   0x00000014   Code   RO         2202    i.TIM_ETR_SetConfig  stm32f4xx_hal_tim.o
    0x08006f78   0x08006f78   0x00000010   Code   RO         2203    i.TIM_ITRx_SetConfig  stm32f4xx_hal_tim.o
    0x08006f88   0x08006f88   0x00000022   Code   RO         2209    i.TIM_TI1_ConfigInputStage  stm32f4xx_hal_tim.o
    0x08006faa   0x08006faa   0x00000024   Code   RO         2211    i.TIM_TI2_ConfigInputStage  stm32f4xx_hal_tim.o
    0x08006fce   0x08006fce   0x00000002   PAD
    0x08006fd0   0x08006fd0   0x000000cc   Code   RO         3852    i.Touch_Key_Init    touch_key.o
    0x0800709c   0x0800709c   0x00000150   Code   RO         3853    i.Touch_Key_Scan    touch_key.o
    0x080071ec   0x080071ec   0x000001d4   Code   RO         4123    i.Tripod_Init       tripod.o
    0x080073c0   0x080073c0   0x00000080   Code   RO         4124    i.Tripod_Key_Scan   tripod.o
    0x08007440   0x08007440   0x00000060   Code   RO         4125    i.Tripod_X_Angle    tripod.o
    0x080074a0   0x080074a0   0x00000060   Code   RO         4126    i.Tripod_X_Coord    tripod.o
    0x08007500   0x08007500   0x00000024   Code   RO         4127    i.Tripod_X_Dir      tripod.o
    0x08007524   0x08007524   0x00000094   Code   RO         4128    i.Tripod_X_Go_Mechzero  tripod.o
    0x080075b8   0x080075b8   0x00000048   Code   RO         4129    i.Tripod_X_Step     tripod.o
    0x08007600   0x08007600   0x00000060   Code   RO         4130    i.Tripod_Y_Angle    tripod.o
    0x08007660   0x08007660   0x000000a0   Code   RO         4131    i.Tripod_Y_Coord    tripod.o
    0x08007700   0x08007700   0x00000028   Code   RO         4132    i.Tripod_Y_Dir      tripod.o
    0x08007728   0x08007728   0x00000094   Code   RO         4133    i.Tripod_Y_Go_Mechzero  tripod.o
    0x080077bc   0x080077bc   0x00000048   Code   RO         4134    i.Tripod_Y_Step     tripod.o
    0x08007804   0x08007804   0x0000000c   Code   RO          370    i.UART4_IRQHandler  stm32f4xx_it.o
    0x08007810   0x08007810   0x00000048   Code   RO          371    i.UART5_IRQHandler  stm32f4xx_it.o
    0x08007858   0x08007858   0x00000010   Code   RO         3059    i.UART_DMAAbortOnError  stm32f4xx_hal_uart.o
    0x08007868   0x08007868   0x0000004a   Code   RO         3060    i.UART_DMAError     stm32f4xx_hal_uart.o
    0x080078b2   0x080078b2   0x0000003c   Code   RO         3061    i.UART_DMAReceiveCplt  stm32f4xx_hal_uart.o
    0x080078ee   0x080078ee   0x0000000a   Code   RO         3063    i.UART_DMARxHalfCplt  stm32f4xx_hal_uart.o
    0x080078f8   0x080078f8   0x0000002e   Code   RO         3065    i.UART_DMATransmitCplt  stm32f4xx_hal_uart.o
    0x08007926   0x08007926   0x0000000a   Code   RO         3067    i.UART_DMATxHalfCplt  stm32f4xx_hal_uart.o
    0x08007930   0x08007930   0x0000001c   Code   RO         3069    i.UART_EndRxTransfer  stm32f4xx_hal_uart.o
    0x0800794c   0x0800794c   0x00000012   Code   RO         3070    i.UART_EndTxTransfer  stm32f4xx_hal_uart.o
    0x0800795e   0x0800795e   0x00000096   Code   RO         3071    i.UART_Receive_IT   stm32f4xx_hal_uart.o
    0x080079f4   0x080079f4   0x00000128   Code   RO         3072    i.UART_SetConfig    stm32f4xx_hal_uart.o
    0x08007b1c   0x08007b1c   0x00000062   Code   RO         3073    i.UART_Transmit_IT  stm32f4xx_hal_uart.o
    0x08007b7e   0x08007b7e   0x00000062   Code   RO         3074    i.UART_WaitOnFlagUntilTimeout  stm32f4xx_hal_uart.o
    0x08007be0   0x08007be0   0x00000040   Code   RO          372    i.USART1_IRQHandler  stm32f4xx_it.o
    0x08007c20   0x08007c20   0x00000002   Code   RO          373    i.UsageFault_Handler  stm32f4xx_it.o
    0x08007c22   0x08007c22   0x00000002   PAD
    0x08007c24   0x08007c24   0x0000008c   Code   RO         3900    i.Vision_Dat_Explan  vision.o
    0x08007cb0   0x08007cb0   0x00000030   Code   RO         3901    i.Vision_Send_Cmd   vision.o
    0x08007ce0   0x08007ce0   0x0000001c   Code   RO         3949    i.Voice_Busy_Scan   voice.o
    0x08007cfc   0x08007cfc   0x00000048   Code   RO         3950    i.Voice_Init        voice.o
    0x08007d44   0x08007d44   0x00000044   Code   RO         3951    i.Voice_Play        voice.o
    0x08007d88   0x08007d88   0x0000002c   Code   RO         4904    i.__0vsnprintf      mc_w.l(printfa.o)
    0x08007db4   0x08007db4   0x00000030   Code   RO         4994    i.__ARM_fpclassify  m_wm.l(fpclassify.o)
    0x08007de4   0x08007de4   0x00000004   PAD
    0x08007de8   0x08007de8   0x000002d8   Code   RO         4960    i.__hardfp_atan     m_wm.l(atan.o)
    0x080080c0   0x080080c0   0x000001f0   Code   RO         4861    i.__hardfp_atan2    m_wm.l(atan2.o)
    0x080082b0   0x080082b0   0x00000378   Code   RO         4873    i.__hardfp_hypot    m_wm.l(hypot.o)
    0x08008628   0x08008628   0x000000f8   Code   RO         5058    i.__kernel_poly     m_wm.l(poly.o)
    0x08008720   0x08008720   0x00000014   Code   RO         4975    i.__mathlib_dbl_infnan  m_wm.l(dunder.o)
    0x08008734   0x08008734   0x00000014   Code   RO         4976    i.__mathlib_dbl_infnan2  m_wm.l(dunder.o)
    0x08008748   0x08008748   0x00000020   Code   RO         4978    i.__mathlib_dbl_overflow  m_wm.l(dunder.o)
    0x08008768   0x08008768   0x00000020   Code   RO         4980    i.__mathlib_dbl_underflow  m_wm.l(dunder.o)
    0x08008788   0x08008788   0x0000000e   Code   RO         5072    i.__scatterload_copy  mc_w.l(handlers.o)
    0x08008796   0x08008796   0x00000002   Code   RO         5073    i.__scatterload_null  mc_w.l(handlers.o)
    0x08008798   0x08008798   0x0000000e   Code   RO         5074    i.__scatterload_zeroinit  mc_w.l(handlers.o)
    0x080087a6   0x080087a6   0x00000002   PAD
    0x080087a8   0x080087a8   0x0000000c   Code   RO         5036    i.__set_errno       mc_w.l(errno.o)
    0x080087b4   0x080087b4   0x00000184   Code   RO         4906    i._fp_digits        mc_w.l(printfa.o)
    0x08008938   0x08008938   0x000006dc   Code   RO         4907    i._printf_core      mc_w.l(printfa.o)
    0x08009014   0x08009014   0x00000024   Code   RO         4908    i._printf_post_padding  mc_w.l(printfa.o)
    0x08009038   0x08009038   0x0000002e   Code   RO         4909    i._printf_pre_padding  mc_w.l(printfa.o)
    0x08009066   0x08009066   0x00000016   Code   RO         4910    i._snputc           mc_w.l(printfa.o)
    0x0800907c   0x0800907c   0x00000010   Code   RO         4962    i.atan              m_wm.l(atan.o)
    0x0800908c   0x0800908c   0x00000018   Code   RO         4990    i.fabs              m_wm.l(fabs.o)
    0x080090a4   0x080090a4   0x00000050   Code   RO         4926    i.free              mc_w.l(malloc.o)
    0x080090f4   0x080090f4   0x000006b8   Code   RO           12    i.main              main.o
    0x080097ac   0x080097ac   0x0000006c   Code   RO         4927    i.malloc            mc_w.l(malloc.o)
    0x08009818   0x08009818   0x0000006e   Code   RO         4999    i.sqrt              m_wm.l(sqrt.o)
    0x08009886   0x08009886   0x00000008   Data   RO         1467    .constdata          stm32f4xx_hal_dma.o
    0x0800988e   0x0800988e   0x00000010   Data   RO         3629    .constdata          system_stm32f4xx.o
    0x0800989e   0x0800989e   0x00000008   Data   RO         3630    .constdata          system_stm32f4xx.o
    0x080098a6   0x080098a6   0x000017c0   Data   RO         3882    .constdata          sys_font.o
    0x0800b066   0x0800b066   0x000005f0   Data   RO         3883    .constdata          sys_font.o
    0x0800b656   0x0800b656   0x00000060   Data   RO         3884    .constdata          sys_font.o
    0x0800b6b6   0x0800b6b6   0x00000800   Data   RO         4812    .constdata          arm_cortexM4lf_math.lib(arm_common_tables.o)
    0x0800beb6   0x0800beb6   0x00000002   PAD
    0x0800beb8   0x0800beb8   0x00008000   Data   RO         4821    .constdata          arm_cortexM4lf_math.lib(arm_common_tables.o)
    0x08013eb8   0x08013eb8   0x00000098   Data   RO         4963    .constdata          m_wm.l(atan.o)
    0x08013f50   0x08013f50   0x00000008   Data   RO         4996    .constdata          m_wm.l(qnan.o)
    0x08013f58   0x08013f58   0x00000020   Data   RO         5070    Region$$Table       anon$$obj.o


    Execution Region RW_IRAM2 (Exec base: 0x10000000, Load base: 0x08014004, Size: 0x00000000, Max: 0x00010000, ABSOLUTE)

    **** No section assigned to this execution region ****


    Execution Region RW_IRAM1 (Exec base: 0x20000000, Load base: 0x08013f78, Size: 0x00009178, Max: 0x00020000, ABSOLUTE, COMPRESSED[0x0000008c])

    Exec Addr    Load Addr    Size         Type   Attr      Idx    E Section Name        Object

    0x20000000   COMPRESSED   0x00000008   Data   RW           13    .data               main.o
    0x20000008   COMPRESSED   0x00000008   Data   RW          374    .data               stm32f4xx_it.o
    0x20000010   COMPRESSED   0x00000001   Data   RW          564    .data               usart.o
    0x20000011   COMPRESSED   0x00000003   PAD
    0x20000014   COMPRESSED   0x0000000c   Data   RW         1878    .data               stm32f4xx_hal.o
    0x20000020   COMPRESSED   0x00000004   Data   RW         3631    .data               system_stm32f4xx.o
    0x20000024   COMPRESSED   0x00000040   Data   RW         3663    .data               led.o
    0x20000064   COMPRESSED   0x00000008   Data   RW         3695    .data               beep.o
    0x2000006c   COMPRESSED   0x0000001c   Data   RW         3742    .data               lcd.o
    0x20000088   COMPRESSED   0x00000048   Data   RW         3854    .data               touch_key.o
    0x200000d0   COMPRESSED   0x00000008   Data   RW         3903    .data               vision.o
    0x200000d8   COMPRESSED   0x0000000c   Data   RW         3953    .data               voice.o
    0x200000e4   COMPRESSED   0x00000008   Data   RW         3999    .data               diwen_lcd.o
    0x200000ec   COMPRESSED   0x00000010   Data   RW         4083    .data               infared.o
    0x200000fc   COMPRESSED   0x00000048   Data   RW         4136    .data               tripod.o
    0x20000144   COMPRESSED   0x0000000c   Data   RW         4219    .data               matrix_key.o
    0x20000150   COMPRESSED   0x00000008   Data   RW         4251    .data               power.o
    0x20000158   COMPRESSED   0x00000008   Data   RW         4283    .data               relay.o
    0x20000160   COMPRESSED   0x00000008   Data   RW         4361    .data               run_manual.o
    0x20000168   COMPRESSED   0x00000001   Data   RW         4407    .data               run_mode.o
    0x20000169   COMPRESSED   0x00000003   PAD
    0x2000016c   COMPRESSED   0x00000004   Data   RW         4408    .data               run_mode.o
    0x20000170   COMPRESSED   0x000000f4   Data   RW         4563    .data               logic.o
    0x20000264   COMPRESSED   0x00000010   Data   RW         4605    .data               osci.o
    0x20000274   COMPRESSED   0x00000004   Data   RW         5032    .data               mc_w.l(mvars.o)
    0x20000278   COMPRESSED   0x00000004   Data   RW         5033    .data               mc_w.l(mvars.o)
    0x2000027c   COMPRESSED   0x00000004   Data   RW         5037    .data               mc_w.l(errno.o)
    0x20000280        -       0x000000b8   Zero   RW          317    .bss                spi.o
    0x20000338        -       0x00000180   Zero   RW          563    .bss                usart.o
    0x200004b8        -       0x00000100   Zero   RW          615    .bss                tim.o
    0x200005b8        -       0x000000a8   Zero   RW          668    .bss                adc.o
    0x20000660        -       0x0000200e   Zero   RW         3741    .bss                lcd.o
    0x2000266e        -       0x0000005e   Zero   RW         3902    .bss                vision.o
    0x200026cc        -       0x00001939   Zero   RW         3998    .bss                diwen_lcd.o
    0x20004005   COMPRESSED   0x00000003   PAD
    0x20004008        -       0x00000028   Zero   RW         4135    .bss                tripod.o
    0x20004030        -       0x00000048   Zero   RW         4218    .bss                matrix_key.o
    0x20004078        -       0x0000003c   Zero   RW         4317    .bss                run_fast.o
    0x200040b4        -       0x0000000c   Zero   RW         4402    .bss                run_mode.o
    0x200040c0        -       0x0000000c   Zero   RW         4403    .bss                run_mode.o
    0x200040cc        -       0x0000000c   Zero   RW         4404    .bss                run_mode.o
    0x200040d8        -       0x0000000c   Zero   RW         4405    .bss                run_mode.o
    0x200040e4        -       0x0000000c   Zero   RW         4406    .bss                run_mode.o
    0x200040f0        -       0x0000003c   Zero   RW         4437    .bss                run_slow.o
    0x2000412c        -       0x00000034   Zero   RW         4481    .bss                run_static.o
    0x20004160        -       0x00000014   Zero   RW         4604    .bss                osci.o
    0x20004174   COMPRESSED   0x00000004   PAD
    0x20004178        -       0x00002800   Zero   RW            2    HEAP                startup_stm32f407xx.o
    0x20006978        -       0x00002800   Zero   RW            1    STACK               startup_stm32f407xx.o


==============================================================================

Image component sizes


      Code (inc. data)   RO Data    RW Data    ZI Data      Debug   Object Name

       252         30          0          0        168       1727   adc.o
       104         18          0          8          0       1830   beep.o
       162         10          0          0          0       1917   core.o
      1012         68          0          8       6457       7633   diwen_lcd.o
        92          4          0          0          0        774   dma.o
        76          6          0          0          0        843   gpio.o
       396         24          0         16          0       3148   infared.o
      1978        100          0         28       8206      13302   lcd.o
       308         18          0         64          0       1393   led.o
      1996        650          0        244          0       4915   logic.o
      1720        302          0          8          0     722553   main.o
       724         32          0         12         72       3022   matrix_key.o
       760         80          0         16         20       2196   osci.o
        84         14          0          8          0       1045   power.o
       100         16          0          8          0       1849   relay.o
      1474        144          0          0         60       3639   run_fast.o
      1002        280          0          8          0       3373   run_manual.o
        40         10          0          5         60       1794   run_mode.o
      1418        144          0          0         60       3599   run_slow.o
       726        138          0          0         52       3089   run_static.o
       128         46          0          0          0       1928   run_stop.o
       244         28          0          0        184       1718   spi.o
        36          8        392          0      20480        824   startup_stm32f407xx.o
       180         28          0         12          0       9305   stm32f4xx_hal.o
      1306         64          0          0          0       7561   stm32f4xx_hal_adc.o
       216         14          0          0          0      30505   stm32f4xx_hal_cortex.o
      1086         16          8          0          0       7829   stm32f4xx_hal_dma.o
       470         46          0          0          0       3732   stm32f4xx_hal_gpio.o
        48          6          0          0          0        830   stm32f4xx_hal_msp.o
      1308         72          0          0          0       5288   stm32f4xx_hal_rcc.o
       986         26          0          0          0       8969   stm32f4xx_hal_spi.o
      1098         44          0          0          0      12465   stm32f4xx_hal_tim.o
       148         28          0          0          0       2485   stm32f4xx_hal_tim_ex.o
      1922         40          0          0          0      16773   stm32f4xx_hal_uart.o
       936        152          0          8          0      11805   stm32f4xx_it.o
         0          0       7696          0          0       1004   sys_font.o
        28          6         24          4          0       1119   system_stm32f4xx.o
       580         50          0          0        256       3757   tim.o
       540         26          0         72          0       3027   touch_key.o
      1560        156          0         72         40       9193   tripod.o
       628         62          0          1        384       3316   usart.o
       312         14          0          8         94       3196   vision.o
       168         30          0         12          0       2233   voice.o

    ----------------------------------------------------------------------
     28400       3050       8152        628      36600     932503   Object Totals
         0          0         32          0          0          0   (incl. Generated)
        48          0          0          6          7          0   (incl. Padding)

    ----------------------------------------------------------------------

      Code (inc. data)   RO Data    RW Data    ZI Data      Debug   Library Member Name

       486          0          0          0          0       2210   arm_bitreversal.o
      1696          0          0          0          0       4744   arm_cfft_radix4_f32.o
       192         46          0          0          0        767   arm_cfft_radix4_init_f32.o
       240          4          0          0          0      16312   arm_cmplx_mag_f32.o
         0          0      34816          0          0       2517   arm_common_tables.o
       212          0          0          0          0       1238   arm_max_f32.o
       152          0          0          0          0       1190   arm_max_q31.o
       152          0          0          0          0       1190   arm_min_q31.o
       744        106        152          0          0        352   atan.o
       496         64          0          0          0        192   atan2.o
       104         16          0          0          0        496   dunder.o
        24          0          0          0          0        124   fabs.o
        48          0          0          0          0        124   fpclassify.o
       888         42          0          0          0        192   hypot.o
       248          0          0          0          0        152   poly.o
         0          0          8          0          0          0   qnan.o
       110          0          0          0          0        148   sqrt.o
        86          0          0          0          0          0   __dczerorl2.o
         0          0          0          0          0          0   entry.o
         0          0          0          0          0          0   entry10a.o
         0          0          0          0          0          0   entry11a.o
         8          4          0          0          0          0   entry2.o
         4          0          0          0          0          0   entry5.o
         0          0          0          0          0          0   entry7b.o
         0          0          0          0          0          0   entry8b.o
         8          4          0          0          0          0   entry9a.o
        12          6          0          4          0         68   errno.o
        30          0          0          0          0          0   handlers.o
        36          8          0          0          0         68   init.o
         0          0          0          0          0          0   iusefp.o
        30          0          0          0          0         68   llshl.o
        36          0          0          0          0         68   llsshr.o
        32          0          0          0          0         68   llushr.o
       188         20          0          0          0        160   malloc.o
        36          0          0          0          0         68   memcpya.o
        36          0          0          0          0        108   memseta.o
         0          0          0          8          0          0   mvars.o
      2292         84          0          0          0        516   printfa.o
        14          0          0          0          0         68   strlen.o
        44          0          0          0          0         80   uidiv.o
        98          0          0          0          0         92   uldiv.o
        48          0          0          0          0         68   cdrcmple.o
        56          0          0          0          0         88   d2f.o
       334          0          0          0          0        148   dadd.o
       222          0          0          0          0        100   ddiv.o
       186          0          0          0          0        176   depilogue.o
        48          0          0          0          0         68   dfixul.o
        34          0          0          0          0         76   dflti.o
       228          0          0          0          0         96   dmul.o
       162          0          0          0          0        100   dsqrt.o
        38          0          0          0          0         68   f2d.o
       110          0          0          0          0        168   fepilogue.o

    ----------------------------------------------------------------------
     10254        404      34978         12          0      34536   Library Totals
         6          0          2          0          0          0   (incl. Padding)

    ----------------------------------------------------------------------

      Code (inc. data)   RO Data    RW Data    ZI Data      Debug   Library Name

      3130         50      34816          0          0      30168   arm_cortexM4lf_math.lib
      2662        228        160          0          0       1780   m_wm.l
      2990        126          0         12          0       1432   mc_w.l
      1466          0          0          0          0       1156   mf_w.l

    ----------------------------------------------------------------------
     10254        404      34978         12          0      34536   Library Totals

    ----------------------------------------------------------------------

==============================================================================


      Code (inc. data)   RO Data    RW Data    ZI Data      Debug   

     38654       3454      43130        640      36600     942971   Grand Totals
     38654       3454      43130        140      36600     942971   ELF Image Totals (compressed)
     38654       3454      43130        140          0          0   ROM Totals

==============================================================================

    Total RO  Size (Code + RO Data)                81784 (  79.87kB)
    Total RW  Size (RW Data + ZI Data)             37240 (  36.37kB)
    Total ROM Size (Code + RO Data + RW Data)      81924 (  80.00kB)

==============================================================================

