Component: ARM Compiler 5.06 update 7 (build 960) Tool: armlink [4d3601]

==============================================================================

Section Cross References

    startup_stm32f407xx.o(STACK) refers (Special) to heapauxi.o(.text) for __use_two_region_memory
    startup_stm32f407xx.o(HEAP) refers (Special) to heapauxi.o(.text) for __use_two_region_memory
    startup_stm32f407xx.o(RESET) refers (Special) to heapauxi.o(.text) for __use_two_region_memory
    startup_stm32f407xx.o(RESET) refers to startup_stm32f407xx.o(STACK) for __initial_sp
    startup_stm32f407xx.o(RESET) refers to startup_stm32f407xx.o(.text) for Reset_Handler
    startup_stm32f407xx.o(RESET) refers to stm32f4xx_it.o(i.NMI_Handler) for NMI_Handler
    startup_stm32f407xx.o(RESET) refers to stm32f4xx_it.o(i.HardFault_Handler) for HardFault_Handler
    startup_stm32f407xx.o(RESET) refers to stm32f4xx_it.o(i.MemManage_Handler) for MemManage_Handler
    startup_stm32f407xx.o(RESET) refers to stm32f4xx_it.o(i.BusFault_Handler) for BusFault_Handler
    startup_stm32f407xx.o(RESET) refers to stm32f4xx_it.o(i.UsageFault_Handler) for UsageFault_Handler
    startup_stm32f407xx.o(RESET) refers to stm32f4xx_it.o(i.SVC_Handler) for SVC_Handler
    startup_stm32f407xx.o(RESET) refers to stm32f4xx_it.o(i.DebugMon_Handler) for DebugMon_Handler
    startup_stm32f407xx.o(RESET) refers to stm32f4xx_it.o(i.PendSV_Handler) for PendSV_Handler
    startup_stm32f407xx.o(RESET) refers to stm32f4xx_it.o(i.SysTick_Handler) for SysTick_Handler
    startup_stm32f407xx.o(RESET) refers to stm32f4xx_it.o(i.TIM1_BRK_TIM9_IRQHandler) for TIM1_BRK_TIM9_IRQHandler
    startup_stm32f407xx.o(RESET) refers to stm32f4xx_it.o(i.TIM4_IRQHandler) for TIM4_IRQHandler
    startup_stm32f407xx.o(RESET) refers to stm32f4xx_it.o(i.USART1_IRQHandler) for USART1_IRQHandler
    startup_stm32f407xx.o(RESET) refers to stm32f4xx_it.o(i.UART4_IRQHandler) for UART4_IRQHandler
    startup_stm32f407xx.o(RESET) refers to stm32f4xx_it.o(i.UART5_IRQHandler) for UART5_IRQHandler
    startup_stm32f407xx.o(RESET) refers to stm32f4xx_it.o(i.TIM6_DAC_IRQHandler) for TIM6_DAC_IRQHandler
    startup_stm32f407xx.o(RESET) refers to stm32f4xx_it.o(i.DMA2_Stream0_IRQHandler) for DMA2_Stream0_IRQHandler
    startup_stm32f407xx.o(RESET) refers to stm32f4xx_it.o(i.DMA2_Stream3_IRQHandler) for DMA2_Stream3_IRQHandler
    startup_stm32f407xx.o(.text) refers (Special) to heapauxi.o(.text) for __use_two_region_memory
    startup_stm32f407xx.o(.text) refers to system_stm32f4xx.o(i.SystemInit) for SystemInit
    startup_stm32f407xx.o(.text) refers to __main.o(!!!main) for __main
    startup_stm32f407xx.o(.text) refers to startup_stm32f407xx.o(HEAP) for Heap_Mem
    startup_stm32f407xx.o(.text) refers to startup_stm32f407xx.o(STACK) for Stack_Mem
    main.o(i.SystemClock_Config) refers to rt_memclr_w.o(.text) for __aeabi_memclr4
    main.o(i.SystemClock_Config) refers to stm32f4xx_hal_rcc.o(i.HAL_RCC_OscConfig) for HAL_RCC_OscConfig
    main.o(i.SystemClock_Config) refers to stm32f4xx_hal_rcc.o(i.HAL_RCC_ClockConfig) for HAL_RCC_ClockConfig
    main.o(i.main) refers to stm32f4xx_hal.o(i.HAL_Init) for HAL_Init
    main.o(i.main) refers to main.o(i.SystemClock_Config) for SystemClock_Config
    main.o(i.main) refers to gpio.o(i.MX_GPIO_Init) for MX_GPIO_Init
    main.o(i.main) refers to dma.o(i.MX_DMA_Init) for MX_DMA_Init
    main.o(i.main) refers to tim.o(i.MX_TIM6_Init) for MX_TIM6_Init
    main.o(i.main) refers to spi.o(i.MX_SPI1_Init) for MX_SPI1_Init
    main.o(i.main) refers to usart.o(i.MX_UART5_Init) for MX_UART5_Init
    main.o(i.main) refers to usart.o(i.MX_USART1_UART_Init) for MX_USART1_UART_Init
    main.o(i.main) refers to usart.o(i.MX_UART4_Init) for MX_UART4_Init
    main.o(i.main) refers to tim.o(i.MX_TIM1_Init) for MX_TIM1_Init
    main.o(i.main) refers to tim.o(i.MX_TIM4_Init) for MX_TIM4_Init
    main.o(i.main) refers to smarttimer.o(i.stim_init) for stim_init
    main.o(i.main) refers to stm32f4xx_hal_tim.o(i.HAL_TIM_Base_Start_IT) for HAL_TIM_Base_Start_IT
    main.o(i.main) refers to app.o(i.stim_start_task) for stim_start_task
    main.o(i.main) refers to smarttimer.o(i.stim_mainloop) for stim_mainloop
    main.o(i.main) refers to tim.o(.bss) for htim6
    gpio.o(i.MX_GPIO_Init) refers to rt_memclr_w.o(.text) for __aeabi_memclr4
    gpio.o(i.MX_GPIO_Init) refers to stm32f4xx_hal_gpio.o(i.HAL_GPIO_WritePin) for HAL_GPIO_WritePin
    gpio.o(i.MX_GPIO_Init) refers to stm32f4xx_hal_gpio.o(i.HAL_GPIO_Init) for HAL_GPIO_Init
    dma.o(i.MX_DMA_Init) refers to stm32f4xx_hal_cortex.o(i.HAL_NVIC_SetPriority) for HAL_NVIC_SetPriority
    dma.o(i.MX_DMA_Init) refers to stm32f4xx_hal_cortex.o(i.HAL_NVIC_EnableIRQ) for HAL_NVIC_EnableIRQ
    spi.o(i.HAL_SPI_MspDeInit) refers to stm32f4xx_hal_gpio.o(i.HAL_GPIO_DeInit) for HAL_GPIO_DeInit
    spi.o(i.HAL_SPI_MspDeInit) refers to stm32f4xx_hal_dma.o(i.HAL_DMA_DeInit) for HAL_DMA_DeInit
[...]
    EXTI0_IRQHandler                         0x08000263   Thumb Code     0  startup_stm32f407xx.o(.text)
    EXTI15_10_IRQHandler                     0x08000263   Thumb Code     0  startup_stm32f407xx.o(.text)
    EXTI1_IRQHandler                         0x08000263   Thumb Code     0  startup_stm32f407xx.o(.text)
    EXTI2_IRQHandler                         0x08000263   Thumb Code     0  startup_stm32f407xx.o(.text)
    EXTI3_IRQHandler                         0x08000263   Thumb Code     0  startup_stm32f407xx.o(.text)
    EXTI4_IRQHandler                         0x08000263   Thumb Code     0  startup_stm32f407xx.o(.text)
    EXTI9_5_IRQHandler                       0x08000263   Thumb Code     0  startup_stm32f407xx.o(.text)
    FLASH_IRQHandler                         0x08000263   Thumb Code     0  startup_stm32f407xx.o(.text)
    FMC_IRQHandler                           0x08000263   Thumb Code     0  startup_stm32f407xx.o(.text)
    FPU_IRQHandler                           0x08000263   Thumb Code     0  startup_stm32f407xx.o(.text)
    HASH_RNG_IRQHandler                      0x08000263   Thumb Code     0  startup_stm32f407xx.o(.text)
    I2C1_ER_IRQHandler                       0x08000263   Thumb Code     0  startup_stm32f407xx.o(.text)
    I2C1_EV_IRQHandler                       0x08000263   Thumb Code     0  startup_stm32f407xx.o(.text)
    I2C2_ER_IRQHandler                       0x08000263   Thumb Code     0  startup_stm32f407xx.o(.text)
    I2C2_EV_IRQHandler                       0x08000263   Thumb Code     0  startup_stm32f407xx.o(.text)
    I2C3_ER_IRQHandler                       0x08000263   Thumb Code     0  startup_stm32f407xx.o(.text)
    I2C3_EV_IRQHandler                       0x08000263   Thumb Code     0  startup_stm32f407xx.o(.text)
    OTG_FS_IRQHandler                        0x08000263   Thumb Code     0  startup_stm32f407xx.o(.text)
    OTG_FS_WKUP_IRQHandler                   0x08000263   Thumb Code     0  startup_stm32f407xx.o(.text)
    OTG_HS_EP1_IN_IRQHandler                 0x08000263   Thumb Code     0  startup_stm32f407xx.o(.text)
    OTG_HS_EP1_OUT_IRQHandler                0x08000263   Thumb Code     0  startup_stm32f407xx.o(.text)
    OTG_HS_IRQHandler                        0x08000263   Thumb Code     0  startup_stm32f407xx.o(.text)
    OTG_HS_WKUP_IRQHandler                   0x08000263   Thumb Code     0  startup_stm32f407xx.o(.text)
    PVD_IRQHandler                           0x08000263   Thumb Code     0  startup_stm32f407xx.o(.text)
    RCC_IRQHandler                           0x08000263   Thumb Code     0  startup_stm32f407xx.o(.text)
    RTC_Alarm_IRQHandler                     0x08000263   Thumb Code     0  startup_stm32f407xx.o(.text)
    RTC_WKUP_IRQHandler                      0x08000263   Thumb Code     0  startup_stm32f407xx.o(.text)
    SDIO_IRQHandler                          0x08000263   Thumb Code     0  startup_stm32f407xx.o(.text)
    SPI1_IRQHandler                          0x08000263   Thumb Code     0  startup_stm32f407xx.o(.text)
    SPI2_IRQHandler                          0x08000263   Thumb Code     0  startup_stm32f407xx.o(.text)
    SPI3_IRQHandler                          0x08000263   Thumb Code     0  startup_stm32f407xx.o(.text)
    TAMP_STAMP_IRQHandler                    0x08000263   Thumb Code     0  startup_stm32f407xx.o(.text)
    TIM1_CC_IRQHandler                       0x08000263   Thumb Code     0  startup_stm32f407xx.o(.text)
    TIM1_TRG_COM_TIM11_IRQHandler            0x08000263   Thumb Code     0  startup_stm32f407xx.o(.text)
    TIM1_UP_TIM10_IRQHandler                 0x08000263   Thumb Code     0  startup_stm32f407xx.o(.text)
    TIM2_IRQHandler                          0x08000263   Thumb Code     0  startup_stm32f407xx.o(.text)
    TIM3_IRQHandler                          0x08000263   Thumb Code     0  startup_stm32f407xx.o(.text)
    TIM5_IRQHandler                          0x08000263   Thumb Code     0  startup_stm32f407xx.o(.text)
    TIM7_IRQHandler                          0x08000263   Thumb Code     0  startup_stm32f407xx.o(.text)
    TIM8_BRK_TIM12_IRQHandler                0x08000263   Thumb Code     0  startup_stm32f407xx.o(.text)
    TIM8_CC_IRQHandler                       0x08000263   Thumb Code     0  startup_stm32f407xx.o(.text)
    TIM8_TRG_COM_TIM14_IRQHandler            0x08000263   Thumb Code     0  startup_stm32f407xx.o(.text)
    TIM8_UP_TIM13_IRQHandler                 0x08000263   Thumb Code     0  startup_stm32f407xx.o(.text)
    USART2_IRQHandler                        0x08000263   Thumb Code     0  startup_stm32f407xx.o(.text)
    USART3_IRQHandler                        0x08000263   Thumb Code     0  startup_stm32f407xx.o(.text)
    USART6_IRQHandler                        0x08000263   Thumb Code     0  startup_stm32f407xx.o(.text)
    WWDG_IRQHandler                          0x08000263   Thumb Code     0  startup_stm32f407xx.o(.text)
    __user_initial_stackheap                 0x08000265   Thumb Code     0  startup_stm32f407xx.o(.text)
    __use_no_semihosting                     0x08000289   Thumb Code     2  use_no_semi_2.o(.text)
    __aeabi_uldivmod                         0x0800028b   Thumb Code     0  lludivv7m.o(.text)
    _ll_udiv                                 0x0800028b   Thumb Code   238  lludivv7m.o(.text)
    __2printf                                0x08000379   Thumb Code    20  __2printf.o(.text)
    _printf_int_dec                          0x08000391   Thumb Code   104  _printf_dec.o(.text)
    __printf                                 0x08000409   Thumb Code   388  __printf_flags_ss_wp.o(.text)
    strlen                                   0x08000591   Thumb Code    62  strlen.o(.text)
    __aeabi_memcpy                           0x080005cf   Thumb Code     0  rt_memcpy_v6.o(.text)
    __rt_memcpy                              0x080005cf   Thumb Code   138  rt_memcpy_v6.o(.text)
    _memcpy_lastbytes                        0x08000635   Thumb Code     0  rt_memcpy_v6.o(.text)
    __aeabi_memset                           0x08000659   Thumb Code    16  aeabi_memset.o(.text)
    __aeabi_memclr                           0x08000669   Thumb Code     0  rt_memclr.o(.text)
    __rt_memclr                              0x08000669   Thumb Code    68  rt_memclr.o(.text)
    _memset                                  0x0800066d   Thumb Code     0  rt_memclr.o(.text)
    __aeabi_memclr4                          0x080006ad   Thumb Code     0  rt_memclr_w.o(.text)
    __aeabi_memclr8                          0x080006ad   Thumb Code     0  rt_memclr_w.o(.text)
    __rt_memclr_w                            0x080006ad   Thumb Code    78  rt_memclr_w.o(.text)
    _memset_w                                0x080006b1   Thumb Code     0  rt_memclr_w.o(.text)
    strcmp                                   0x080006fd   Thumb Code   128  strcmpv7m.o(.text)
    __use_two_region_memory                  0x0800077d   Thumb Code     2  heapauxi.o(.text)
    __rt_heap_escrow                         0x0800077f   Thumb Code     2  heapauxi.o(.text)
    __rt_heap_expand                         0x08000781   Thumb Code     2  heapauxi.o(.text)
    __semihosting$guard                      0x08000783   Thumb Code     0  use_no_semi.o(.text)
    __use_no_semihosting_swi                 0x08000783   Thumb Code     2  use_no_semi.o(.text)
    __read_errno                             0x08000785   Thumb Code    10  _rserrno.o(.text)
    __set_errno                              0x0800078f   Thumb Code    12  _rserrno.o(.text)
    _printf_int_common                       0x0800079b   Thumb Code   178  _printf_intcommon.o(.text)
    __lib_sel_fp_printf                      0x0800084d   Thumb Code     2  _printf_fp_dec.o(.text)
    _printf_fp_dec_real                      0x080009ff   Thumb Code   620  _printf_fp_dec.o(.text)
    _printf_char_common                      0x08000c77   Thumb Code    32  _printf_char_common.o(.text)
    _printf_char_file                        0x08000c9d   Thumb Code    32  _printf_char_file.o(.text)
    __aeabi_memcpy4                          0x08000cc1   Thumb Code     0  rt_memcpy_w.o(.text)
    __aeabi_memcpy8                          0x08000cc1   Thumb Code     0  rt_memcpy_w.o(.text)
    __rt_memcpy_w                            0x08000cc1   Thumb Code   100  rt_memcpy_w.o(.text)
    _memcpy_lastbytes_aligned                0x08000d09   Thumb Code     0  rt_memcpy_w.o(.text)
    __user_libspace                          0x08000d25   Thumb Code     8  libspace.o(.text)
    __user_perproc_libspace                  0x08000d25   Thumb Code     0  libspace.o(.text)
    __user_perthread_libspace                0x08000d25   Thumb Code     0  libspace.o(.text)
    __rt_locale                              0x08000d2d   Thumb Code     8  rt_locale_intlibspace.o(.text)
    __aeabi_errno_addr                       0x08000d35   Thumb Code     8  rt_errno_addr_intlibspace.o(.text)
    __errno$intlibspace                      0x08000d35   Thumb Code     0  rt_errno_addr_intlibspace.o(.text)
    __rt_errno_addr$intlibspace              0x08000d35   Thumb Code     0  rt_errno_addr_intlibspace.o(.text)
    _ll_udiv10                               0x08000d3d   Thumb Code   138  lludiv10.o(.text)
    _printf_fp_infnan                        0x08000dc9   Thumb Code   112  _printf_fp_infnan.o(.text)
    _btod_etento                             0x08000e49   Thumb Code   224  bigflt0.o(.text)
    ferror                                   0x08000f2d   Thumb Code     8  ferror.o(.text)
    __user_setup_stackheap                   0x08000f35   Thumb Code    74  sys_stackheap_outer.o(.text)
    exit                                     0x08000f7f   Thumb Code    18  exit.o(.text)
    _btod_d2e                                0x08000f91   Thumb Code    62  btod.o(CL$$btod_d2e)
    _d2e_denorm_low                          0x08000fcf   Thumb Code    70  btod.o(CL$$btod_d2e_denorm_low)
    _d2e_norm_op1                            0x08001015   Thumb Code    96  btod.o(CL$$btod_d2e_norm_op1)
    __btod_div_common                        0x08001075   Thumb Code   696  btod.o(CL$$btod_div_common)
    _e2e                                     0x080013ad   Thumb Code   220  btod.o(CL$$btod_e2e)
    _btod_ediv                               0x08001489   Thumb Code    42  btod.o(CL$$btod_ediv)
    _btod_emul                               0x080014b3   Thumb Code    42  btod.o(CL$$btod_emul)
    __btod_mult_common                       0x080014dd   Thumb Code   580  btod.o(CL$$btod_mult_common)
    BY8301_SendData                          0x08001721   Thumb Code    10  voice.o(i.BY8301_SendData)
    BY8301_setVolume                         0x08001731   Thumb Code    52  voice.o(i.BY8301_setVolume)
    BusFault_Handler                         0x08001765   Thumb Code     2  stm32f4xx_it.o(i.BusFault_Handler)
    DMA2_Stream0_IRQHandler                  0x08001769   Thumb Code     6  stm32f4xx_it.o(i.DMA2_Stream0_IRQHandler)
    DMA2_Stream3_IRQHandler                  0x08001775   Thumb Code     6  stm32f4xx_it.o(i.DMA2_Stream3_IRQHandler)
    DebugMon_Handler                         0x08001825   Thumb Code     2  stm32f4xx_it.o(i.DebugMon_Handler)
    Error_Handler                            0x08001827   Thumb Code     4  main.o(i.Error_Handler)
    HAL_DMA_Abort                            0x0800182b   Thumb Code   146  stm32f4xx_hal_dma.o(i.HAL_DMA_Abort)
    HAL_DMA_Abort_IT                         0x080018bd   Thumb Code    36  stm32f4xx_hal_dma.o(i.HAL_DMA_Abort_IT)
    HAL_DMA_IRQHandler                       0x080018e1   Thumb Code   412  stm32f4xx_hal_dma.o(i.HAL_DMA_IRQHandler)
    HAL_DMA_Init                             0x08001a81   Thumb Code   206  stm32f4xx_hal_dma.o(i.HAL_DMA_Init)
    HAL_DMA_Start_IT                         0x08001b55   Thumb Code   110  stm32f4xx_hal_dma.o(i.HAL_DMA_Start_IT)
    HAL_Delay                                0x08001bc5   Thumb Code    32  stm32f4xx_hal.o(i.HAL_Delay)
    HAL_GPIO_Init                            0x08001be9   Thumb Code   418  stm32f4xx_hal_gpio.o(i.HAL_GPIO_Init)
    HAL_GPIO_ReadPin                         0x08001db9   Thumb Code    10  stm32f4xx_hal_gpio.o(i.HAL_GPIO_ReadPin)
    HAL_GPIO_TogglePin                       0x08001dc3   Thumb Code    16  stm32f4xx_hal_gpio.o(i.HAL_GPIO_TogglePin)
    HAL_GPIO_WritePin                        0x08001dd3   Thumb Code    10  stm32f4xx_hal_gpio.o(i.HAL_GPIO_WritePin)
    HAL_GetTick                              0x08001ddd   Thumb Code     6  stm32f4xx_hal.o(i.HAL_GetTick)
    HAL_IncTick                              0x08001de9   Thumb Code    12  stm32f4xx_hal.o(i.HAL_IncTick)
    HAL_Init                                 0x08001df9   Thumb Code    48  stm32f4xx_hal.o(i.HAL_Init)
    HAL_InitTick                             0x08001e2d   Thumb Code    54  stm32f4xx_hal.o(i.HAL_InitTick)
    HAL_MspInit                              0x08001e6d   Thumb Code    42  stm32f4xx_hal_msp.o(i.HAL_MspInit)
    HAL_NVIC_EnableIRQ                       0x08001e9d   Thumb Code    26  stm32f4xx_hal_cortex.o(i.HAL_NVIC_EnableIRQ)
    HAL_NVIC_SetPriority                     0x08001eb9   Thumb Code    60  stm32f4xx_hal_cortex.o(i.HAL_NVIC_SetPriority)
    HAL_NVIC_SetPriorityGrouping             0x08001ef9   Thumb Code    26  stm32f4xx_hal_cortex.o(i.HAL_NVIC_SetPriorityGrouping)
    HAL_RCC_ClockConfig                      0x08001f1d   Thumb Code   288  stm32f4xx_hal_rcc.o(i.HAL_RCC_ClockConfig)
    HAL_RCC_GetPCLK1Freq                     0x08002051   Thumb Code    20  stm32f4xx_hal_rcc.o(i.HAL_RCC_GetPCLK1Freq)
    HAL_RCC_GetPCLK2Freq                     0x08002071   Thumb Code    20  stm32f4xx_hal_rcc.o(i.HAL_RCC_GetPCLK2Freq)
    HAL_RCC_GetSysClockFreq                  0x08002091   Thumb Code    88  stm32f4xx_hal_rcc.o(i.HAL_RCC_GetSysClockFreq)
    HAL_RCC_OscConfig                        0x080020f5   Thumb Code   836  stm32f4xx_hal_rcc.o(i.HAL_RCC_OscConfig)
    HAL_SPI_ErrorCallback                    0x0800244d   Thumb Code     2  stm32f4xx_hal_spi.o(i.HAL_SPI_ErrorCallback)
    HAL_SPI_Init                             0x0800244f   Thumb Code   188  stm32f4xx_hal_spi.o(i.HAL_SPI_Init)
    HAL_SPI_MspInit                          0x0800250d   Thumb Code   192  spi.o(i.HAL_SPI_MspInit)
    HAL_SPI_Transmit                         0x080025e1   Thumb Code   362  stm32f4xx_hal_spi.o(i.HAL_SPI_Transmit)
    HAL_SPI_Transmit_DMA                     0x0800274d   Thumb Code   202  stm32f4xx_hal_spi.o(i.HAL_SPI_Transmit_DMA)
    HAL_SPI_TxCpltCallback                   0x08002825   Thumb Code     2  stm32f4xx_hal_spi.o(i.HAL_SPI_TxCpltCallback)
    HAL_SPI_TxHalfCpltCallback               0x08002827   Thumb Code     2  stm32f4xx_hal_spi.o(i.HAL_SPI_TxHalfCpltCallback)
    HAL_SYSTICK_Config                       0x08002829   Thumb Code    40  stm32f4xx_hal_cortex.o(i.HAL_SYSTICK_Config)
    HAL_TIMEx_BreakCallback                  0x08002851   Thumb Code     2  stm32f4xx_hal_tim_ex.o(i.HAL_TIMEx_BreakCallback)
    HAL_TIMEx_CommutCallback                 0x08002853   Thumb Code     2  stm32f4xx_hal_tim_ex.o(i.HAL_TIMEx_CommutCallback)
    HAL_TIMEx_ConfigBreakDeadTime            0x08002855   Thumb Code    84  stm32f4xx_hal_tim_ex.o(i.HAL_TIMEx_ConfigBreakDeadTime)
    HAL_TIMEx_MasterConfigSynchronization    0x080028a9   Thumb Code   116  stm32f4xx_hal_tim_ex.o(i.HAL_TIMEx_MasterConfigSynchronization)
    HAL_TIM_Base_Init                        0x08002939   Thumb Code    90  stm32f4xx_hal_tim.o(i.HAL_TIM_Base_Init)
    HAL_TIM_Base_MspInit                     0x08002995   Thumb Code   126  tim.o(i.HAL_TIM_Base_MspInit)
    HAL_TIM_Base_Start                       0x08002a25   Thumb Code    90  stm32f4xx_hal_tim.o(i.HAL_TIM_Base_Start)
    HAL_TIM_Base_Start_IT                    0x08002a9d   Thumb Code   100  stm32f4xx_hal_tim.o(i.HAL_TIM_Base_Start_IT)
    HAL_TIM_ConfigClockSource                0x08002b1d   Thumb Code   220  stm32f4xx_hal_tim.o(i.HAL_TIM_ConfigClockSource)
    HAL_TIM_IC_CaptureCallback               0x08002bf9   Thumb Code     2  stm32f4xx_hal_tim.o(i.HAL_TIM_IC_CaptureCallback)
    HAL_TIM_IRQHandler                       0x08002bfb   Thumb Code   358  stm32f4xx_hal_tim.o(i.HAL_TIM_IRQHandler)
    HAL_TIM_MspPostInit                      0x08002d61   Thumb Code   110  tim.o(i.HAL_TIM_MspPostInit)
    HAL_TIM_OC_ConfigChannel                 0x08002de5   Thumb Code    82  stm32f4xx_hal_tim.o(i.HAL_TIM_OC_ConfigChannel)
    HAL_TIM_OC_DelayElapsedCallback          0x08002e39   Thumb Code   290  stepmotor.o(i.HAL_TIM_OC_DelayElapsedCallback)
    HAL_TIM_OC_Init                          0x08002f79   Thumb Code    90  stm32f4xx_hal_tim.o(i.HAL_TIM_OC_Init)
    HAL_TIM_OC_MspInit                       0x08002fd3   Thumb Code     2  stm32f4xx_hal_tim.o(i.HAL_TIM_OC_MspInit)
    HAL_TIM_OC_Start_IT                      0x08002fd5   Thumb Code   236  stm32f4xx_hal_tim.o(i.HAL_TIM_OC_Start_IT)
    HAL_TIM_OC_Stop_IT                       0x080030dd   Thumb Code   178  stm32f4xx_hal_tim.o(i.HAL_TIM_OC_Stop_IT)
    HAL_TIM_PWM_PulseFinishedCallback        0x08003199   Thumb Code     2  stm32f4xx_hal_tim.o(i.HAL_TIM_PWM_PulseFinishedCallback)
    HAL_TIM_PeriodElapsedCallback            0x0800319d   Thumb Code    14  tim.o(i.HAL_TIM_PeriodElapsedCallback)
    HAL_TIM_TriggerCallback                  0x080031b1   Thumb Code     2  stm32f4xx_hal_tim.o(i.HAL_TIM_TriggerCallback)
    HAL_UARTEx_RxEventCallback               0x080031b3   Thumb Code     2  stm32f4xx_hal_uart.o(i.HAL_UARTEx_RxEventCallback)
    HAL_UART_ErrorCallback                   0x080031b5   Thumb Code     2  stm32f4xx_hal_uart.o(i.HAL_UART_ErrorCallback)
    HAL_UART_IRQHandler                      0x080031b9   Thumb Code   610  stm32f4xx_hal_uart.o(i.HAL_UART_IRQHandler)
    HAL_UART_Init                            0x08003421   Thumb Code    98  stm32f4xx_hal_uart.o(i.HAL_UART_Init)
    HAL_UART_MspInit                         0x08003485   Thumb Code   370  usart.o(i.HAL_UART_MspInit)
    HAL_UART_Receive_IT                      0x08003631   Thumb Code    42  stm32f4xx_hal_uart.o(i.HAL_UART_Receive_IT)
    HAL_UART_RxCpltCallback                  0x0800365d   Thumb Code    68  usart.o(i.HAL_UART_RxCpltCallback)
    HAL_UART_Transmit                        0x080036b9   Thumb Code   176  stm32f4xx_hal_uart.o(i.HAL_UART_Transmit)
    HAL_UART_Transmit_IT                     0x08003769   Thumb Code    62  stm32f4xx_hal_uart.o(i.HAL_UART_Transmit_IT)
    HAL_UART_TxCpltCallback                  0x080037a7   Thumb Code     2  stm32f4xx_hal_uart.o(i.HAL_UART_TxCpltCallback)
    HardFault_Handler                        0x080037a9   Thumb Code     2  stm32f4xx_it.o(i.HardFault_Handler)
    MX_DMA_Init                              0x080037ad   Thumb Code    56  dma.o(i.MX_DMA_Init)
    MX_GPIO_Init                             0x080037e9   Thumb Code   608  gpio.o(i.MX_GPIO_Init)
    MX_SPI1_Init                             0x08003a69   Thumb Code    60  spi.o(i.MX_SPI1_Init)
    MX_TIM1_Init                             0x08003aad   Thumb Code   196  tim.o(i.MX_TIM1_Init)
    MX_TIM4_Init                             0x08003b79   Thumb Code   148  tim.o(i.MX_TIM4_Init)
    MX_TIM6_Init                             0x08003c15   Thumb Code    62  tim.o(i.MX_TIM6_Init)
    MX_UART4_Init                            0x08003c5d   Thumb Code    48  usart.o(i.MX_UART4_Init)
    MX_UART5_Init                            0x08003c95   Thumb Code    48  usart.o(i.MX_UART5_Init)
    MX_USART1_UART_Init                      0x08003ccd   Thumb Code    48  usart.o(i.MX_USART1_UART_Init)
    MemManage_Handler                        0x08003d05   Thumb Code     2  stm32f4xx_it.o(i.MemManage_Handler)
    NMI_Handler                              0x08003d07   Thumb Code     2  stm32f4xx_it.o(i.NMI_Handler)
    PendSV_Handler                           0x08003d09   Thumb Code     2  stm32f4xx_it.o(i.PendSV_Handler)
    ST7789_Fill_Color                        0x08003ead   Thumb Code    78  st7789.o(i.ST7789_Fill_Color)
    ST7789_Init                              0x08003f05   Thumb Code   282  st7789.o(i.ST7789_Init)
    ST7789_SetRotation                       0x080040c9   Thumb Code    48  st7789.o(i.ST7789_SetRotation)
    SVC_Handler                              0x080041fd   Thumb Code     2  stm32f4xx_it.o(i.SVC_Handler)
    SysTick_Handler                          0x080041ff   Thumb Code     4  stm32f4xx_it.o(i.SysTick_Handler)
    SystemClock_Config                       0x08004205   Thumb Code   140  main.o(i.SystemClock_Config)
    SystemInit                               0x08004299   Thumb Code    12  system_stm32f4xx.o(i.SystemInit)
    TIM1_BRK_TIM9_IRQHandler                 0x080042a9   Thumb Code     6  stm32f4xx_it.o(i.TIM1_BRK_TIM9_IRQHandler)
    TIM4_IRQHandler                          0x080042b5   Thumb Code     6  stm32f4xx_it.o(i.TIM4_IRQHandler)
    TIM6_DAC_IRQHandler                      0x080042c1   Thumb Code     6  stm32f4xx_it.o(i.TIM6_DAC_IRQHandler)
    TIM_Base_SetConfig                       0x080042cd   Thumb Code   156  stm32f4xx_hal_tim.o(i.TIM_Base_SetConfig)
    TIM_CCxChannelCmd                        0x08004395   Thumb Code    26  stm32f4xx_hal_tim.o(i.TIM_CCxChannelCmd)
    TIM_ETR_SetConfig                        0x080043af   Thumb Code    20  stm32f4xx_hal_tim.o(i.TIM_ETR_SetConfig)
    TIM_OC2_SetConfig                        0x08004435   Thumb Code    98  stm32f4xx_hal_tim.o(i.TIM_OC2_SetConfig)
    UART4_IRQHandler                         0x080045a1   Thumb Code     6  stm32f4xx_it.o(i.UART4_IRQHandler)
    UART5_IRQHandler                         0x080045ad   Thumb Code     6  stm32f4xx_it.o(i.UART5_IRQHandler)
    UART_Start_Receive_IT                    0x080047e5   Thumb Code    58  stm32f4xx_hal_uart.o(i.UART_Start_Receive_IT)
    USART1_IRQHandler                        0x08004895   Thumb Code     6  stm32f4xx_it.o(i.USART1_IRQHandler)
    UsageFault_Handler                       0x080048a1   Thumb Code     2  stm32f4xx_it.o(i.UsageFault_Handler)
    __ARM_fpclassify                         0x080048a3   Thumb Code    48  fpclassify.o(i.__ARM_fpclassify)
    __hardfp_pow                             0x080048f9   Thumb Code  3072  pow.o(i.__hardfp_pow)
    __kernel_poly                            0x08005549   Thumb Code   248  poly.o(i.__kernel_poly)
    __mathlib_dbl_divzero                    0x08005641   Thumb Code    28  dunder.o(i.__mathlib_dbl_divzero)
    __mathlib_dbl_infnan2                    0x08005671   Thumb Code    20  dunder.o(i.__mathlib_dbl_infnan2)
    __mathlib_dbl_invalid                    0x08005689   Thumb Code    24  dunder.o(i.__mathlib_dbl_invalid)
    __mathlib_dbl_overflow                   0x080056a9   Thumb Code    24  dunder.o(i.__mathlib_dbl_overflow)
    __mathlib_dbl_underflow                  0x080056c9   Thumb Code    24  dunder.o(i.__mathlib_dbl_underflow)
    _a_recv_handler                          0x080056e9   Thumb Code    40  dewenlcd.o(i._a_recv_handler)
    _is_digit                                0x080057a5   Thumb Code    14  __printf_wp.o(i._is_digit)
    _serial_bytes_available                  0x080057b5   Thumb Code    12  dewenlcd.o(i._serial_bytes_available)
    _serial_recv_byte                        0x080057c5   Thumb Code    16  dewenlcd.o(i._serial_recv_byte)
    _serial_send_data                        0x080057d5   Thumb Code    12  dewenlcd.o(i._serial_send_data)
    _sys_exit                                0x080057e1   Thumb Code     2  usart.o(i._sys_exit)
    beep_init                                0x080057e3   Thumb Code     2  beep.o(i.beep_init)
    buffer_u16                               0x080057e5   Thumb Code    52  dgus_lcd.o(i.buffer_u16)
    buffer_u32_1                             0x08005819   Thumb Code    44  dgus_lcd.o(i.buffer_u32_1)
    buffer_u8                                0x08005845   Thumb Code    30  dgus_lcd.o(i.buffer_u8)
    button_task                              0x08005863   Thumb Code     4  app.o(i.button_task)
    calc_speed                               0x08005869   Thumb Code   704  stepmotor.o(i.calc_speed)
    data_receive_task                        0x08005b55   Thumb Code     4  app.o(i.data_receive_task)
    debug_task                               0x08005b59   Thumb Code     2  app.o(i.debug_task)
    dgus_delay                               0x08005b5b   Thumb Code     2  dewenlcd.o(i.dgus_delay)
    dgus_init                                0x08005b5d   Thumb Code    14  dgus_lcd.o(i.dgus_init)
    dgus_packet_init                         0x08005b71   Thumb Code    22  dgus_lcd.o(i.dgus_packet_init)
    dgus_packet_set_len                      0x08005b8d   Thumb Code     6  dgus_lcd.o(i.dgus_packet_set_len)
    dgus_recv_data                           0x08005b95   Thumb Code   146  dgus_lcd.o(i.dgus_recv_data)
    dgus_set_page                            0x08005c31   Thumb Code    10  dgus_util.o(i.dgus_set_page)
    dgus_set_text_padded                     0x08005c41   Thumb Code    58  dgus_control_text.o(i.dgus_set_text_padded)
    dgus_set_var                             0x08005c7b   Thumb Code    36  dgus_lcd.o(i.dgus_set_var)
    diwenlcd_init                            0x08005ca1   Thumb Code   124  dewenlcd.o(i.diwenlcd_init)
    fabs                                     0x08005d45   Thumb Code    24  fabs.o(i.fabs)
    flex_button_register                     0x08005efd   Thumb Code    80  flexible_button.o(i.flex_button_register)
    flex_button_scan                         0x08005f51   Thumb Code    56  flexible_button.o(i.flex_button_scan)
    fputc                                    0x08005f8d   Thumb Code    20  usart.o(i.fputc)
    keyboard_read_col                        0x08006041   Thumb Code    56  matrixkey.o(i.keyboard_read_col)
    keyboard_scan                            0x08006085   Thumb Code   110  matrixkey.o(i.keyboard_scan)
    keyboard_write_row                       0x080060f5   Thumb Code    78  matrixkey.o(i.keyboard_write_row)
    led_ctl                                  0x0800614d   Thumb Code   148  led.o(i.led_ctl)
    led_init                                 0x080061e9   Thumb Code     2  led.o(i.led_init)
    lwrb_get_free                            0x080061eb   Thumb Code    38  lwrb.o(i.lwrb_get_free)
    lwrb_get_full                            0x08006211   Thumb Code    42  lwrb.o(i.lwrb_get_full)
    lwrb_init                                0x0800623b   Thumb Code    24  lwrb.o(i.lwrb_init)
    lwrb_is_ready                            0x08006253   Thumb Code    18  lwrb.o(i.lwrb_is_ready)
    lwrb_read                                0x08006265   Thumb Code    22  lwrb.o(i.lwrb_read)
    lwrb_read_ex                             0x0800627b   Thumb Code   142  lwrb.o(i.lwrb_read_ex)
    lwrb_write                               0x08006309   Thumb Code    22  lwrb.o(i.lwrb_write)
    lwrb_write_ex                            0x0800631f   Thumb Code   142  lwrb.o(i.lwrb_write_ex)
    main                                     0x080063ad   Thumb Code    64  main.o(i.main)
    matrixkey_init                           0x080066ad   Thumb Code    82  matrixkey.o(i.matrixkey_init)
    max485_receive                           0x0800670d   Thumb Code    16  dewenlcd.o(i.max485_receive)
    max485_send                              0x08006721   Thumb Code    50  dewenlcd.o(i.max485_send)
    my_mem_free                              0x0800675d   Thumb Code    78  malloc.o(i.my_mem_free)
    my_mem_init                              0x080067b5   Thumb Code    50  malloc.o(i.my_mem_init)
    my_mem_malloc                            0x080067f1   Thumb Code   130  malloc.o(i.my_mem_malloc)
    my_mem_perused                           0x0800687d   Thumb Code    48  malloc.o(i.my_mem_perused)
    myfree                                   0x080068b5   Thumb Code    20  malloc.o(i.myfree)
    mymalloc                                 0x080068cd   Thumb Code    28  malloc.o(i.mymalloc)
    mymemset                                 0x080068ed   Thumb Code    12  malloc.o(i.mymemset)
    relay_init                               0x080069a1   Thumb Code     2  relay.o(i.relay_init)
    send_data                                0x080069d5   Thumb Code    82  dgus_lcd.o(i.send_data)
    sqrt                                     0x08006a2d   Thumb Code   110  sqrt.o(i.sqrt)
    stepmotor1_move_rel                      0x08006a9d   Thumb Code   194  stepmotor.o(i.stepmotor1_move_rel)
    stepper_init                             0x08006b95   Thumb Code    38  stepmotor.o(i.stepper_init)
    stepper_stop                             0x08006bcd   Thumb Code    24  stepmotor.o(i.stepper_stop)
    stim_init                                0x08006bed   Thumb Code   128  smarttimer.o(i.stim_init)
    stim_loop                                0x08006c81   Thumb Code    16  smarttimer.o(i.stim_loop)
    stim_mainloop                            0x08006c91   Thumb Code    88  smarttimer.o(i.stim_mainloop)
    stim_runlater                            0x08006ced   Thumb Code    18  smarttimer.o(i.stim_runlater)
    stim_start_task                          0x08006d01   Thumb Code    56  app.o(i.stim_start_task)
    stim_tick                                0x08006d3d   Thumb Code   144  smarttimer.o(i.stim_tick)
    sys_task                                 0x08006dd5   Thumb Code    46  app.o(i.sys_task)
    system_start_task                        0x08006e0d   Thumb Code    50  app.o(i.system_start_task)
    tirpod_init                              0x08006e51   Thumb Code    14  tirpod.o(i.tirpod_init)
    touchkey_init                            0x08006f0d   Thumb Code    80  touchkey.o(i.touchkey_init)
    vision_init                              0x08006f69   Thumb Code     2  vision.o(i.vision_init)
    voice_init                               0x08006f6b   Thumb Code     6  voice.o(i.voice_init)
    _get_lc_numeric                          0x08006f71   Thumb Code    44  lc_numeric_c.o(locale$$code)
    __aeabi_dneg                             0x08006f9d   Thumb Code     0  basic.o(x$fpl$basic)
    _dneg                                    0x08006f9d   Thumb Code     6  basic.o(x$fpl$basic)
    __aeabi_fneg                             0x08006fa3   Thumb Code     0  basic.o(x$fpl$basic)
    _fneg                                    0x08006fa3   Thumb Code     6  basic.o(x$fpl$basic)
    _dabs                                    0x08006fa9   Thumb Code     6  basic.o(x$fpl$basic)
    _fabs                                    0x08006faf   Thumb Code     6  basic.o(x$fpl$basic)
    __aeabi_d2f                              0x08006fb5   Thumb Code     0  d2f.o(x$fpl$d2f)
    _d2f                                     0x08006fb5   Thumb Code    98  d2f.o(x$fpl$d2f)
    __aeabi_dadd                             0x08007019   Thumb Code     0  daddsub_clz.o(x$fpl$dadd)
    _dadd                                    0x08007019   Thumb Code   332  daddsub_clz.o(x$fpl$dadd)
    __fpl_dcheck_NaN1                        0x08007169   Thumb Code    10  dcheck1.o(x$fpl$dcheck1)
    __fpl_dcmp_Inf                           0x08007179   Thumb Code    24  dcmpi.o(x$fpl$dcmpinf)
    __aeabi_ddiv                             0x08007191   Thumb Code     0  ddiv.o(x$fpl$ddiv)
    _ddiv                                    0x08007191   Thumb Code   552  ddiv.o(x$fpl$ddiv)
    __aeabi_d2iz                             0x08007441   Thumb Code     0  dfix.o(x$fpl$dfix)
    _dfix                                    0x08007441   Thumb Code    94  dfix.o(x$fpl$dfix)
    __aeabi_i2d                              0x0800749f   Thumb Code     0  dflt_clz.o(x$fpl$dflt)
    _dflt                                    0x0800749f   Thumb Code    46  dflt_clz.o(x$fpl$dflt)
    __aeabi_ui2d                             0x080074cd   Thumb Code     0  dflt_clz.o(x$fpl$dfltu)
    _dfltu                                   0x080074cd   Thumb Code    38  dflt_clz.o(x$fpl$dfltu)
    __aeabi_cdcmple                          0x080074f5   Thumb Code     0  dleqf.o(x$fpl$dleqf)
    _dcmple                                  0x080074f5   Thumb Code   120  dleqf.o(x$fpl$dleqf)
    __fpl_dcmple_InfNaN                      0x08007557   Thumb Code     0  dleqf.o(x$fpl$dleqf)
    __aeabi_dmul                             0x0800756d   Thumb Code     0  dmul.o(x$fpl$dmul)
    _dmul                                    0x0800756d   Thumb Code   332  dmul.o(x$fpl$dmul)
    __fpl_dnaninf                            0x080076c1   Thumb Code   156  dnaninf.o(x$fpl$dnaninf)
    __fpl_dretinf                            0x0800775d   Thumb Code    12  dretinf.o(x$fpl$dretinf)
    __aeabi_cdrcmple                         0x08007769   Thumb Code     0  drleqf.o(x$fpl$drleqf)
    _drcmple                                 0x08007769   Thumb Code   108  drleqf.o(x$fpl$drleqf)
    __aeabi_drsub                            0x080077d5   Thumb Code     0  daddsub_clz.o(x$fpl$drsb)
    _drsb                                    0x080077d5   Thumb Code    22  daddsub_clz.o(x$fpl$drsb)
    _dsqrt                                   0x080077ed   Thumb Code   404  dsqrt_umaal.o(x$fpl$dsqrt)
    __aeabi_dsub                             0x08007985   Thumb Code     0  daddsub_clz.o(x$fpl$dsub)
    _dsub                                    0x08007985   Thumb Code   464  daddsub_clz.o(x$fpl$dsub)
    __aeabi_f2d                              0x08007b59   Thumb Code     0  f2d.o(x$fpl$f2d)
    _f2d                                     0x08007b59   Thumb Code    86  f2d.o(x$fpl$f2d)
    __fpl_fnaninf                            0x08007baf   Thumb Code   140  fnaninf.o(x$fpl$fnaninf)
    _fp_init                                 0x08007c3b   Thumb Code    10  fpinit.o(x$fpl$fpinit)
    __fplib_config_fpu_vfp                   0x08007c43   Thumb Code     0  fpinit.o(x$fpl$fpinit)
    __fplib_config_pureend_doubles           0x08007c43   Thumb Code     0  fpinit.o(x$fpl$fpinit)
    __fpl_fretinf                            0x08007c45   Thumb Code    10  fretinf.o(x$fpl$fretinf)
    _printf_fp_dec                           0x08007c4f   Thumb Code     4  printf1.o(x$fpl$printf1)
    __fpl_return_NaN                         0x08007c53   Thumb Code   100  retnan.o(x$fpl$retnan)
    __ARM_scalbn                             0x08007cb7   Thumb Code    92  scalbn.o(x$fpl$scalbn)
    __fpl_cmpreturn                          0x08007d13   Thumb Code    48  trapv.o(x$fpl$trapveneer)
    __I$use$fp                               0x08007d42   Number         0  usenofp.o(x$fpl$usenofp)
    AHBPrescTable                            0x08007d4a   Data          16  system_stm32f4xx.o(.constdata)
    APBPrescTable                            0x08007d5a   Data           8  system_stm32f4xx.o(.constdata)
    memtblsize                               0x08007d64   Data           8  malloc.o(.constdata)
    memblksize                               0x08007d6c   Data           8  malloc.o(.constdata)
    memsize                                  0x08007d74   Data           8  malloc.o(.constdata)
    __mathlib_zero                           0x08007e18   Data           8  qnan.o(.constdata)
    Region$$Table$$Base                      0x08007eb4   Number         0  anon$$obj.o(Region$$Table)
    Region$$Table$$Limit                     0x08007ef4   Number         0  anon$$obj.o(Region$$Table)
    mem2base                                 0x10000000   Data       61440  malloc.o(.ARM.__AT_0x10000000)
    mem2mapbase                              0x1000f000   Data        3840  malloc.o(.ARM.__AT_0x1000F000)
    uwTickFreq                               0x20000000   Data           1  stm32f4xx_hal.o(.data)
    uwTickPrio                               0x20000004   Data           4  stm32f4xx_hal.o(.data)
    uwTick                                   0x20000008   Data           4  stm32f4xx_hal.o(.data)
    g_step_angle                             0x2000000c   Data           2  matrixkey.o(.data)
    diwenlcd_recv_byte                       0x2000000e   Data           1  dewenlcd.o(.data)
    g_motor_sta                              0x20000010   Data           1  stepmotor.o(.data)
    g_toggle_pulse                           0x20000012   Data           2  stepmotor.o(.data)
    g_step_pos                               0x20000014   Data           4  stepmotor.o(.data)
    g_add_pulse_count                        0x20000018   Data           4  stepmotor.o(.data)
    vision_recv_byte                         0x2000001c   Data           1  vision.o(.data)
    mem1base                                 0x20000020   Data       112640  malloc.o(.bss)
    __stdout                                 0x2001c000   Data           4  usart.o(.data)
    SystemCoreClock                          0x2001c004   Data           4  system_stm32f4xx.o(.data)
    mallco_dev                               0x2001c008   Data          28  malloc.o(.data)
    g_logic_level                            0x2001c030   Data           4  flexible_button.o(.data)
    g_btn_status_reg                         0x2001c034   Data           4  flexible_button.o(.data)
    DMA_MIN_SIZE                             0x2001c050   Data           2  st7789.o(.data)
    hspi1                                    0x2001c054   Data          88  spi.o(.bss)
    hdma_spi1_rx                             0x2001c0ac   Data          96  spi.o(.bss)
    hdma_spi1_tx                             0x2001c10c   Data          96  spi.o(.bss)
    htim1                                    0x2001c16c   Data          72  tim.o(.bss)
    htim4                                    0x2001c1b4   Data          72  tim.o(.bss)
    htim6                                    0x2001c1fc   Data          72  tim.o(.bss)
    huart4                                   0x2001c244   Data          68  usart.o(.bss)
    huart5                                   0x2001c288   Data          68  usart.o(.bss)
    huart1                                   0x2001c2cc   Data          68  usart.o(.bss)
    mem1mapbase                              0x2001c310   Data        7040  malloc.o(.bss)
    disp_buf                                 0x2001e470   Data        3200  st7789.o(.bss)
    diwenlcd_uart_buff                       0x2001f0f0   Data          20  dewenlcd.o(.bss)
    diwenlcd_buff_data                       0x2001f104   Data          64  dewenlcd.o(.bss)
    g_calc_t                                 0x2001f144   Data          40  stepmotor.o(.bss)
    vision_uart_buff                         0x2001f16c   Data          20  vision.o(.bss)
    vision_buff_data                         0x2001f180   Data          64  vision.o(.bss)
    __libspace_start                         0x2001f1c0   Data          96  libspace.o(.bss)
    __temporary_stack_top$libspace           0x2001f220   Data           0  libspace.o(.bss)



==============================================================================

Memory Map of the image

  Image Entry point : 0x08000189

  Load Region LR_IROM1 (Base: 0x08000000, Size: 0x00007f84, Max: 0x00100000, ABSOLUTE)

    Execution Region ER_IROM1 (Exec base: 0x08000000, Load base: 0x08000000, Size: 0x00007f10, Max: 0x00100000, ABSOLUTE)

    Exec Addr    Load Addr    Size         Type   Attr      Idx    E Section Name        Object

    0x08000000   0x08000000   0x00000188   Data   RO            3    RESET               startup_stm32f407xx.o
    0x08000188   0x08000188   0x00000008   Code   RO         5417  * !!!main             c_w.l(__main.o)
    0x08000190   0x08000190   0x00000034   Code   RO         5882    !!!scatter          c_w.l(__scatter.o)
    0x080001c4   0x080001c4   0x0000001a   Code   RO         5884    !!handler_copy      c_w.l(__scatter_copy.o)
    0x080001de   0x080001de   0x00000002   PAD
    0x080001e0   0x080001e0   0x0000001c   Code   RO         5886    !!handler_zi        c_w.l(__scatter_zi.o)
    0x080001fc   0x080001fc   0x00000000   Code   RO         5400    .ARM.Collect$$_printf_percent$$00000000  c_w.l(_printf_percent.o)
    0x080001fc   0x080001fc   0x00000006   Code   RO         5399    .ARM.Collect$$_printf_percent$$00000003  c_w.l(_printf_f.o)
    0x08000202   0x08000202   0x00000006   Code   RO         5398    .ARM.Collect$$_printf_percent$$00000009  c_w.l(_printf_d.o)
    0x08000208   0x08000208   0x00000004   Code   RO         5562    .ARM.Collect$$_printf_percent$$00000017  c_w.l(_printf_percent_end.o)
    0x0800020c   0x0800020c   0x00000002   Code   RO         5808    .ARM.Collect$$libinit$$00000000  c_w.l(libinit.o)
    0x0800020e   0x0800020e   0x00000004   Code   RO         5728    .ARM.Collect$$libinit$$00000001  c_w.l(libinit2.o)
    0x08000212   0x08000212   0x00000000   Code   RO         5731    .ARM.Collect$$libinit$$00000004  c_w.l(libinit2.o)
    0x08000212   0x08000212   0x00000000   Code   RO         5734    .ARM.Collect$$libinit$$0000000A  c_w.l(libinit2.o)
    0x08000212   0x08000212   0x00000000   Code   RO         5736    .ARM.Collect$$libinit$$0000000C  c_w.l(libinit2.o)
    0x08000212   0x08000212   0x00000000   Code   RO         5738    .ARM.Collect$$libinit$$0000000E  c_w.l(libinit2.o)
    0x08000212   0x08000212   0x00000006   Code   RO         5739    .ARM.Collect$$libinit$$0000000F  c_w.l(libinit2.o)
    0x08000218   0x08000218   0x00000000   Code   RO         5741    .ARM.Collect$$libinit$$00000011  c_w.l(libinit2.o)
    0x08000218   0x08000218   0x00000000   Code   RO         5743    .ARM.Collect$$libinit$$00000013  c_w.l(libinit2.o)
    0x08000218   0x08000218   0x00000000   Code   RO         5745    .ARM.Collect$$libinit$$00000015  c_w.l(libinit2.o)
    0x08000218   0x08000218   0x0000000a   Code   RO         5746    .ARM.Collect$$libinit$$00000016  c_w.l(libinit2.o)
    0x08000222   0x08000222   0x00000000   Code   RO         5747    .ARM.Collect$$libinit$$00000017  c_w.l(libinit2.o)
    0x08000222   0x08000222   0x00000000   Code   RO         5749    .ARM.Collect$$libinit$$00000019  c_w.l(libinit2.o)
    0x08000222   0x08000222   0x00000000   Code   RO         5751    .ARM.Collect$$libinit$$0000001B  c_w.l(libinit2.o)
    0x08000222   0x08000222   0x00000000   Code   RO         5753    .ARM.Collect$$libinit$$0000001D  c_w.l(libinit2.o)
    0x08000222   0x08000222   0x00000000   Code   RO         5755    .ARM.Collect$$libinit$$0000001F  c_w.l(libinit2.o)
    0x08000222   0x08000222   0x00000000   Code   RO         5757    .ARM.Collect$$libinit$$00000021  c_w.l(libinit2.o)
    0x08000222   0x08000222   0x00000000   Code   RO         5759    .ARM.Collect$$libinit$$00000023  c_w.l(libinit2.o)
    0x08000222   0x08000222   0x00000000   Code   RO         5761    .ARM.Collect$$libinit$$00000025  c_w.l(libinit2.o)
    0x08000222   0x08000222   0x00000000   Code   RO         5765    .ARM.Collect$$libinit$$0000002C  c_w.l(libinit2.o)
    0x08000222   0x08000222   0x00000000   Code   RO         5767    .ARM.Collect$$libinit$$0000002E  c_w.l(libinit2.o)
    0x08000222   0x08000222   0x00000000   Code   RO         5769    .ARM.Collect$$libinit$$00000030  c_w.l(libinit2.o)
    0x08000222   0x08000222   0x00000000   Code   RO         5771    .ARM.Collect$$libinit$$00000032  c_w.l(libinit2.o)
    0x08000222   0x08000222   0x00000002   Code   RO         5772    .ARM.Collect$$libinit$$00000033  c_w.l(libinit2.o)
    0x08000224   0x08000224   0x00000002   Code   RO         5879    .ARM.Collect$$libshutdown$$00000000  c_w.l(libshutdown.o)
    0x08000226   0x08000226   0x00000000   Code   RO         5835    .ARM.Collect$$libshutdown$$00000002  c_w.l(libshutdown2.o)
    0x08000226   0x08000226   0x00000000   Code   RO         5837    .ARM.Collect$$libshutdown$$00000004  c_w.l(libshutdown2.o)
    0x08000226   0x08000226   0x00000000   Code   RO         5839    .ARM.Collect$$libshutdown$$00000006  c_w.l(libshutdown2.o)
    0x08000226   0x08000226   0x00000000   Code   RO         5842    .ARM.Collect$$libshutdown$$00000009  c_w.l(libshutdown2.o)
    0x08000226   0x08000226   0x00000000   Code   RO         5845    .ARM.Collect$$libshutdown$$0000000C  c_w.l(libshutdown2.o)
    0x08000226   0x08000226   0x00000000   Code   RO         5847    .ARM.Collect$$libshutdown$$0000000E  c_w.l(libshutdown2.o)
    0x08000226   0x08000226   0x00000000   Code   RO         5850    .ARM.Collect$$libshutdown$$00000011  c_w.l(libshutdown2.o)
    0x08000226   0x08000226   0x00000002   Code   RO         5851    .ARM.Collect$$libshutdown$$00000012  c_w.l(libshutdown2.o)
    0x08000228   0x08000228   0x00000000   Code   RO         5465    .ARM.Collect$$rtentry$$00000000  c_w.l(__rtentry.o)
    0x08000228   0x08000228   0x00000000   Code   RO         5636    .ARM.Collect$$rtentry$$00000002  c_w.l(__rtentry2.o)
    0x08000228   0x08000228   0x00000006   Code   RO         5648    .ARM.Collect$$rtentry$$00000004  c_w.l(__rtentry4.o)
    0x0800022e   0x0800022e   0x00000000   Code   RO         5638    .ARM.Collect$$rtentry$$00000009  c_w.l(__rtentry2.o)
    0x0800022e   0x0800022e   0x00000004   Code   RO         5639    .ARM.Collect$$rtentry$$0000000A  c_w.l(__rtentry2.o)
    0x08000232   0x08000232   0x00000000   Code   RO         5641    .ARM.Collect$$rtentry$$0000000C  c_w.l(__rtentry2.o)
    0x08000232   0x08000232   0x00000008   Code   RO         5642    .ARM.Collect$$rtentry$$0000000D  c_w.l(__rtentry2.o)
    0x0800023a   0x0800023a   0x00000002   Code   RO         5815    .ARM.Collect$$rtexit$$00000000  c_w.l(rtexit.o)
    0x0800023c   0x0800023c   0x00000000   Code   RO         5855    .ARM.Collect$$rtexit$$00000002  c_w.l(rtexit2.o)
    0x0800023c   0x0800023c   0x00000004   Code   RO         5856    .ARM.Collect$$rtexit$$00000003  c_w.l(rtexit2.o)
    0x08000240   0x08000240   0x00000006   Code   RO         5857    .ARM.Collect$$rtexit$$00000004  c_w.l(rtexit2.o)
    0x08000246   0x08000246   0x00000002   PAD
    0x08000248   0x08000248   0x00000040   Code   RO            4    .text               startup_stm32f407xx.o
    0x08000288   0x08000288   0x00000002   Code   RO         5306    .text               c_w.l(use_no_semi_2.o)
    0x0800028a   0x0800028a   0x000000ee   Code   RO         5366    .text               c_w.l(lludivv7m.o)
    0x08000378   0x08000378   0x00000018   Code   RO         5370    .text               c_w.l(__2printf.o)
    0x08000390   0x08000390   0x00000078   Code   RO         5376    .text               c_w.l(_printf_dec.o)
    0x08000408   0x08000408   0x00000188   Code   RO         5395    .text               c_w.l(__printf_flags_ss_wp.o)
    0x08000590   0x08000590   0x0000003e   Code   RO         5401    .text               c_w.l(strlen.o)
    0x080005ce   0x080005ce   0x0000008a   Code   RO         5403    .text               c_w.l(rt_memcpy_v6.o)
    0x08000658   0x08000658   0x00000010   Code   RO         5405    .text               c_w.l(aeabi_memset.o)
    0x08000668   0x08000668   0x00000044   Code   RO         5407    .text               c_w.l(rt_memclr.o)
    0x080006ac   0x080006ac   0x0000004e   Code   RO         5409    .text               c_w.l(rt_memclr_w.o)
    0x080006fa   0x080006fa   0x00000002   PAD
    0x080006fc   0x080006fc   0x00000080   Code   RO         5413    .text               c_w.l(strcmpv7m.o)
    0x0800077c   0x0800077c   0x00000006   Code   RO         5415    .text               c_w.l(heapauxi.o)
    0x08000782   0x08000782   0x00000002   Code   RO         5461    .text               c_w.l(use_no_semi.o)
    0x08000784   0x08000784   0x00000016   Code   RO         5497    .text               c_w.l(_rserrno.o)
    0x0800079a   0x0800079a   0x000000b2   Code   RO         5505    .text               c_w.l(_printf_intcommon.o)
    0x0800084c   0x0800084c   0x0000041e   Code   RO         5509    .text               c_w.l(_printf_fp_dec.o)
    0x08000c6a   0x08000c6a   0x00000002   PAD
    0x08000c6c   0x08000c6c   0x00000030   Code   RO         5511    .text               c_w.l(_printf_char_common.o)
    0x08000c9c   0x08000c9c   0x00000024   Code   RO         5517    .text               c_w.l(_printf_char_file.o)
    0x08000cc0   0x08000cc0   0x00000064   Code   RO         5572    .text               c_w.l(rt_memcpy_w.o)
    0x08000d24   0x08000d24   0x00000008   Code   RO         5632    .text               c_w.l(libspace.o)
    0x08000d2c   0x08000d2c   0x00000008   Code   RO         5655    .text               c_w.l(rt_locale_intlibspace.o)
    0x08000d34   0x08000d34   0x00000008   Code   RO         5660    .text               c_w.l(rt_errno_addr_intlibspace.o)
    0x08000d3c   0x08000d3c   0x0000008a   Code   RO         5672    .text               c_w.l(lludiv10.o)
    0x08000dc6   0x08000dc6   0x00000002   PAD
    0x08000dc8   0x08000dc8   0x00000080   Code   RO         5677    .text               c_w.l(_printf_fp_infnan.o)
    0x08000e48   0x08000e48   0x000000e4   Code   RO         5685    .text               c_w.l(bigflt0.o)
    0x08000f2c   0x08000f2c   0x00000008   Code   RO         5710    .text               c_w.l(ferror.o)
    0x08000f34   0x08000f34   0x0000004a   Code   RO         5781    .text               c_w.l(sys_stackheap_outer.o)
    0x08000f7e   0x08000f7e   0x00000012   Code   RO         5791    .text               c_w.l(exit.o)
    0x08000f90   0x08000f90   0x0000003e   Code   RO         5688    CL$$btod_d2e        c_w.l(btod.o)
    0x08000fce   0x08000fce   0x00000046   Code   RO         5690    CL$$btod_d2e_denorm_low  c_w.l(btod.o)
    0x08001014   0x08001014   0x00000060   Code   RO         5689    CL$$btod_d2e_norm_op1  c_w.l(btod.o)
    0x08001074   0x08001074   0x00000338   Code   RO         5698    CL$$btod_div_common  c_w.l(btod.o)
    0x080013ac   0x080013ac   0x000000dc   Code   RO         5695    CL$$btod_e2e        c_w.l(btod.o)
    0x08001488   0x08001488   0x0000002a   Code   RO         5692    CL$$btod_ediv       c_w.l(btod.o)
    0x080014b2   0x080014b2   0x0000002a   Code   RO         5691    CL$$btod_emul       c_w.l(btod.o)
    0x080014dc   0x080014dc   0x00000244   Code   RO         5697    CL$$btod_mult_common  c_w.l(btod.o)
    0x08001720   0x08001720   0x00000010   Code   RO         4960    i.BY8301_SendData   voice.o
    0x08001730   0x08001730   0x00000034   Code   RO         4963    i.BY8301_setVolume  voice.o
    0x08001764   0x08001764   0x00000002   Code   RO          553    i.BusFault_Handler  stm32f4xx_it.o
    0x08001766   0x08001766   0x00000002   PAD
    0x08001768   0x08001768   0x0000000c   Code   RO          554    i.DMA2_Stream0_IRQHandler  stm32f4xx_it.o
    0x08001774   0x08001774   0x0000000c   Code   RO          555    i.DMA2_Stream3_IRQHandler  stm32f4xx_it.o
    0x08001780   0x08001780   0x00000028   Code   RO         1482    i.DMA_CalcBaseAndBitshift  stm32f4xx_hal_dma.o
    0x080017a8   0x080017a8   0x00000054   Code   RO         1483    i.DMA_CheckFifoParam  stm32f4xx_hal_dma.o
    0x080017fc   0x080017fc   0x00000028   Code   RO         1484    i.DMA_SetConfig     stm32f4xx_hal_dma.o
    0x08001824   0x08001824   0x00000002   Code   RO          556    i.DebugMon_Handler  stm32f4xx_it.o
    0x08001826   0x08001826   0x00000004   Code   RO           13    i.Error_Handler     main.o
    0x0800182a   0x0800182a   0x00000092   Code   RO         1485    i.HAL_DMA_Abort     stm32f4xx_hal_dma.o
    0x080018bc   0x080018bc   0x00000024   Code   RO         1486    i.HAL_DMA_Abort_IT  stm32f4xx_hal_dma.o
    0x080018e0   0x080018e0   0x000001a0   Code   RO         1490    i.HAL_DMA_IRQHandler  stm32f4xx_hal_dma.o
    0x08001a80   0x08001a80   0x000000d4   Code   RO         1491    i.HAL_DMA_Init      stm32f4xx_hal_dma.o
    0x08001b54   0x08001b54   0x0000006e   Code   RO         1495    i.HAL_DMA_Start_IT  stm32f4xx_hal_dma.o
    0x08001bc2   0x08001bc2   0x00000002   PAD
    0x08001bc4   0x08001bc4   0x00000024   Code   RO         1904    i.HAL_Delay         stm32f4xx_hal.o
    0x08001be8   0x08001be8   0x000001d0   Code   RO         1378    i.HAL_GPIO_Init     stm32f4xx_hal_gpio.o
    0x08001db8   0x08001db8   0x0000000a   Code   RO         1380    i.HAL_GPIO_ReadPin  stm32f4xx_hal_gpio.o
    0x08001dc2   0x08001dc2   0x00000010   Code   RO         1381    i.HAL_GPIO_TogglePin  stm32f4xx_hal_gpio.o
    0x08001dd2   0x08001dd2   0x0000000a   Code   RO         1382    i.HAL_GPIO_WritePin  stm32f4xx_hal_gpio.o
    0x08001ddc   0x08001ddc   0x0000000c   Code   RO         1910    i.HAL_GetTick       stm32f4xx_hal.o
    0x08001de8   0x08001de8   0x00000010   Code   RO         1916    i.HAL_IncTick       stm32f4xx_hal.o
    0x08001df8   0x08001df8   0x00000034   Code   RO         1917    i.HAL_Init          stm32f4xx_hal.o
    0x08001e2c   0x08001e2c   0x00000040   Code   RO         1918    i.HAL_InitTick      stm32f4xx_hal.o
    0x08001e6c   0x08001e6c   0x00000030   Code   RO          677    i.HAL_MspInit       stm32f4xx_hal_msp.o
    0x08001e9c   0x08001e9c   0x0000001a   Code   RO         1767    i.HAL_NVIC_EnableIRQ  stm32f4xx_hal_cortex.o
    0x08001eb6   0x08001eb6   0x00000002   PAD
    0x08001eb8   0x08001eb8   0x00000040   Code   RO         1773    i.HAL_NVIC_SetPriority  stm32f4xx_hal_cortex.o
    0x08001ef8   0x08001ef8   0x00000024   Code   RO         1774    i.HAL_NVIC_SetPriorityGrouping  stm32f4xx_hal_cortex.o
    0x08001f1c   0x08001f1c   0x00000134   Code   RO         1024    i.HAL_RCC_ClockConfig  stm32f4xx_hal_rcc.o
    0x08002050   0x08002050   0x00000020   Code   RO         1031    i.HAL_RCC_GetPCLK1Freq  stm32f4xx_hal_rcc.o
    0x08002070   0x08002070   0x00000020   Code   RO         1032    i.HAL_RCC_GetPCLK2Freq  stm32f4xx_hal_rcc.o
    0x08002090   0x08002090   0x00000064   Code   RO         1033    i.HAL_RCC_GetSysClockFreq  stm32f4xx_hal_rcc.o
    0x080020f4   0x080020f4   0x00000358   Code   RO         1036    i.HAL_RCC_OscConfig  stm32f4xx_hal_rcc.o
    0x0800244c   0x0800244c   0x00000002   Code   RO          708    i.HAL_SPI_ErrorCallback  stm32f4xx_hal_spi.o
    0x0800244e   0x0800244e   0x000000bc   Code   RO          712    i.HAL_SPI_Init      stm32f4xx_hal_spi.o
    0x0800250a   0x0800250a   0x00000002   PAD
    0x0800250c   0x0800250c   0x000000d4   Code   RO          222    i.HAL_SPI_MspInit   spi.o
    0x080025e0   0x080025e0   0x0000016a   Code   RO          720    i.HAL_SPI_Transmit  stm32f4xx_hal_spi.o
    0x0800274a   0x0800274a   0x00000002   PAD
    0x0800274c   0x0800274c   0x000000d8   Code   RO          724    i.HAL_SPI_Transmit_DMA  stm32f4xx_hal_spi.o
    0x08002824   0x08002824   0x00000002   Code   RO          726    i.HAL_SPI_TxCpltCallback  stm32f4xx_hal_spi.o
    0x08002826   0x08002826   0x00000002   Code   RO          727    i.HAL_SPI_TxHalfCpltCallback  stm32f4xx_hal_spi.o
    0x08002828   0x08002828   0x00000028   Code   RO         1778    i.HAL_SYSTICK_Config  stm32f4xx_hal_cortex.o
    0x08002850   0x08002850   0x00000002   Code   RO         2861    i.HAL_TIMEx_BreakCallback  stm32f4xx_hal_tim_ex.o
    0x08002852   0x08002852   0x00000002   Code   RO         2862    i.HAL_TIMEx_CommutCallback  stm32f4xx_hal_tim_ex.o
    0x08002854   0x08002854   0x00000054   Code   RO         2864    i.HAL_TIMEx_ConfigBreakDeadTime  stm32f4xx_hal_tim_ex.o
    0x080028a8   0x080028a8   0x00000090   Code   RO         2880    i.HAL_TIMEx_MasterConfigSynchronization  stm32f4xx_hal_tim_ex.o
    0x08002938   0x08002938   0x0000005a   Code   RO         2157    i.HAL_TIM_Base_Init  stm32f4xx_hal_tim.o
    0x08002992   0x08002992   0x00000002   PAD
    0x08002994   0x08002994   0x00000090   Code   RO          264    i.HAL_TIM_Base_MspInit  tim.o
    0x08002a24   0x08002a24   0x00000078   Code   RO         2160    i.HAL_TIM_Base_Start  stm32f4xx_hal_tim.o
    0x08002a9c   0x08002a9c   0x00000080   Code   RO         2162    i.HAL_TIM_Base_Start_IT  stm32f4xx_hal_tim.o
    0x08002b1c   0x08002b1c   0x000000dc   Code   RO         2166    i.HAL_TIM_ConfigClockSource  stm32f4xx_hal_tim.o
    0x08002bf8   0x08002bf8   0x00000002   Code   RO         2191    i.HAL_TIM_IC_CaptureCallback  stm32f4xx_hal_tim.o
    0x08002bfa   0x08002bfa   0x00000166   Code   RO         2205    i.HAL_TIM_IRQHandler  stm32f4xx_hal_tim.o
    0x08002d60   0x08002d60   0x00000084   Code   RO          265    i.HAL_TIM_MspPostInit  tim.o
    0x08002de4   0x08002de4   0x00000052   Code   RO         2206    i.HAL_TIM_OC_ConfigChannel  stm32f4xx_hal_tim.o
    0x08002e36   0x08002e36   0x00000002   PAD
    0x08002e38   0x08002e38   0x00000140   Code   RO         5060    i.HAL_TIM_OC_DelayElapsedCallback  stepmotor.o
    0x08002f78   0x08002f78   0x0000005a   Code   RO         2210    i.HAL_TIM_OC_Init   stm32f4xx_hal_tim.o
    0x08002fd2   0x08002fd2   0x00000002   Code   RO         2212    i.HAL_TIM_OC_MspInit  stm32f4xx_hal_tim.o
    0x08002fd4   0x08002fd4   0x00000108   Code   RO         2215    i.HAL_TIM_OC_Start_IT  stm32f4xx_hal_tim.o
    0x080030dc   0x080030dc   0x000000bc   Code   RO         2218    i.HAL_TIM_OC_Stop_IT  stm32f4xx_hal_tim.o
    0x08003198   0x08003198   0x00000002   Code   RO         2235    i.HAL_TIM_PWM_PulseFinishedCallback  stm32f4xx_hal_tim.o
    0x0800319a   0x0800319a   0x00000002   PAD
    0x0800319c   0x0800319c   0x00000014   Code   RO          266    i.HAL_TIM_PeriodElapsedCallback  tim.o
    0x080031b0   0x080031b0   0x00000002   Code   RO         2248    i.HAL_TIM_TriggerCallback  stm32f4xx_hal_tim.o
    0x080031b2   0x080031b2   0x00000002   Code   RO         3139    i.HAL_UARTEx_RxEventCallback  stm32f4xx_hal_uart.o
    0x080031b4   0x080031b4   0x00000002   Code   RO         3153    i.HAL_UART_ErrorCallback  stm32f4xx_hal_uart.o
    0x080031b6   0x080031b6   0x00000002   PAD
    0x080031b8   0x080031b8   0x00000268   Code   RO         3156    i.HAL_UART_IRQHandler  stm32f4xx_hal_uart.o
    0x08003420   0x08003420   0x00000062   Code   RO         3157    i.HAL_UART_Init     stm32f4xx_hal_uart.o
    0x08003482   0x08003482   0x00000002   PAD
    0x08003484   0x08003484   0x000001ac   Code   RO          330    i.HAL_UART_MspInit  usart.o
    0x08003630   0x08003630   0x0000002a   Code   RO         3162    i.HAL_UART_Receive_IT  stm32f4xx_hal_uart.o
    0x0800365a   0x0800365a   0x00000002   PAD
    0x0800365c   0x0800365c   0x0000005c   Code   RO          331    i.HAL_UART_RxCpltCallback  usart.o
    0x080036b8   0x080036b8   0x000000b0   Code   RO         3165    i.HAL_UART_Transmit  stm32f4xx_hal_uart.o
    0x08003768   0x08003768   0x0000003e   Code   RO         3167    i.HAL_UART_Transmit_IT  stm32f4xx_hal_uart.o
    0x080037a6   0x080037a6   0x00000002   Code   RO         3168    i.HAL_UART_TxCpltCallback  stm32f4xx_hal_uart.o
    0x080037a8   0x080037a8   0x00000002   Code   RO          557    i.HardFault_Handler  stm32f4xx_it.o
    0x080037aa   0x080037aa   0x00000002   PAD
    0x080037ac   0x080037ac   0x0000003c   Code   RO          197    i.MX_DMA_Init       dma.o
    0x080037e8   0x080037e8   0x00000280   Code   RO          173    i.MX_GPIO_Init      gpio.o
    0x08003a68   0x08003a68   0x00000044   Code   RO          223    i.MX_SPI1_Init      spi.o
    0x08003aac   0x08003aac   0x000000cc   Code   RO          267    i.MX_TIM1_Init      tim.o
    0x08003b78   0x08003b78   0x0000009c   Code   RO          268    i.MX_TIM4_Init      tim.o
    0x08003c14   0x08003c14   0x00000048   Code   RO          269    i.MX_TIM6_Init      tim.o
    0x08003c5c   0x08003c5c   0x00000038   Code   RO          332    i.MX_UART4_Init     usart.o
    0x08003c94   0x08003c94   0x00000038   Code   RO          333    i.MX_UART5_Init     usart.o
    0x08003ccc   0x08003ccc   0x00000038   Code   RO          334    i.MX_USART1_UART_Init  usart.o
    0x08003d04   0x08003d04   0x00000002   Code   RO          558    i.MemManage_Handler  stm32f4xx_it.o
    0x08003d06   0x08003d06   0x00000002   Code   RO          559    i.NMI_Handler       stm32f4xx_it.o
    0x08003d08   0x08003d08   0x00000002   Code   RO          560    i.PendSV_Handler    stm32f4xx_it.o
    0x08003d0a   0x08003d0a   0x00000022   Code   RO          740    i.SPI_DMAError      stm32f4xx_hal_spi.o
    0x08003d2c   0x08003d2c   0x0000000a   Code   RO          742    i.SPI_DMAHalfTransmitCplt  stm32f4xx_hal_spi.o
    0x08003d36   0x08003d36   0x00000064   Code   RO          746    i.SPI_DMATransmitCplt  stm32f4xx_hal_spi.o
    0x08003d9a   0x08003d9a   0x00000002   PAD
    0x08003d9c   0x08003d9c   0x00000058   Code   RO          750    i.SPI_EndRxTxTransaction  stm32f4xx_hal_spi.o
    0x08003df4   0x08003df4   0x000000b8   Code   RO          755    i.SPI_WaitFlagStateUntilTimeout  stm32f4xx_hal_spi.o
    0x08003eac   0x08003eac   0x00000058   Code   RO         4663    i.ST7789_Fill_Color  st7789.o
    0x08003f04   0x08003f04   0x0000014c   Code   RO         4664    i.ST7789_Init       st7789.o
    0x08004050   0x08004050   0x00000078   Code   RO         4666    i.ST7789_SetAddressWindow  st7789.o
    0x080040c8   0x080040c8   0x00000030   Code   RO         4667    i.ST7789_SetRotation  st7789.o
    0x080040f8   0x080040f8   0x0000003c   Code   RO         4671    i.ST7789_WriteCommand  st7789.o
    0x08004134   0x08004134   0x0000008c   Code   RO         4672    i.ST7789_WriteData  st7789.o
    0x080041c0   0x080041c0   0x0000003c   Code   RO         4673    i.ST7789_WriteSmallData  st7789.o
    0x080041fc   0x080041fc   0x00000002   Code   RO          561    i.SVC_Handler       stm32f4xx_it.o
    0x080041fe   0x080041fe   0x00000004   Code   RO          562    i.SysTick_Handler   stm32f4xx_it.o
    0x08004202   0x08004202   0x00000002   PAD
    0x08004204   0x08004204   0x00000094   Code   RO           14    i.SystemClock_Config  main.o
    0x08004298   0x08004298   0x00000010   Code   RO         3486    i.SystemInit        system_stm32f4xx.o
    0x080042a8   0x080042a8   0x0000000c   Code   RO          563    i.TIM1_BRK_TIM9_IRQHandler  stm32f4xx_it.o
    0x080042b4   0x080042b4   0x0000000c   Code   RO          564    i.TIM4_IRQHandler   stm32f4xx_it.o
    0x080042c0   0x080042c0   0x0000000c   Code   RO          565    i.TIM6_DAC_IRQHandler  stm32f4xx_it.o
    0x080042cc   0x080042cc   0x000000c8   Code   RO         2250    i.TIM_Base_SetConfig  stm32f4xx_hal_tim.o
    0x08004394   0x08004394   0x0000001a   Code   RO         2251    i.TIM_CCxChannelCmd  stm32f4xx_hal_tim.o
    0x080043ae   0x080043ae   0x00000014   Code   RO         2261    i.TIM_ETR_SetConfig  stm32f4xx_hal_tim.o
    0x080043c2   0x080043c2   0x00000010   Code   RO         2262    i.TIM_ITRx_SetConfig  stm32f4xx_hal_tim.o
    0x080043d2   0x080043d2   0x00000002   PAD
    0x080043d4   0x080043d4   0x00000060   Code   RO         2263    i.TIM_OC1_SetConfig  stm32f4xx_hal_tim.o
    0x08004434   0x08004434   0x0000006c   Code   RO         2264    i.TIM_OC2_SetConfig  stm32f4xx_hal_tim.o
    0x080044a0   0x080044a0   0x00000068   Code   RO         2265    i.TIM_OC3_SetConfig  stm32f4xx_hal_tim.o
    0x08004508   0x08004508   0x00000050   Code   RO         2266    i.TIM_OC4_SetConfig  stm32f4xx_hal_tim.o
    0x08004558   0x08004558   0x00000022   Code   RO         2268    i.TIM_TI1_ConfigInputStage  stm32f4xx_hal_tim.o
    0x0800457a   0x0800457a   0x00000024   Code   RO         2270    i.TIM_TI2_ConfigInputStage  stm32f4xx_hal_tim.o
    0x0800459e   0x0800459e   0x00000002   PAD
    0x080045a0   0x080045a0   0x0000000c   Code   RO          566    i.UART4_IRQHandler  stm32f4xx_it.o
    0x080045ac   0x080045ac   0x0000000c   Code   RO          567    i.UART5_IRQHandler  stm32f4xx_it.o
    0x080045b8   0x080045b8   0x00000010   Code   RO         3170    i.UART_DMAAbortOnError  stm32f4xx_hal_uart.o
    0x080045c8   0x080045c8   0x0000004e   Code   RO         3180    i.UART_EndRxTransfer  stm32f4xx_hal_uart.o
    0x08004616   0x08004616   0x000000c0   Code   RO         3182    i.UART_Receive_IT   stm32f4xx_hal_uart.o
    0x080046d6   0x080046d6   0x00000002   PAD
    0x080046d8   0x080046d8   0x0000010c   Code   RO         3183    i.UART_SetConfig    stm32f4xx_hal_uart.o
    0x080047e4   0x080047e4   0x0000003a   Code   RO         3185    i.UART_Start_Receive_IT  stm32f4xx_hal_uart.o
    0x0800481e   0x0800481e   0x00000076   Code   RO         3186    i.UART_WaitOnFlagUntilTimeout  stm32f4xx_hal_uart.o
    0x08004894   0x08004894   0x0000000c   Code   RO          568    i.USART1_IRQHandler  stm32f4xx_it.o
    0x080048a0   0x080048a0   0x00000002   Code   RO          569    i.UsageFault_Handler  stm32f4xx_it.o
    0x080048a2   0x080048a2   0x00000030   Code   RO         5615    i.__ARM_fpclassify  m_wm.l(fpclassify.o)
    0x080048d2   0x080048d2   0x00000020   Code   RO         1780    i.__NVIC_SetPriority  stm32f4xx_hal_cortex.o
    0x080048f2   0x080048f2   0x00000006   PAD
    0x080048f8   0x080048f8   0x00000c50   Code   RO         5447    i.__hardfp_pow      m_wm.l(pow.o)
    0x08005548   0x08005548   0x000000f8   Code   RO         5617    i.__kernel_poly     m_wm.l(poly.o)
    0x08005640   0x08005640   0x00000030   Code   RO         5595    i.__mathlib_dbl_divzero  m_wm.l(dunder.o)
    0x08005670   0x08005670   0x00000014   Code   RO         5597    i.__mathlib_dbl_infnan2  m_wm.l(dunder.o)
    0x08005684   0x08005684   0x00000004   PAD
    0x08005688   0x08005688   0x00000020   Code   RO         5598    i.__mathlib_dbl_invalid  m_wm.l(dunder.o)
    0x080056a8   0x080056a8   0x00000020   Code   RO         5599    i.__mathlib_dbl_overflow  m_wm.l(dunder.o)
    0x080056c8   0x080056c8   0x00000020   Code   RO         5601    i.__mathlib_dbl_underflow  m_wm.l(dunder.o)
    0x080056e8   0x080056e8   0x00000038   Code   RO         4816    i._a_recv_handler   dewenlcd.o
    0x08005720   0x08005720   0x00000084   Code   RO         4099    i._handle_packet    dgus_lcd.o
    0x080057a4   0x080057a4   0x0000000e   Code   RO         5388    i._is_digit         c_w.l(__printf_wp.o)
    0x080057b2   0x080057b2   0x00000002   PAD
    0x080057b4   0x080057b4   0x00000010   Code   RO         4817    i._serial_bytes_available  dewenlcd.o
    0x080057c4   0x080057c4   0x00000010   Code   RO         4818    i._serial_recv_byte  dewenlcd.o
    0x080057d4   0x080057d4   0x0000000c   Code   RO         4819    i._serial_send_data  dewenlcd.o
    0x080057e0   0x080057e0   0x00000002   Code   RO          336    i._sys_exit         usart.o
    0x080057e2   0x080057e2   0x00000002   Code   RO         4474    i.beep_init         beep.o
    0x080057e4   0x080057e4   0x00000034   Code   RO         4102    i.buffer_u16        dgus_lcd.o
    0x08005818   0x08005818   0x0000002c   Code   RO         4104    i.buffer_u32_1      dgus_lcd.o
    0x08005844   0x08005844   0x0000001e   Code   RO         4105    i.buffer_u8         dgus_lcd.o
    0x08005862   0x08005862   0x00000004   Code   RO         5219    i.button_task       app.o
    0x08005866   0x08005866   0x00000002   PAD
    0x08005868   0x08005868   0x000002ec   Code   RO         5061    i.calc_speed        stepmotor.o
    0x08005b54   0x08005b54   0x00000004   Code   RO         5220    i.data_receive_task  app.o
    0x08005b58   0x08005b58   0x00000002   Code   RO         5221    i.debug_task        app.o
    0x08005b5a   0x08005b5a   0x00000002   Code   RO         4820    i.dgus_delay        dewenlcd.o
    0x08005b5c   0x08005b5c   0x00000014   Code   RO         4109    i.dgus_init         dgus_lcd.o
    0x08005b70   0x08005b70   0x0000001c   Code   RO         4111    i.dgus_packet_init  dgus_lcd.o
    0x08005b8c   0x08005b8c   0x00000006   Code   RO         4113    i.dgus_packet_set_len  dgus_lcd.o
    0x08005b92   0x08005b92   0x00000002   PAD
    0x08005b94   0x08005b94   0x0000009c   Code   RO         4114    i.dgus_recv_data    dgus_lcd.o
    0x08005c30   0x08005c30   0x00000010   Code   RO         4241    i.dgus_set_page     dgus_util.o
    0x08005c40   0x08005c40   0x0000003a   Code   RO         3995    i.dgus_set_text_padded  dgus_control_text.o
    0x08005c7a   0x08005c7a   0x00000024   Code   RO         4117    i.dgus_set_var      dgus_lcd.o
    0x08005c9e   0x08005c9e   0x00000002   PAD
    0x08005ca0   0x08005ca0   0x000000a4   Code   RO         4822    i.diwenlcd_init     dewenlcd.o
    0x08005d44   0x08005d44   0x00000018   Code   RO         5611    i.fabs              m_wm.l(fabs.o)
    0x08005d5c   0x08005d5c   0x000001a0   Code   RO         3869    i.flex_button_process  flexible_button.o
    0x08005efc   0x08005efc   0x00000054   Code   RO         3870    i.flex_button_register  flexible_button.o
    0x08005f50   0x08005f50   0x0000003c   Code   RO         3871    i.flex_button_scan  flexible_button.o
    0x08005f8c   0x08005f8c   0x00000018   Code   RO          338    i.fputc             usart.o
    0x08005fa4   0x08005fa4   0x00000028   Code   RO         3756    i.free_event        smarttimer.o
    0x08005fcc   0x08005fcc   0x0000000a   Code   RO         3757    i.init_linked       smarttimer.o
    0x08005fd6   0x08005fd6   0x00000046   Code   RO         3758    i.insert_event      smarttimer.o
    0x0800601c   0x0800601c   0x00000024   Code   RO         3759    i.insert_to_tail    smarttimer.o
    0x08006040   0x08006040   0x00000044   Code   RO         4557    i.keyboard_read_col  matrixkey.o
    0x08006084   0x08006084   0x0000006e   Code   RO         4558    i.keyboard_scan     matrixkey.o
    0x080060f2   0x080060f2   0x00000002   PAD
    0x080060f4   0x080060f4   0x00000058   Code   RO         4559    i.keyboard_write_row  matrixkey.o
    0x0800614c   0x0800614c   0x0000009c   Code   RO         4440    i.led_ctl           led.o
    0x080061e8   0x080061e8   0x00000002   Code   RO         4441    i.led_init          led.o
    0x080061ea   0x080061ea   0x00000026   Code   RO         4317    i.lwrb_get_free     lwrb.o
    0x08006210   0x08006210   0x0000002a   Code   RO         4318    i.lwrb_get_full     lwrb.o
    0x0800623a   0x0800623a   0x00000018   Code   RO         4323    i.lwrb_init         lwrb.o
    0x08006252   0x08006252   0x00000012   Code   RO         4324    i.lwrb_is_ready     lwrb.o
    0x08006264   0x08006264   0x00000016   Code   RO         4326    i.lwrb_read         lwrb.o
    0x0800627a   0x0800627a   0x0000008e   Code   RO         4327    i.lwrb_read_ex      lwrb.o
    0x08006308   0x08006308   0x00000016   Code   RO         4331    i.lwrb_write        lwrb.o
    0x0800631e   0x0800631e   0x0000008e   Code   RO         4332    i.lwrb_write_ex     lwrb.o
    0x080063ac   0x080063ac   0x00000044   Code   RO           15    i.main              main.o
    0x080063f0   0x080063f0   0x00000004   Code   RO         4560    i.matrix_btn_evt_cb  matrixkey.o
    0x080063f4   0x080063f4   0x000000f2   Code   RO         4561    i.matrix_btn_read   matrixkey.o
    0x080064e6   0x080064e6   0x00000002   PAD
    0x080064e8   0x080064e8   0x000001c4   Code   RO         4562    i.matrix_combination_btn_event  matrixkey.o
    0x080066ac   0x080066ac   0x00000060   Code   RO         4563    i.matrixkey_init    matrixkey.o
    0x0800670c   0x0800670c   0x00000014   Code   RO         4830    i.max485_receive    dewenlcd.o
    0x08006720   0x08006720   0x0000003c   Code   RO         4831    i.max485_send       dewenlcd.o
    0x0800675c   0x0800675c   0x00000058   Code   RO         3523    i.my_mem_free       malloc.o
    0x080067b4   0x080067b4   0x0000003c   Code   RO         3524    i.my_mem_init       malloc.o
    0x080067f0   0x080067f0   0x0000008c   Code   RO         3525    i.my_mem_malloc     malloc.o
    0x0800687c   0x0800687c   0x00000038   Code   RO         3526    i.my_mem_perused    malloc.o
    0x080068b4   0x080068b4   0x00000018   Code   RO         3527    i.myfree            malloc.o
    0x080068cc   0x080068cc   0x00000020   Code   RO         3528    i.mymalloc          malloc.o
    0x080068ec   0x080068ec   0x0000000c   Code   RO         3530    i.mymemset          malloc.o
    0x080068f8   0x080068f8   0x00000080   Code   RO         3760    i.push_event        smarttimer.o
    0x08006978   0x08006978   0x00000028   Code   RO         3761    i.recyle_event      smarttimer.o
    0x080069a0   0x080069a0   0x00000002   Code   RO         5028    i.relay_init        relay.o
    0x080069a2   0x080069a2   0x00000030   Code   RO         3762    i.remove_node       smarttimer.o
    0x080069d2   0x080069d2   0x00000002   PAD
    0x080069d4   0x080069d4   0x00000058   Code   RO         4119    i.send_data         dgus_lcd.o
    0x08006a2c   0x08006a2c   0x0000006e   Code   RO         5622    i.sqrt              m_wm.l(sqrt.o)
    0x08006a9a   0x08006a9a   0x00000002   PAD
    0x08006a9c   0x08006a9c   0x000000f8   Code   RO         5062    i.stepmotor1_move_rel  stepmotor.o
    0x08006b94   0x08006b94   0x00000038   Code   RO         5064    i.stepper_init      stepmotor.o
    0x08006bcc   0x08006bcc   0x00000020   Code   RO         5067    i.stepper_stop      stepmotor.o
    0x08006bec   0x08006bec   0x00000094   Code   RO         3764    i.stim_init         smarttimer.o
    0x08006c80   0x08006c80   0x00000010   Code   RO         3766    i.stim_loop         smarttimer.o
    0x08006c90   0x08006c90   0x0000005c   Code   RO         3767    i.stim_mainloop     smarttimer.o
    0x08006cec   0x08006cec   0x00000012   Code   RO         3769    i.stim_runlater     smarttimer.o
    0x08006cfe   0x08006cfe   0x00000002   PAD
    0x08006d00   0x08006d00   0x0000003c   Code   RO         5222    i.stim_start_task   app.o
    0x08006d3c   0x08006d3c   0x00000098   Code   RO         3770    i.stim_tick         smarttimer.o
    0x08006dd4   0x08006dd4   0x00000038   Code   RO         5223    i.sys_task          app.o
    0x08006e0c   0x08006e0c   0x00000044   Code   RO         5224    i.system_start_task  app.o
    0x08006e50   0x08006e50   0x0000000e   Code   RO         5141    i.tirpod_init       tirpod.o
    0x08006e5e   0x08006e5e   0x00000004   Code   RO         4506    i.touch_btn_evt_cb  touchkey.o
    0x08006e62   0x08006e62   0x00000002   PAD
    0x08006e64   0x08006e64   0x0000005c   Code   RO         4507    i.touch_btn_read    touchkey.o
    0x08006ec0   0x08006ec0   0x0000004c   Code   RO         4508    i.touch_combination_btn_event  touchkey.o
    0x08006f0c   0x08006f0c   0x0000005c   Code   RO         4509    i.touchkey_init     touchkey.o
    0x08006f68   0x08006f68   0x00000002   Code   RO         5174    i.vision_init       vision.o
    0x08006f6a   0x08006f6a   0x00000006   Code   RO         4964    i.voice_init        voice.o
    0x08006f70   0x08006f70   0x0000002c   Code   RO         5717    locale$$code        c_w.l(lc_numeric_c.o)
    0x08006f9c   0x08006f9c   0x00000018   Code   RO         5574    x$fpl$basic         fz_wm.l(basic.o)
    0x08006fb4   0x08006fb4   0x00000062   Code   RO         5419    x$fpl$d2f           fz_wm.l(d2f.o)
    0x08007016   0x08007016   0x00000002   PAD
    0x08007018   0x08007018   0x00000150   Code   RO         5421    x$fpl$dadd          fz_wm.l(daddsub_clz.o)
    0x08007168   0x08007168   0x00000010   Code   RO         5773    x$fpl$dcheck1       fz_wm.l(dcheck1.o)
    0x08007178   0x08007178   0x00000018   Code   RO         5809    x$fpl$dcmpinf       fz_wm.l(dcmpi.o)
    0x08007190   0x08007190   0x000002b0   Code   RO         5428    x$fpl$ddiv          fz_wm.l(ddiv.o)
    0x08007440   0x08007440   0x0000005e   Code   RO         5431    x$fpl$dfix          fz_wm.l(dfix.o)
    0x0800749e   0x0800749e   0x0000002e   Code   RO         5436    x$fpl$dflt          fz_wm.l(dflt_clz.o)
    0x080074cc   0x080074cc   0x00000026   Code   RO         5435    x$fpl$dfltu         fz_wm.l(dflt_clz.o)
    0x080074f2   0x080074f2   0x00000002   PAD
    0x080074f4   0x080074f4   0x00000078   Code   RO         5775    x$fpl$dleqf         fz_wm.l(dleqf.o)
    0x0800756c   0x0800756c   0x00000154   Code   RO         5441    x$fpl$dmul          fz_wm.l(dmul.o)
    0x080076c0   0x080076c0   0x0000009c   Code   RO         5576    x$fpl$dnaninf       fz_wm.l(dnaninf.o)
    0x0800775c   0x0800775c   0x0000000c   Code   RO         5578    x$fpl$dretinf       fz_wm.l(dretinf.o)
    0x08007768   0x08007768   0x0000006c   Code   RO         5580    x$fpl$drleqf        fz_wm.l(drleqf.o)
    0x080077d4   0x080077d4   0x00000016   Code   RO         5422    x$fpl$drsb          fz_wm.l(daddsub_clz.o)
    0x080077ea   0x080077ea   0x00000002   PAD
    0x080077ec   0x080077ec   0x00000198   Code   RO         5777    x$fpl$dsqrt         fz_wm.l(dsqrt_umaal.o)
    0x08007984   0x08007984   0x000001d4   Code   RO         5423    x$fpl$dsub          fz_wm.l(daddsub_clz.o)
    0x08007b58   0x08007b58   0x00000056   Code   RO         5443    x$fpl$f2d           fz_wm.l(f2d.o)
    0x08007bae   0x08007bae   0x0000008c   Code   RO         5582    x$fpl$fnaninf       fz_wm.l(fnaninf.o)
    0x08007c3a   0x08007c3a   0x0000000a   Code   RO         5811    x$fpl$fpinit        fz_wm.l(fpinit.o)
    0x08007c44   0x08007c44   0x0000000a   Code   RO         5584    x$fpl$fretinf       fz_wm.l(fretinf.o)
    0x08007c4e   0x08007c4e   0x00000004   Code   RO         5445    x$fpl$printf1       fz_wm.l(printf1.o)
    0x08007c52   0x08007c52   0x00000064   Code   RO         5813    x$fpl$retnan        fz_wm.l(retnan.o)
    0x08007cb6   0x08007cb6   0x0000005c   Code   RO         5592    x$fpl$scalbn        fz_wm.l(scalbn.o)
    0x08007d12   0x08007d12   0x00000030   Code   RO         5852    x$fpl$trapveneer    fz_wm.l(trapv.o)
    0x08007d42   0x08007d42   0x00000000   Code   RO         5594    x$fpl$usenofp       fz_wm.l(usenofp.o)
    0x08007d42   0x08007d42   0x00000008   Data   RO         1497    .constdata          stm32f4xx_hal_dma.o
    0x08007d4a   0x08007d4a   0x00000010   Data   RO         3487    .constdata          system_stm32f4xx.o
    0x08007d5a   0x08007d5a   0x00000008   Data   RO         3488    .constdata          system_stm32f4xx.o
    0x08007d62   0x08007d62   0x00000002   PAD
    0x08007d64   0x08007d64   0x00000018   Data   RO         3536    .constdata          malloc.o
    0x08007d7c   0x08007d7c   0x00000011   Data   RO         5396    .constdata          c_w.l(__printf_flags_ss_wp.o)
    0x08007d8d   0x08007d8d   0x00000003   PAD
    0x08007d90   0x08007d90   0x00000088   Data   RO         5450    .constdata          m_wm.l(pow.o)
    0x08007e18   0x08007e18   0x00000008   Data   RO         5619    .constdata          m_wm.l(qnan.o)
    0x08007e20   0x08007e20   0x00000094   Data   RO         5686    .constdata          c_w.l(bigflt0.o)
    0x08007eb4   0x08007eb4   0x00000040   Data   RO         5880    Region$$Table       anon$$obj.o
    0x08007ef4   0x08007ef4   0x0000001c   Data   RO         5716    locale$$data        c_w.l(lc_numeric_c.o)


    Execution Region RW_IRAM1 (Exec base: 0x20000000, Load base: 0x08007f10, Size: 0x0001b820, Max: 0x0001c000, ABSOLUTE)

    Exec Addr    Load Addr    Size         Type   Attr      Idx    E Section Name        Object

    0x20000000   0x08007f10   0x0000000c   Data   RW         1924    .data               stm32f4xx_hal.o
    0x2000000c   0x08007f1c   0x00000002   Data   RW         4565    .data               matrixkey.o
    0x2000000e   0x08007f1e   0x00000001   Data   RW         4835    .data               dewenlcd.o
    0x2000000f   0x08007f1f   0x00000001   PAD
    0x20000010   0x08007f20   0x0000000c   Data   RW         5069    .data               stepmotor.o
    0x2000001c   0x08007f2c   0x00000001   Data   RW         5180    .data               vision.o
    0x2000001d   0x08007f2d   0x00000003   PAD
    0x20000020        -       0x0001b800   Zero   RW         3534    .bss                malloc.o


    Execution Region RW_IRAM2 (Exec base: 0x2001c000, Load base: 0x08007f30, Size: 0x00003820, Max: 0x00004000, ABSOLUTE)

    Exec Addr    Load Addr    Size         Type   Attr      Idx    E Section Name        Object

    0x2001c000   0x08007f30   0x00000004   Data   RW          340    .data               usart.o
    0x2001c004   0x08007f34   0x00000004   Data   RW         3489    .data               system_stm32f4xx.o
    0x2001c008   0x08007f38   0x0000001c   Data   RW         3537    .data               malloc.o
    0x2001c024   0x08007f54   0x00000004   Data   RW         3772    .data               smarttimer.o
    0x2001c028   0x08007f58   0x00000010   Data   RW         3872    .data               flexible_button.o
    0x2001c038   0x08007f68   0x00000018   Data   RW         4121    .data               dgus_lcd.o
    0x2001c050   0x08007f80   0x00000002   Data   RW         4676    .data               st7789.o
    0x2001c052   0x08007f82   0x00000001   Data   RW         5225    .data               app.o
    0x2001c053   0x08007f83   0x00000001   PAD
    0x2001c054        -       0x00000118   Zero   RW          224    .bss                spi.o
    0x2001c16c        -       0x000000d8   Zero   RW          270    .bss                tim.o
    0x2001c244        -       0x000000cc   Zero   RW          339    .bss                usart.o
    0x2001c310        -       0x00001b80   Zero   RW         3535    .bss                malloc.o
    0x2001de90        -       0x0000026c   Zero   RW         3771    .bss                smarttimer.o
    0x2001e0fc        -       0x00000045   Zero   RW         4120    .bss                dgus_lcd.o
    0x2001e141   0x08007f83   0x00000003   PAD
    0x2001e144        -       0x000000e0   Zero   RW         4510    .bss                touchkey.o
    0x2001e224        -       0x0000024c   Zero   RW         4564    .bss                matrixkey.o
    0x2001e470        -       0x00000c80   Zero   RW         4675    .bss                st7789.o
    0x2001f0f0        -       0x00000014   Zero   RW         4832    .bss                dewenlcd.o
    0x2001f104        -       0x00000040   Zero   RW         4833    .bss                dewenlcd.o
    0x2001f144        -       0x00000028   Zero   RW         5068    .bss                stepmotor.o
    0x2001f16c        -       0x00000014   Zero   RW         5177    .bss                vision.o
    0x2001f180        -       0x00000040   Zero   RW         5178    .bss                vision.o
    0x2001f1c0        -       0x00000060   Zero   RW         5633    .bss                c_w.l(libspace.o)
    0x2001f220        -       0x00000200   Zero   RW            2    HEAP                startup_stm32f407xx.o
    0x2001f420        -       0x00000400   Zero   RW            1    STACK               startup_stm32f407xx.o



  Load Region LR$$.ARM.__AT_0x10000000 (Base: 0x10000000, Size: 0x00000000, Max: 0x0000f000, ABSOLUTE)

    Execution Region ER$$.ARM.__AT_0x10000000 (Exec base: 0x10000000, Load base: 0x10000000, Size: 0x0000f000, Max: 0x0000f000, ABSOLUTE, UNINIT)

    Exec Addr    Load Addr    Size         Type   Attr      Idx    E Section Name        Object

    0x10000000        -       0x0000f000   Zero   RW         3532    .ARM.__AT_0x10000000  malloc.o



  Load Region LR$$.ARM.__AT_0x1000F000 (Base: 0x1000f000, Size: 0x00000000, Max: 0x00000f00, ABSOLUTE)

    Execution Region ER$$.ARM.__AT_0x1000F000 (Exec base: 0x1000f000, Load base: 0x1000f000, Size: 0x00000f00, Max: 0x00000f00, ABSOLUTE, UNINIT)

    Exec Addr    Load Addr    Size         Type   Attr      Idx    E Section Name        Object

    0x1000f000        -       0x00000f00   Zero   RW         3533    .ARM.__AT_0x1000F000  malloc.o


==============================================================================

Image component sizes


      Code (inc. data)   RO Data    RW Data    ZI Data      Debug   Object Name

       194         32          0          1          0       3092   app.o
         2          0          0          0          0        484   beep.o
       346         74          0          1         84       7629   dewenlcd.o
         0          0          0          0          0       6648   dgus_control_curve.o
        58          0          0          0          0       1379   dgus_control_text.o
       592         38          0         24         69       9885   dgus_lcd.o
        16          6          0          0          0        576   dgus_util.o
        60          4          0          0          0        826   dma.o
       560         14          0         16          0       5071   flexible_button.o
       640         32          0          0          0       1343   gpio.o
       158         16          0          0          0       1301   led.o
       450          0          0          0          0       7796   lwrb.o
       220         12          0          0          0     699948   main.o
       412         46         24         28     184960       6880   malloc.o
      1060        242          0          2        588       7445   matrixkey.o
         2          0          0          0          0        493   relay.o
       798         52          0          4        620      39959   smarttimer.o
       280         28          0          0        280       1951   spi.o
       848        104          0          2       3200       5663   st7789.o
        64         26        392          0       1536        864   startup_stm32f407xx.o
      1404        158          0         12         40       7178   stepmotor.o
       180         28          0         12          0       9581   stm32f4xx_hal.o
       198         14          0          0          0      34059   stm32f4xx_hal_cortex.o
      1084         16          8          0          0       7570   stm32f4xx_hal_dma.o
       500         46          0          0          0       3708   stm32f4xx_hal_gpio.o
        48          6          0          0          0        898   stm32f4xx_hal_msp.o
      1328         76          0          0          0       5512   stm32f4xx_hal_rcc.o
      1188         26          0          0          0       9431   stm32f4xx_hal_spi.o
      2268        176          0          0          0      18985   stm32f4xx_hal_tim.o
       232         28          0          0          0       3473   stm32f4xx_hal_tim_ex.o
      1730         16          0          0          0      12603   stm32f4xx_hal_uart.o
       116         48          0          0          0       8319   stm32f4xx_it.o
        16          4         24          4          0       1195   system_stm32f4xx.o
       728         72          0          0        216       4710   tim.o
        14          0          0          0          0        538   tirpod.o
       264         72          0          0        224       4552   touchkey.o
       714        110          0          4        204     626910   usart.o
         2          0          0          1         84       2198   vision.o
        74          6          0          0          0       2034   voice.o

    ----------------------------------------------------------------------
     18904       1628        514        116     192108    1572687   Object Totals
         0          0         64          0          0          0   (incl. Generated)
        56          0          2          5          3          0   (incl. Padding)

    ----------------------------------------------------------------------

      Code (inc. data)   RO Data    RW Data    ZI Data      Debug   Library Member Name

        24          4          0          0          0         84   __2printf.o
         8          0          0          0          0         68   __main.o
       392          4         17          0          0         92   __printf_flags_ss_wp.o
        14          0          0          0          0         68   __printf_wp.o
         0          0          0          0          0          0   __rtentry.o
        12          0          0          0          0          0   __rtentry2.o
         6          0          0          0          0          0   __rtentry4.o
        52          8          0          0          0          0   __scatter.o
        26          0          0          0          0          0   __scatter_copy.o
        28          0          0          0          0          0   __scatter_zi.o
        48          6          0          0          0         96   _printf_char_common.o
        36          4          0          0          0         80   _printf_char_file.o
         6          0          0          0          0          0   _printf_d.o
       120         16          0          0          0         92   _printf_dec.o
         6          0          0          0          0          0   _printf_f.o
      1054          0          0          0          0        216   _printf_fp_dec.o
       128         16          0          0          0         84   _printf_fp_infnan.o
       178          0          0          0          0         88   _printf_intcommon.o
         0          0          0          0          0          0   _printf_percent.o
         4          0          0          0          0          0   _printf_percent_end.o
        22          0          0          0          0        100   _rserrno.o
        16          0          0          0          0         68   aeabi_memset.o
       228          4        148          0          0         96   bigflt0.o
      1936        128          0          0          0        672   btod.o
        18          0          0          0          0         80   exit.o
         8          0          0          0          0         68   ferror.o
         6          0          0          0          0        152   heapauxi.o
        44         10         28          0          0         76   lc_numeric_c.o
         2          0          0          0          0          0   libinit.o
        22          0          0          0          0          0   libinit2.o
         2          0          0          0          0          0   libshutdown.o
         2          0          0          0          0          0   libshutdown2.o
         8          4          0          0         96         68   libspace.o
       138          0          0          0          0         80   lludiv10.o
       238          0          0          0          0        100   lludivv7m.o
         8          4          0          0          0         68   rt_errno_addr_intlibspace.o
         8          4          0          0          0         68   rt_locale_intlibspace.o
        68          0          0          0          0         68   rt_memclr.o
        78          0          0          0          0         80   rt_memclr_w.o
       138          0          0          0          0         68   rt_memcpy_v6.o
       100          0          0          0          0         80   rt_memcpy_w.o
         2          0          0          0          0          0   rtexit.o
        10          0          0          0          0          0   rtexit2.o
       128          0          0          0          0         68   strcmpv7m.o
        62          0          0          0          0         76   strlen.o
        74          0          0          0          0         80   sys_stackheap_outer.o
         2          0          0          0          0         68   use_no_semi.o
         2          0          0          0          0         68   use_no_semi_2.o
        24          0          0          0          0        164   basic.o
        98          4          0          0          0        140   d2f.o
       826         16          0          0          0        492   daddsub_clz.o
        16          4          0          0          0        116   dcheck1.o
        24          0          0          0          0        116   dcmpi.o
       688        140          0          0          0        256   ddiv.o
        94          4          0          0          0        140   dfix.o
        84          0          0          0          0        232   dflt_clz.o
       120          4          0          0          0        140   dleqf.o
       340         12          0          0          0        152   dmul.o
       156          4          0          0          0        140   dnaninf.o
        12          0          0          0          0        116   dretinf.o
       108          0          0          0          0        128   drleqf.o
       408         56          0          0          0        168   dsqrt_umaal.o
        86          4          0          0          0        132   f2d.o
       140          4          0          0          0        132   fnaninf.o
        10          0          0          0          0        116   fpinit.o
        10          0          0          0          0        116   fretinf.o
         4          0          0          0          0        116   printf1.o
       100          0          0          0          0        116   retnan.o
        92          0          0          0          0        116   scalbn.o
        48          0          0          0          0        116   trapv.o
         0          0          0          0          0          0   usenofp.o
       164         44          0          0          0        620   dunder.o
        24          0          0          0          0        124   fabs.o
        48          0          0          0          0        124   fpclassify.o
       248          0          0          0          0        152   poly.o
      3152        296        136          0          0        352   pow.o
         0          0          8          0          0          0   qnan.o
       110          0          0          0          0        148   sqrt.o

    ----------------------------------------------------------------------
     12770        804        340          0         96       8300   Library Totals
        24          0          3          0          0          0   (incl. Padding)

    ----------------------------------------------------------------------

      Code (inc. data)   RO Data    RW Data    ZI Data      Debug   Library Name

      5512        212        193          0         96       3320   c_w.l
      3488        252          0          0          0       3460   fz_wm.l
      3746        340        144          0          0       1520   m_wm.l

    ----------------------------------------------------------------------
     12770        804        340          0         96       8300   Library Totals

    ----------------------------------------------------------------------

==============================================================================


      Code (inc. data)   RO Data    RW Data    ZI Data      Debug   

     31674       2432        854        116     192204    1555915   Grand Totals
     31674       2432        854        116     192204    1555915   ELF Image Totals
     31674       2432        854        116          0          0   ROM Totals

==============================================================================

    Total RO  Size (Code + RO Data)                32528 (  31.77kB)
    Total RW  Size (RW Data + ZI Data)            192320 ( 187.81kB)
    Total ROM Size (Code + RO Data + RW Data)      32644 (  31.88kB)

==============================================================================

