Component: ARM Compiler 5.06 update 7 (build 960) Tool: armlink [4d3601]

==============================================================================

Section Cross References

    startup_stm32f407xx.o(STACK) refers (Special) to heapauxi.o(.text) for __use_two_region_memory
    startup_stm32f407xx.o(HEAP) refers (Special) to heapauxi.o(.text) for __use_two_region_memory
    startup_stm32f407xx.o(RESET) refers (Special) to heapauxi.o(.text) for __use_two_region_memory
    startup_stm32f407xx.o(RESET) refers to startup_stm32f407xx.o(STACK) for __initial_sp
    startup_stm32f407xx.o(RESET) refers to startup_stm32f407xx.o(.text) for Reset_Handler
    startup_stm32f407xx.o(RESET) refers to stm32f4xx_it.o(i.NMI_Handler) for NMI_Handler
    startup_stm32f407xx.o(RESET) refers to stm32f4xx_it.o(i.HardFault_Handler) for HardFault_Handler
    startup_stm32f407xx.o(RESET) refers to stm32f4xx_it.o(i.MemManage_Handler) for MemManage_Handler
    startup_stm32f407xx.o(RESET) refers to stm32f4xx_it.o(i.BusFault_Handler) for BusFault_Handler
    startup_stm32f407xx.o(RESET) refers to stm32f4xx_it.o(i.UsageFault_Handler) for UsageFault_Handler
    startup_stm32f407xx.o(RESET) refers to stm32f4xx_it.o(i.SVC_Handler) for SVC_Handler
    startup_stm32f407xx.o(RESET) refers to stm32f4xx_it.o(i.DebugMon_Handler) for DebugMon_Handler
    startup_stm32f407xx.o(RESET) refers to stm32f4xx_it.o(i.PendSV_Handler) for PendSV_Handler
    startup_stm32f407xx.o(RESET) refers to stm32f4xx_it.o(i.SysTick_Handler) for SysTick_Handler
    startup_stm32f407xx.o(RESET) refers to stm32f4xx_it.o(i.UART4_IRQHandler) for UART4_IRQHandler
    startup_stm32f407xx.o(RESET) refers to stm32f4xx_it.o(i.UART5_IRQHandler) for UART5_IRQHandler
    startup_stm32f407xx.o(RESET) refers to stm32f4xx_it.o(i.TIM6_DAC_IRQHandler) for TIM6_DAC_IRQHandler
    startup_stm32f407xx.o(RESET) refers to stm32f4xx_it.o(i.DMA2_Stream0_IRQHandler) for DMA2_Stream0_IRQHandler
    startup_stm32f407xx.o(RESET) refers to stm32f4xx_it.o(i.DMA2_Stream3_IRQHandler) for DMA2_Stream3_IRQHandler
    startup_stm32f407xx.o(.text) refers (Special) to heapauxi.o(.text) for __use_two_region_memory
    startup_stm32f407xx.o(.text) refers to system_stm32f4xx.o(i.SystemInit) for SystemInit
    startup_stm32f407xx.o(.text) refers to __main.o(!!!main) for __main
    startup_stm32f407xx.o(.text) refers to startup_stm32f407xx.o(HEAP) for Heap_Mem
    startup_stm32f407xx.o(.text) refers to startup_stm32f407xx.o(STACK) for Stack_Mem
    main.o(i.SystemClock_Config) refers to rt_memclr_w.o(.text) for __aeabi_memclr4
    main.o(i.SystemClock_Config) refers to stm32f4xx_hal_rcc.o(i.HAL_RCC_OscConfig) for HAL_RCC_OscConfig
    main.o(i.SystemClock_Config) refers to stm32f4xx_hal_rcc.o(i.HAL_RCC_ClockConfig) for HAL_RCC_ClockConfig
    main.o(i.main) refers to stm32f4xx_hal.o(i.HAL_Init) for HAL_Init
    main.o(i.main) refers to main.o(i.SystemClock_Config) for SystemClock_Config
    main.o(i.main) refers to gpio.o(i.MX_GPIO_Init) for MX_GPIO_Init
    main.o(i.main) refers to dma.o(i.MX_DMA_Init) for MX_DMA_Init
    main.o(i.main) refers to tim.o(i.MX_TIM6_Init) for MX_TIM6_Init
    main.o(i.main) refers to spi.o(i.MX_SPI1_Init) for MX_SPI1_Init
    main.o(i.main) refers to usart.o(i.MX_UART5_Init) for MX_UART5_Init
    main.o(i.main) refers to usart.o(i.MX_USART1_UART_Init) for MX_USART1_UART_Init
    main.o(i.main) refers to usart.o(i.MX_UART4_Init) for MX_UART4_Init
    main.o(i.main) refers to smarttimer.o(i.stim_init) for stim_init
    main.o(i.main) refers to stm32f4xx_hal_tim.o(i.HAL_TIM_Base_Start_IT) for HAL_TIM_Base_Start_IT
    main.o(i.main) refers to app.o(i.stim_start_task) for stim_start_task
    main.o(i.main) refers to smarttimer.o(i.stim_mainloop) for stim_mainloop
    main.o(i.main) refers to tim.o(.bss) for htim6
    gpio.o(i.MX_GPIO_Init) refers to rt_memclr_w.o(.text) for __aeabi_memclr4
    gpio.o(i.MX_GPIO_Init) refers to stm32f4xx_hal_gpio.o(i.HAL_GPIO_WritePin) for HAL_GPIO_WritePin
    gpio.o(i.MX_GPIO_Init) refers to stm32f4xx_hal_gpio.o(i.HAL_GPIO_Init) for HAL_GPIO_Init
    dma.o(i.MX_DMA_Init) refers to stm32f4xx_hal_cortex.o(i.HAL_NVIC_SetPriority) for HAL_NVIC_SetPriority
    dma.o(i.MX_DMA_Init) refers to stm32f4xx_hal_cortex.o(i.HAL_NVIC_EnableIRQ) for HAL_NVIC_EnableIRQ
    spi.o(i.HAL_SPI_MspDeInit) refers to stm32f4xx_hal_gpio.o(i.HAL_GPIO_DeInit) for HAL_GPIO_DeInit
    spi.o(i.HAL_SPI_MspDeInit) refers to stm32f4xx_hal_dma.o(i.HAL_DMA_DeInit) for HAL_DMA_DeInit
    spi.o(i.HAL_SPI_MspInit) refers to rt_memclr_w.o(.text) for __aeabi_memclr4
    spi.o(i.HAL_SPI_MspInit) refers to stm32f4xx_hal_gpio.o(i.HAL_GPIO_Init) for HAL_GPIO_Init
    spi.o(i.HAL_SPI_MspInit) refers to stm32f4xx_hal_dma.o(i.HAL_DMA_Init) for HAL_DMA_Init
    spi.o(i.HAL_SPI_MspInit) refers to main.o(i.Error_Handler) for Error_Handler
    spi.o(i.HAL_SPI_MspInit) refers to spi.o(.bss) for .bss
    spi.o(i.MX_SPI1_Init) refers to stm32f4xx_hal_spi.o(i.HAL_SPI_Init) for HAL_SPI_Init
[...]
    i.led_init                               0x08003a00   Section        0  led.o(i.led_init)
    i.lwrb_get_free                          0x08003a02   Section        0  lwrb.o(i.lwrb_get_free)
    i.lwrb_get_full                          0x08003a2a   Section        0  lwrb.o(i.lwrb_get_full)
    i.lwrb_init                              0x08003a54   Section        0  lwrb.o(i.lwrb_init)
    i.lwrb_is_ready                          0x08003a6c   Section        0  lwrb.o(i.lwrb_is_ready)
    i.lwrb_read                              0x08003a7e   Section        0  lwrb.o(i.lwrb_read)
    i.lwrb_read_ex                           0x08003a94   Section        0  lwrb.o(i.lwrb_read_ex)
    i.lwrb_write                             0x08003b22   Section        0  lwrb.o(i.lwrb_write)
    i.lwrb_write_ex                          0x08003b38   Section        0  lwrb.o(i.lwrb_write_ex)
    i.main                                   0x08003bc8   Section        0  main.o(i.main)
    i.matrix_btn_evt_cb                      0x08003c08   Section        0  matrixkey.o(i.matrix_btn_evt_cb)
    matrix_btn_evt_cb                        0x08003c09   Thumb Code     4  matrixkey.o(i.matrix_btn_evt_cb)
    i.matrix_btn_read                        0x08003c0c   Section        0  matrixkey.o(i.matrix_btn_read)
    matrix_btn_read                          0x08003c0d   Thumb Code   242  matrixkey.o(i.matrix_btn_read)
    i.matrix_combination_btn_event           0x08003d00   Section        0  matrixkey.o(i.matrix_combination_btn_event)
    matrix_combination_btn_event             0x08003d01   Thumb Code    96  matrixkey.o(i.matrix_combination_btn_event)
    i.matrixkey_init                         0x08003da8   Section        0  matrixkey.o(i.matrixkey_init)
    i.max485_receive                         0x08003e08   Section        0  dewenlcd.o(i.max485_receive)
    i.max485_send                            0x08003e1c   Section        0  dewenlcd.o(i.max485_send)
    i.my_mem_init                            0x08003e58   Section        0  malloc.o(i.my_mem_init)
    i.my_mem_perused                         0x08003e94   Section        0  malloc.o(i.my_mem_perused)
    i.mymemset                               0x08003ecc   Section        0  malloc.o(i.mymemset)
    i.push_event                             0x08003edc   Section        0  smarttimer.o(i.push_event)
    push_event                               0x08003edd   Thumb Code   112  smarttimer.o(i.push_event)
    i.recyle_event                           0x08003f58   Section        0  smarttimer.o(i.recyle_event)
    recyle_event                             0x08003f59   Thumb Code    36  smarttimer.o(i.recyle_event)
    i.relay_init                             0x08003f80   Section        0  relay.o(i.relay_init)
    i.remove_node                            0x08003f82   Section        0  smarttimer.o(i.remove_node)
    remove_node                              0x08003f83   Thumb Code    48  smarttimer.o(i.remove_node)
    i.send_data                              0x08003fb4   Section        0  dgus_lcd.o(i.send_data)
    i.stepmotor_init                         0x08004068   Section        0  stepmotor.o(i.stepmotor_init)
    i.stim_init                              0x0800406c   Section        0  smarttimer.o(i.stim_init)
    i.stim_loop                              0x08004104   Section        0  smarttimer.o(i.stim_loop)
    i.stim_mainloop                          0x08004114   Section        0  smarttimer.o(i.stim_mainloop)
    i.stim_runlater                          0x08004170   Section        0  smarttimer.o(i.stim_runlater)
    i.stim_start_task                        0x08004184   Section        0  app.o(i.stim_start_task)
    i.stim_tick                              0x080041bc   Section        0  smarttimer.o(i.stim_tick)
    i.sys_task                               0x08004254   Section        0  app.o(i.sys_task)
    i.system_start_task                      0x0800428c   Section        0  app.o(i.system_start_task)
    i.tirpod_init                            0x080042d4   Section        0  tirpod.o(i.tirpod_init)
    i.touch_btn_evt_cb                       0x080042e2   Section        0  touchkey.o(i.touch_btn_evt_cb)
    touch_btn_evt_cb                         0x080042e3   Thumb Code     4  touchkey.o(i.touch_btn_evt_cb)
    i.touch_btn_read                         0x080042e8   Section        0  touchkey.o(i.touch_btn_read)
    touch_btn_read                           0x080042e9   Thumb Code    80  touchkey.o(i.touch_btn_read)
    i.touch_combination_btn_event            0x08004344   Section        0  touchkey.o(i.touch_combination_btn_event)
    touch_combination_btn_event              0x08004345   Thumb Code    38  touchkey.o(i.touch_combination_btn_event)
    i.touchkey_init                          0x08004394   Section        0  touchkey.o(i.touchkey_init)
    i.voice_init                             0x080043f0   Section        0  voice.o(i.voice_init)
    i.voice_say                              0x080043f6   Section        0  voice.o(i.voice_say)
    x$fpl$fpinit                             0x080043fa   Section       10  fpinit.o(x$fpl$fpinit)
    $v0                                      0x080043fa   Number         0  fpinit.o(x$fpl$fpinit)
    .constdata                               0x08004404   Section        8  stm32f4xx_hal_dma.o(.constdata)
    flagBitshiftOffset                       0x08004404   Data           8  stm32f4xx_hal_dma.o(.constdata)
    .constdata                               0x0800440c   Section       16  system_stm32f4xx.o(.constdata)
    .constdata                               0x0800441c   Section        8  system_stm32f4xx.o(.constdata)
    .constdata                               0x08004424   Section       24  malloc.o(.constdata)
    .constdata                               0x0800443c   Section       40  _printf_hex_int_ll_ptr.o(.constdata)
    uc_hextab                                0x0800443c   Data          20  _printf_hex_int_ll_ptr.o(.constdata)
    lc_hextab                                0x08004450   Data          20  _printf_hex_int_ll_ptr.o(.constdata)
    .constdata                               0x08004464   Section       17  __printf_flags_ss_wp.o(.constdata)
    maptable                                 0x08004464   Data          17  __printf_flags_ss_wp.o(.constdata)
    .ARM.__AT_0x10000000                     0x10000000   Section    61440  malloc.o(.ARM.__AT_0x10000000)
    .ARM.__AT_0x1000F000                     0x1000f000   Section     3840  malloc.o(.ARM.__AT_0x1000F000)
    .bss                                     0x20000000   Section    112640  malloc.o(.bss)
    .data                                    0x2001c000   Section        4  usart.o(.data)
    .data                                    0x2001c004   Section       12  stm32f4xx_hal.o(.data)
    .data                                    0x2001c010   Section        4  system_stm32f4xx.o(.data)
    .data                                    0x2001c014   Section       28  malloc.o(.data)
    .data                                    0x2001c030   Section        4  smarttimer.o(.data)
    current_tick                             0x2001c030   Data           4  smarttimer.o(.data)
    .data                                    0x2001c034   Section       16  flexible_button.o(.data)
    button_cnt                               0x2001c034   Data           1  flexible_button.o(.data)
    btn_head                                 0x2001c038   Data           4  flexible_button.o(.data)
    .data                                    0x2001c044   Section       24  dgus_lcd.o(.data)
    _ack_mode                                0x2001c044   Data           1  dgus_lcd.o(.data)
    _recv_state                              0x2001c045   Data           1  dgus_lcd.o(.data)
    recvlen                                  0x2001c046   Data           1  dgus_lcd.o(.data)
    recvcmd                                  0x2001c047   Data           1  dgus_lcd.o(.data)
    recv_cnt                                 0x2001c048   Data           4  dgus_lcd.o(.data)
    _recv_handler                            0x2001c04c   Data           4  dgus_lcd.o(.data)
    _ser_recv_handler                        0x2001c050   Data           4  dgus_lcd.o(.data)
    _ser_send_handler                        0x2001c054   Data           4  dgus_lcd.o(.data)
    _ser_avail_handler                       0x2001c058   Data           4  dgus_lcd.o(.data)
    .data                                    0x2001c05c   Section        2  st7789.o(.data)
    .data                                    0x2001c05e   Section        1  dewenlcd.o(.data)
    .data                                    0x2001c05f   Section        1  app.o(.data)
    flag                                     0x2001c05f   Data           1  app.o(.data)
    .bss                                     0x2001c060   Section      280  spi.o(.bss)
    .bss                                     0x2001c178   Section       72  tim.o(.bss)
    .bss                                     0x2001c1c0   Section      204  usart.o(.bss)
    .bss                                     0x2001c28c   Section     7040  malloc.o(.bss)
    .bss                                     0x2001de0c   Section      620  smarttimer.o(.bss)
    event_pool                               0x2001de0c   Data         480  smarttimer.o(.bss)
    list_manager                             0x2001dfec   Data          28  smarttimer.o(.bss)
    recycle_list                             0x2001e008   Data          12  smarttimer.o(.bss)
    callback_list                            0x2001e014   Data          80  smarttimer.o(.bss)
    mark_list                                0x2001e064   Data          20  smarttimer.o(.bss)
    .bss                                     0x2001e078   Section       69  dgus_lcd.o(.bss)
    d                                        0x2001e078   Data          37  dgus_lcd.o(.bss)
    recvdata                                 0x2001e09d   Data          32  dgus_lcd.o(.bss)
    .bss                                     0x2001e0c0   Section      224  touchkey.o(.bss)
    touch_button                             0x2001e0c0   Data         224  touchkey.o(.bss)
    .bss                                     0x2001e1a0   Section      588  matrixkey.o(.bss)
    matrix_button                            0x2001e1a0   Data         588  matrixkey.o(.bss)
    .bss                                     0x2001e3ec   Section     3200  st7789.o(.bss)
    .bss                                     0x2001f06c   Section       20  dewenlcd.o(.bss)
    .bss                                     0x2001f080   Section       64  dewenlcd.o(.bss)
    .bss                                     0x2001f0c0   Section       96  libspace.o(.bss)
    HEAP                                     0x2001f120   Section      512  startup_stm32f407xx.o(HEAP)
    Heap_Mem                                 0x2001f120   Data         512  startup_stm32f407xx.o(HEAP)
    STACK                                    0x2001f320   Section     1024  startup_stm32f407xx.o(STACK)
    Stack_Mem                                0x2001f320   Data        1024  startup_stm32f407xx.o(STACK)
    __initial_sp                             0x2001f720   Data           0  startup_stm32f407xx.o(STACK)

    Global Symbols

    Symbol Name                              Value     Ov Type        Size  Object(Section)

    BuildAttributes$$THM_ISAv4$E$P$D$K$B$S$7EM$VFPi3$EXTD16$VFPS$VFMA$PE$A:L22UL41UL21$X:L11$S22US41US21$IEEE1$IW$USESV6$~STKCKD$USESV7$~SHL$OTIME$ROPI$IEEEJ$EBA8$UX$STANDARDLIB$REQ8$PRES8$EABIv2 0x00000000   Number         0  anon$$obj.o ABSOLUTE
    __ARM_use_no_argv                        0x00000000   Number         0  main.o ABSOLUTE
    _printf_flags                            0x00000000   Number         0  printf_stubs.o ABSOLUTE
    _printf_return_value                     0x00000000   Number         0  printf_stubs.o ABSOLUTE
    _printf_sizespec                         0x00000000   Number         0  printf_stubs.o ABSOLUTE
    _printf_widthprec                        0x00000000   Number         0  printf_stubs.o ABSOLUTE
    __ARM_exceptions_init                     - Undefined Weak Reference
    __alloca_initialize                       - Undefined Weak Reference
    __arm_fini_                               - Undefined Weak Reference
    __arm_preinit_                            - Undefined Weak Reference
    __cpp_initialize__aeabi_                  - Undefined Weak Reference
    __cxa_finalize                            - Undefined Weak Reference
    __sigvec_lookup                           - Undefined Weak Reference
    __user_heap_extent                        - Undefined Weak Reference
    _atexit_init                              - Undefined Weak Reference
    _call_atexit_fns                          - Undefined Weak Reference
    _clock_init                               - Undefined Weak Reference
    _fp_trap_init                             - Undefined Weak Reference
    _fp_trap_shutdown                         - Undefined Weak Reference
    _get_lc_collate                           - Undefined Weak Reference
    _get_lc_monetary                          - Undefined Weak Reference
    _get_lc_time                              - Undefined Weak Reference
    _getenv_init                              - Undefined Weak Reference
    _handle_redirection                       - Undefined Weak Reference
    _initio                                   - Undefined Weak Reference
    _mutex_acquire                            - Undefined Weak Reference
    _mutex_free                               - Undefined Weak Reference
    _mutex_release                            - Undefined Weak Reference
    _printf_mbtowc                            - Undefined Weak Reference
    _printf_wc                                - Undefined Weak Reference
    _rand_init                                - Undefined Weak Reference
    _signal_finish                            - Undefined Weak Reference
    _signal_init                              - Undefined Weak Reference
    _terminateio                              - Undefined Weak Reference
    __Vectors_Size                           0x00000188   Number         0  startup_stm32f407xx.o ABSOLUTE
    __Vectors                                0x08000000   Data           4  startup_stm32f407xx.o(RESET)
    __Vectors_End                            0x08000188   Data           0  startup_stm32f407xx.o(RESET)
    __main                                   0x08000189   Thumb Code     8  __main.o(!!!main)
    __scatterload                            0x08000191   Thumb Code     0  __scatter.o(!!!scatter)
    __scatterload_rt2                        0x08000191   Thumb Code    44  __scatter.o(!!!scatter)
    __scatterload_rt2_thumb_only             0x08000191   Thumb Code     0  __scatter.o(!!!scatter)
    __scatterload_null                       0x0800019f   Thumb Code     0  __scatter.o(!!!scatter)
    __scatterload_copy                       0x080001c5   Thumb Code    26  __scatter_copy.o(!!handler_copy)
    __scatterload_zeroinit                   0x080001e1   Thumb Code    28  __scatter_zi.o(!!handler_zi)
    _printf_d                                0x080001fd   Thumb Code     0  _printf_d.o(.ARM.Collect$$_printf_percent$$00000009)
    _printf_percent                          0x080001fd   Thumb Code     0  _printf_percent.o(.ARM.Collect$$_printf_percent$$00000000)
    _printf_x                                0x08000203   Thumb Code     0  _printf_x.o(.ARM.Collect$$_printf_percent$$0000000C)
    _printf_percent_end                      0x08000209   Thumb Code     0  _printf_percent_end.o(.ARM.Collect$$_printf_percent$$00000017)
    __rt_lib_init                            0x0800020d   Thumb Code     0  libinit.o(.ARM.Collect$$libinit$$00000000)
    __rt_lib_init_fp_1                       0x0800020f   Thumb Code     0  libinit2.o(.ARM.Collect$$libinit$$00000001)
    __rt_lib_init_alloca_1                   0x08000213   Thumb Code     0  libinit2.o(.ARM.Collect$$libinit$$0000002E)
    __rt_lib_init_argv_1                     0x08000213   Thumb Code     0  libinit2.o(.ARM.Collect$$libinit$$0000002C)
    __rt_lib_init_atexit_1                   0x08000213   Thumb Code     0  libinit2.o(.ARM.Collect$$libinit$$0000001B)
    __rt_lib_init_clock_1                    0x08000213   Thumb Code     0  libinit2.o(.ARM.Collect$$libinit$$00000021)
    __rt_lib_init_cpp_1                      0x08000213   Thumb Code     0  libinit2.o(.ARM.Collect$$libinit$$00000032)
    __rt_lib_init_exceptions_1               0x08000213   Thumb Code     0  libinit2.o(.ARM.Collect$$libinit$$00000030)
    __rt_lib_init_fp_trap_1                  0x08000213   Thumb Code     0  libinit2.o(.ARM.Collect$$libinit$$0000001F)
    __rt_lib_init_getenv_1                   0x08000213   Thumb Code     0  libinit2.o(.ARM.Collect$$libinit$$00000023)
    __rt_lib_init_heap_1                     0x08000213   Thumb Code     0  libinit2.o(.ARM.Collect$$libinit$$0000000A)
    __rt_lib_init_lc_collate_1               0x08000213   Thumb Code     0  libinit2.o(.ARM.Collect$$libinit$$00000011)
    __rt_lib_init_lc_ctype_1                 0x08000213   Thumb Code     0  libinit2.o(.ARM.Collect$$libinit$$00000013)
    __rt_lib_init_lc_monetary_1              0x08000213   Thumb Code     0  libinit2.o(.ARM.Collect$$libinit$$00000015)
    __rt_lib_init_lc_numeric_1               0x08000213   Thumb Code     0  libinit2.o(.ARM.Collect$$libinit$$00000017)
    __rt_lib_init_lc_time_1                  0x08000213   Thumb Code     0  libinit2.o(.ARM.Collect$$libinit$$00000019)
    __rt_lib_init_preinit_1                  0x08000213   Thumb Code     0  libinit2.o(.ARM.Collect$$libinit$$00000004)
    __rt_lib_init_rand_1                     0x08000213   Thumb Code     0  libinit2.o(.ARM.Collect$$libinit$$0000000E)
    __rt_lib_init_return                     0x08000213   Thumb Code     0  libinit2.o(.ARM.Collect$$libinit$$00000033)
    __rt_lib_init_signal_1                   0x08000213   Thumb Code     0  libinit2.o(.ARM.Collect$$libinit$$0000001D)
    __rt_lib_init_stdio_1                    0x08000213   Thumb Code     0  libinit2.o(.ARM.Collect$$libinit$$00000025)
    __rt_lib_init_user_alloc_1               0x08000213   Thumb Code     0  libinit2.o(.ARM.Collect$$libinit$$0000000C)
    __rt_lib_shutdown                        0x08000215   Thumb Code     0  libshutdown.o(.ARM.Collect$$libshutdown$$00000000)
    __rt_lib_shutdown_cpp_1                  0x08000217   Thumb Code     0  libshutdown2.o(.ARM.Collect$$libshutdown$$00000004)
    __rt_lib_shutdown_fini_1                 0x08000217   Thumb Code     0  libshutdown2.o(.ARM.Collect$$libshutdown$$00000002)
    __rt_lib_shutdown_fp_trap_1              0x08000217   Thumb Code     0  libshutdown2.o(.ARM.Collect$$libshutdown$$00000009)
    __rt_lib_shutdown_heap_1                 0x08000217   Thumb Code     0  libshutdown2.o(.ARM.Collect$$libshutdown$$00000011)
    __rt_lib_shutdown_return                 0x08000217   Thumb Code     0  libshutdown2.o(.ARM.Collect$$libshutdown$$00000012)
    __rt_lib_shutdown_signal_1               0x08000217   Thumb Code     0  libshutdown2.o(.ARM.Collect$$libshutdown$$0000000C)
    __rt_lib_shutdown_stdio_1                0x08000217   Thumb Code     0  libshutdown2.o(.ARM.Collect$$libshutdown$$00000006)
    __rt_lib_shutdown_user_alloc_1           0x08000217   Thumb Code     0  libshutdown2.o(.ARM.Collect$$libshutdown$$0000000E)
    __rt_entry                               0x08000219   Thumb Code     0  __rtentry.o(.ARM.Collect$$rtentry$$00000000)
    __rt_entry_presh_1                       0x08000219   Thumb Code     0  __rtentry2.o(.ARM.Collect$$rtentry$$00000002)
    __rt_entry_sh                            0x08000219   Thumb Code     0  __rtentry4.o(.ARM.Collect$$rtentry$$00000004)
    __rt_entry_li                            0x0800021f   Thumb Code     0  __rtentry2.o(.ARM.Collect$$rtentry$$0000000A)
    __rt_entry_postsh_1                      0x0800021f   Thumb Code     0  __rtentry2.o(.ARM.Collect$$rtentry$$00000009)
    __rt_entry_main                          0x08000223   Thumb Code     0  __rtentry2.o(.ARM.Collect$$rtentry$$0000000D)
    __rt_entry_postli_1                      0x08000223   Thumb Code     0  __rtentry2.o(.ARM.Collect$$rtentry$$0000000C)
    __rt_exit                                0x0800022b   Thumb Code     0  rtexit.o(.ARM.Collect$$rtexit$$00000000)
    __rt_exit_ls                             0x0800022d   Thumb Code     0  rtexit2.o(.ARM.Collect$$rtexit$$00000003)
    __rt_exit_prels_1                        0x0800022d   Thumb Code     0  rtexit2.o(.ARM.Collect$$rtexit$$00000002)
    __rt_exit_exit                           0x08000231   Thumb Code     0  rtexit2.o(.ARM.Collect$$rtexit$$00000004)
    Reset_Handler                            0x08000239   Thumb Code     8  startup_stm32f407xx.o(.text)
    ADC_IRQHandler                           0x08000253   Thumb Code     0  startup_stm32f407xx.o(.text)
    CAN1_RX0_IRQHandler                      0x08000253   Thumb Code     0  startup_stm32f407xx.o(.text)
    CAN1_RX1_IRQHandler                      0x08000253   Thumb Code     0  startup_stm32f407xx.o(.text)
    CAN1_SCE_IRQHandler                      0x08000253   Thumb Code     0  startup_stm32f407xx.o(.text)
    CAN1_TX_IRQHandler                       0x08000253   Thumb Code     0  startup_stm32f407xx.o(.text)
    CAN2_RX0_IRQHandler                      0x08000253   Thumb Code     0  startup_stm32f407xx.o(.text)
    CAN2_RX1_IRQHandler                      0x08000253   Thumb Code     0  startup_stm32f407xx.o(.text)
    CAN2_SCE_IRQHandler                      0x08000253   Thumb Code     0  startup_stm32f407xx.o(.text)
    CAN2_TX_IRQHandler                       0x08000253   Thumb Code     0  startup_stm32f407xx.o(.text)
    DCMI_IRQHandler                          0x08000253   Thumb Code     0  startup_stm32f407xx.o(.text)
    DMA1_Stream0_IRQHandler                  0x08000253   Thumb Code     0  startup_stm32f407xx.o(.text)
    DMA1_Stream1_IRQHandler                  0x08000253   Thumb Code     0  startup_stm32f407xx.o(.text)
    DMA1_Stream2_IRQHandler                  0x08000253   Thumb Code     0  startup_stm32f407xx.o(.text)
    DMA1_Stream3_IRQHandler                  0x08000253   Thumb Code     0  startup_stm32f407xx.o(.text)
    DMA1_Stream4_IRQHandler                  0x08000253   Thumb Code     0  startup_stm32f407xx.o(.text)
    DMA1_Stream5_IRQHandler                  0x08000253   Thumb Code     0  startup_stm32f407xx.o(.text)
    DMA1_Stream6_IRQHandler                  0x08000253   Thumb Code     0  startup_stm32f407xx.o(.text)
    DMA1_Stream7_IRQHandler                  0x08000253   Thumb Code     0  startup_stm32f407xx.o(.text)
    DMA2_Stream1_IRQHandler                  0x08000253   Thumb Code     0  startup_stm32f407xx.o(.text)
    DMA2_Stream2_IRQHandler                  0x08000253   Thumb Code     0  startup_stm32f407xx.o(.text)
    DMA2_Stream4_IRQHandler                  0x08000253   Thumb Code     0  startup_stm32f407xx.o(.text)
    DMA2_Stream5_IRQHandler                  0x08000253   Thumb Code     0  startup_stm32f407xx.o(.text)
    DMA2_Stream6_IRQHandler                  0x08000253   Thumb Code     0  startup_stm32f407xx.o(.text)
    DMA2_Stream7_IRQHandler                  0x08000253   Thumb Code     0  startup_stm32f407xx.o(.text)
    ETH_IRQHandler                           0x08000253   Thumb Code     0  startup_stm32f407xx.o(.text)
    ETH_WKUP_IRQHandler                      0x08000253   Thumb Code     0  startup_stm32f407xx.o(.text)
    EXTI0_IRQHandler                         0x08000253   Thumb Code     0  startup_stm32f407xx.o(.text)
    EXTI15_10_IRQHandler                     0x08000253   Thumb Code     0  startup_stm32f407xx.o(.text)
    EXTI1_IRQHandler                         0x08000253   Thumb Code     0  startup_stm32f407xx.o(.text)
    EXTI2_IRQHandler                         0x08000253   Thumb Code     0  startup_stm32f407xx.o(.text)
    EXTI3_IRQHandler                         0x08000253   Thumb Code     0  startup_stm32f407xx.o(.text)
    EXTI4_IRQHandler                         0x08000253   Thumb Code     0  startup_stm32f407xx.o(.text)
    EXTI9_5_IRQHandler                       0x08000253   Thumb Code     0  startup_stm32f407xx.o(.text)
    FLASH_IRQHandler                         0x08000253   Thumb Code     0  startup_stm32f407xx.o(.text)
    FMC_IRQHandler                           0x08000253   Thumb Code     0  startup_stm32f407xx.o(.text)
    FPU_IRQHandler                           0x08000253   Thumb Code     0  startup_stm32f407xx.o(.text)
    HASH_RNG_IRQHandler                      0x08000253   Thumb Code     0  startup_stm32f407xx.o(.text)
    I2C1_ER_IRQHandler                       0x08000253   Thumb Code     0  startup_stm32f407xx.o(.text)
    I2C1_EV_IRQHandler                       0x08000253   Thumb Code     0  startup_stm32f407xx.o(.text)
    I2C2_ER_IRQHandler                       0x08000253   Thumb Code     0  startup_stm32f407xx.o(.text)
    I2C2_EV_IRQHandler                       0x08000253   Thumb Code     0  startup_stm32f407xx.o(.text)
    I2C3_ER_IRQHandler                       0x08000253   Thumb Code     0  startup_stm32f407xx.o(.text)
    I2C3_EV_IRQHandler                       0x08000253   Thumb Code     0  startup_stm32f407xx.o(.text)
    OTG_FS_IRQHandler                        0x08000253   Thumb Code     0  startup_stm32f407xx.o(.text)
    OTG_FS_WKUP_IRQHandler                   0x08000253   Thumb Code     0  startup_stm32f407xx.o(.text)
    OTG_HS_EP1_IN_IRQHandler                 0x08000253   Thumb Code     0  startup_stm32f407xx.o(.text)
    OTG_HS_EP1_OUT_IRQHandler                0x08000253   Thumb Code     0  startup_stm32f407xx.o(.text)
    OTG_HS_IRQHandler                        0x08000253   Thumb Code     0  startup_stm32f407xx.o(.text)
    OTG_HS_WKUP_IRQHandler                   0x08000253   Thumb Code     0  startup_stm32f407xx.o(.text)
    PVD_IRQHandler                           0x08000253   Thumb Code     0  startup_stm32f407xx.o(.text)
    RCC_IRQHandler                           0x08000253   Thumb Code     0  startup_stm32f407xx.o(.text)
    RTC_Alarm_IRQHandler                     0x08000253   Thumb Code     0  startup_stm32f407xx.o(.text)
    RTC_WKUP_IRQHandler                      0x08000253   Thumb Code     0  startup_stm32f407xx.o(.text)
    SDIO_IRQHandler                          0x08000253   Thumb Code     0  startup_stm32f407xx.o(.text)
    SPI1_IRQHandler                          0x08000253   Thumb Code     0  startup_stm32f407xx.o(.text)
    SPI2_IRQHandler                          0x08000253   Thumb Code     0  startup_stm32f407xx.o(.text)
    SPI3_IRQHandler                          0x08000253   Thumb Code     0  startup_stm32f407xx.o(.text)
    TAMP_STAMP_IRQHandler                    0x08000253   Thumb Code     0  startup_stm32f407xx.o(.text)
    TIM1_BRK_TIM9_IRQHandler                 0x08000253   Thumb Code     0  startup_stm32f407xx.o(.text)
    TIM1_CC_IRQHandler                       0x08000253   Thumb Code     0  startup_stm32f407xx.o(.text)
    TIM1_TRG_COM_TIM11_IRQHandler            0x08000253   Thumb Code     0  startup_stm32f407xx.o(.text)
    TIM1_UP_TIM10_IRQHandler                 0x08000253   Thumb Code     0  startup_stm32f407xx.o(.text)
    TIM2_IRQHandler                          0x08000253   Thumb Code     0  startup_stm32f407xx.o(.text)
    TIM3_IRQHandler                          0x08000253   Thumb Code     0  startup_stm32f407xx.o(.text)
    TIM4_IRQHandler                          0x08000253   Thumb Code     0  startup_stm32f407xx.o(.text)
    TIM5_IRQHandler                          0x08000253   Thumb Code     0  startup_stm32f407xx.o(.text)
    TIM7_IRQHandler                          0x08000253   Thumb Code     0  startup_stm32f407xx.o(.text)
    TIM8_BRK_TIM12_IRQHandler                0x08000253   Thumb Code     0  startup_stm32f407xx.o(.text)
    TIM8_CC_IRQHandler                       0x08000253   Thumb Code     0  startup_stm32f407xx.o(.text)
    TIM8_TRG_COM_TIM14_IRQHandler            0x08000253   Thumb Code     0  startup_stm32f407xx.o(.text)
    TIM8_UP_TIM13_IRQHandler                 0x08000253   Thumb Code     0  startup_stm32f407xx.o(.text)
    USART1_IRQHandler                        0x08000253   Thumb Code     0  startup_stm32f407xx.o(.text)
    USART2_IRQHandler                        0x08000253   Thumb Code     0  startup_stm32f407xx.o(.text)
    USART3_IRQHandler                        0x08000253   Thumb Code     0  startup_stm32f407xx.o(.text)
    USART6_IRQHandler                        0x08000253   Thumb Code     0  startup_stm32f407xx.o(.text)
    WWDG_IRQHandler                          0x08000253   Thumb Code     0  startup_stm32f407xx.o(.text)
    __user_initial_stackheap                 0x08000255   Thumb Code     0  startup_stm32f407xx.o(.text)
    __use_no_semihosting                     0x08000279   Thumb Code     2  use_no_semi_2.o(.text)
    __aeabi_uldivmod                         0x0800027b   Thumb Code     0  lludivv7m.o(.text)
    _ll_udiv                                 0x0800027b   Thumb Code   238  lludivv7m.o(.text)
    __2printf                                0x08000369   Thumb Code    20  __2printf.o(.text)
    _printf_pre_padding                      0x08000381   Thumb Code    44  _printf_pad.o(.text)
    _printf_post_padding                     0x080003ad   Thumb Code    34  _printf_pad.o(.text)
    _printf_int_dec                          0x080003d1   Thumb Code   104  _printf_dec.o(.text)
    _printf_longlong_hex                     0x08000449   Thumb Code    86  _printf_hex_int_ll_ptr.o(.text)
    _printf_int_hex                          0x0800049f   Thumb Code    28  _printf_hex_int_ll_ptr.o(.text)
    _printf_ll_hex                           0x080004bb   Thumb Code    12  _printf_hex_int_ll_ptr.o(.text)
    _printf_hex_ptr                          0x080004c7   Thumb Code    18  _printf_hex_int_ll_ptr.o(.text)
    __printf                                 0x080004dd   Thumb Code   388  __printf_flags_ss_wp.o(.text)
    strlen                                   0x08000665   Thumb Code    62  strlen.o(.text)
    __aeabi_memcpy                           0x080006a3   Thumb Code     0  rt_memcpy_v6.o(.text)
    __rt_memcpy                              0x080006a3   Thumb Code   138  rt_memcpy_v6.o(.text)
    _memcpy_lastbytes                        0x08000709   Thumb Code     0  rt_memcpy_v6.o(.text)
    __aeabi_memset                           0x0800072d   Thumb Code    16  aeabi_memset.o(.text)
    __aeabi_memclr                           0x0800073d   Thumb Code     0  rt_memclr.o(.text)
    __rt_memclr                              0x0800073d   Thumb Code    68  rt_memclr.o(.text)
    _memset                                  0x08000741   Thumb Code     0  rt_memclr.o(.text)
    __aeabi_memclr4                          0x08000781   Thumb Code     0  rt_memclr_w.o(.text)
    __aeabi_memclr8                          0x08000781   Thumb Code     0  rt_memclr_w.o(.text)
    __rt_memclr_w                            0x08000781   Thumb Code    78  rt_memclr_w.o(.text)
    _memset_w                                0x08000785   Thumb Code     0  rt_memclr_w.o(.text)
    __use_two_region_memory                  0x080007cf   Thumb Code     2  heapauxi.o(.text)
    __rt_heap_escrow                         0x080007d1   Thumb Code     2  heapauxi.o(.text)
    __rt_heap_expand                         0x080007d3   Thumb Code     2  heapauxi.o(.text)
    __semihosting$guard                      0x080007d5   Thumb Code     0  use_no_semi.o(.text)
    __use_no_semihosting_swi                 0x080007d5   Thumb Code     2  use_no_semi.o(.text)
    _printf_int_common                       0x080007d7   Thumb Code   178  _printf_intcommon.o(.text)
    _printf_char_common                      0x08000893   Thumb Code    32  _printf_char_common.o(.text)
    _printf_char_file                        0x080008b9   Thumb Code    32  _printf_char_file.o(.text)
    __aeabi_memcpy4                          0x080008dd   Thumb Code     0  rt_memcpy_w.o(.text)
    __aeabi_memcpy8                          0x080008dd   Thumb Code     0  rt_memcpy_w.o(.text)
    __rt_memcpy_w                            0x080008dd   Thumb Code   100  rt_memcpy_w.o(.text)
    _memcpy_lastbytes_aligned                0x08000925   Thumb Code     0  rt_memcpy_w.o(.text)
    __user_libspace                          0x08000941   Thumb Code     8  libspace.o(.text)
    __user_perproc_libspace                  0x08000941   Thumb Code     0  libspace.o(.text)
    __user_perthread_libspace                0x08000941   Thumb Code     0  libspace.o(.text)
    ferror                                   0x08000949   Thumb Code     8  ferror.o(.text)
    __user_setup_stackheap                   0x08000951   Thumb Code    74  sys_stackheap_outer.o(.text)
    exit                                     0x0800099b   Thumb Code    18  exit.o(.text)
    BY8301_Say                               0x080009ad   Thumb Code    56  voice.o(i.BY8301_Say)
    BY8301_SendData                          0x080009e5   Thumb Code    10  voice.o(i.BY8301_SendData)
    BY8301_setVolume                         0x080009f5   Thumb Code    52  voice.o(i.BY8301_setVolume)
    BusFault_Handler                         0x08000a29   Thumb Code     2  stm32f4xx_it.o(i.BusFault_Handler)
    DMA2_Stream0_IRQHandler                  0x08000a2d   Thumb Code     6  stm32f4xx_it.o(i.DMA2_Stream0_IRQHandler)
    DMA2_Stream3_IRQHandler                  0x08000a39   Thumb Code     6  stm32f4xx_it.o(i.DMA2_Stream3_IRQHandler)
    DebugMon_Handler                         0x08000ae9   Thumb Code     2  stm32f4xx_it.o(i.DebugMon_Handler)
    Error_Handler                            0x08000aeb   Thumb Code     4  main.o(i.Error_Handler)
    HAL_DMA_Abort                            0x08000aef   Thumb Code   146  stm32f4xx_hal_dma.o(i.HAL_DMA_Abort)
    HAL_DMA_Abort_IT                         0x08000b81   Thumb Code    36  stm32f4xx_hal_dma.o(i.HAL_DMA_Abort_IT)
    HAL_DMA_IRQHandler                       0x08000ba5   Thumb Code   412  stm32f4xx_hal_dma.o(i.HAL_DMA_IRQHandler)
    HAL_DMA_Init                             0x08000d45   Thumb Code   206  stm32f4xx_hal_dma.o(i.HAL_DMA_Init)
    HAL_DMA_Start_IT                         0x08000e19   Thumb Code   110  stm32f4xx_hal_dma.o(i.HAL_DMA_Start_IT)
    HAL_Delay                                0x08000e89   Thumb Code    32  stm32f4xx_hal.o(i.HAL_Delay)
    HAL_GPIO_Init                            0x08000ead   Thumb Code   450  stm32f4xx_hal_gpio.o(i.HAL_GPIO_Init)
    HAL_GPIO_ReadPin                         0x0800109d   Thumb Code    10  stm32f4xx_hal_gpio.o(i.HAL_GPIO_ReadPin)
    HAL_GPIO_TogglePin                       0x080010a7   Thumb Code    16  stm32f4xx_hal_gpio.o(i.HAL_GPIO_TogglePin)
    HAL_GPIO_WritePin                        0x080010b7   Thumb Code    10  stm32f4xx_hal_gpio.o(i.HAL_GPIO_WritePin)
    HAL_GetTick                              0x080010c1   Thumb Code     6  stm32f4xx_hal.o(i.HAL_GetTick)
    HAL_IncTick                              0x080010cd   Thumb Code    12  stm32f4xx_hal.o(i.HAL_IncTick)
    HAL_Init                                 0x080010dd   Thumb Code    48  stm32f4xx_hal.o(i.HAL_Init)
    HAL_InitTick                             0x08001111   Thumb Code    54  stm32f4xx_hal.o(i.HAL_InitTick)
    HAL_MspInit                              0x08001151   Thumb Code    42  stm32f4xx_hal_msp.o(i.HAL_MspInit)
    HAL_NVIC_EnableIRQ                       0x08001181   Thumb Code    26  stm32f4xx_hal_cortex.o(i.HAL_NVIC_EnableIRQ)
    HAL_NVIC_SetPriority                     0x0800119d   Thumb Code    60  stm32f4xx_hal_cortex.o(i.HAL_NVIC_SetPriority)
    HAL_NVIC_SetPriorityGrouping             0x080011dd   Thumb Code    26  stm32f4xx_hal_cortex.o(i.HAL_NVIC_SetPriorityGrouping)
    HAL_RCC_ClockConfig                      0x08001201   Thumb Code   288  stm32f4xx_hal_rcc.o(i.HAL_RCC_ClockConfig)
    HAL_RCC_GetPCLK1Freq                     0x08001335   Thumb Code    20  stm32f4xx_hal_rcc.o(i.HAL_RCC_GetPCLK1Freq)
    HAL_RCC_GetPCLK2Freq                     0x08001355   Thumb Code    20  stm32f4xx_hal_rcc.o(i.HAL_RCC_GetPCLK2Freq)
    HAL_RCC_GetSysClockFreq                  0x08001375   Thumb Code    88  stm32f4xx_hal_rcc.o(i.HAL_RCC_GetSysClockFreq)
    HAL_RCC_OscConfig                        0x080013d9   Thumb Code   856  stm32f4xx_hal_rcc.o(i.HAL_RCC_OscConfig)
    HAL_SPI_ErrorCallback                    0x08001745   Thumb Code     2  stm32f4xx_hal_spi.o(i.HAL_SPI_ErrorCallback)
    HAL_SPI_Init                             0x08001747   Thumb Code   188  stm32f4xx_hal_spi.o(i.HAL_SPI_Init)
    HAL_SPI_MspInit                          0x08001805   Thumb Code   192  spi.o(i.HAL_SPI_MspInit)
    HAL_SPI_Transmit                         0x080018d9   Thumb Code   358  stm32f4xx_hal_spi.o(i.HAL_SPI_Transmit)
    HAL_SPI_Transmit_DMA                     0x08001a41   Thumb Code   202  stm32f4xx_hal_spi.o(i.HAL_SPI_Transmit_DMA)
    HAL_SPI_TxCpltCallback                   0x08001b19   Thumb Code     2  stm32f4xx_hal_spi.o(i.HAL_SPI_TxCpltCallback)
    HAL_SPI_TxHalfCpltCallback               0x08001b1b   Thumb Code     2  stm32f4xx_hal_spi.o(i.HAL_SPI_TxHalfCpltCallback)
    HAL_SYSTICK_Config                       0x08001b1d   Thumb Code    40  stm32f4xx_hal_cortex.o(i.HAL_SYSTICK_Config)
    HAL_TIMEx_BreakCallback                  0x08001b45   Thumb Code     2  stm32f4xx_hal_tim_ex.o(i.HAL_TIMEx_BreakCallback)
    HAL_TIMEx_CommutCallback                 0x08001b47   Thumb Code     2  stm32f4xx_hal_tim_ex.o(i.HAL_TIMEx_CommutCallback)
    HAL_TIMEx_MasterConfigSynchronization    0x08001b49   Thumb Code   116  stm32f4xx_hal_tim_ex.o(i.HAL_TIMEx_MasterConfigSynchronization)
    HAL_TIM_Base_Init                        0x08001bd9   Thumb Code    90  stm32f4xx_hal_tim.o(i.HAL_TIM_Base_Init)
    HAL_TIM_Base_MspInit                     0x08001c35   Thumb Code    50  tim.o(i.HAL_TIM_Base_MspInit)
    HAL_TIM_Base_Start_IT                    0x08001c71   Thumb Code   100  stm32f4xx_hal_tim.o(i.HAL_TIM_Base_Start_IT)
    HAL_TIM_IC_CaptureCallback               0x08001cf1   Thumb Code     2  stm32f4xx_hal_tim.o(i.HAL_TIM_IC_CaptureCallback)
    HAL_TIM_IRQHandler                       0x08001cf3   Thumb Code   358  stm32f4xx_hal_tim.o(i.HAL_TIM_IRQHandler)
    HAL_TIM_OC_DelayElapsedCallback          0x08001e59   Thumb Code     2  stm32f4xx_hal_tim.o(i.HAL_TIM_OC_DelayElapsedCallback)
    HAL_TIM_PWM_PulseFinishedCallback        0x08001e5b   Thumb Code     2  stm32f4xx_hal_tim.o(i.HAL_TIM_PWM_PulseFinishedCallback)
    HAL_TIM_PeriodElapsedCallback            0x08001e5d   Thumb Code    14  tim.o(i.HAL_TIM_PeriodElapsedCallback)
    HAL_TIM_TriggerCallback                  0x08001e71   Thumb Code     2  stm32f4xx_hal_tim.o(i.HAL_TIM_TriggerCallback)
    HAL_UARTEx_RxEventCallback               0x08001e73   Thumb Code     2  stm32f4xx_hal_uart.o(i.HAL_UARTEx_RxEventCallback)
    HAL_UART_ErrorCallback                   0x08001e75   Thumb Code     2  stm32f4xx_hal_uart.o(i.HAL_UART_ErrorCallback)
    HAL_UART_IRQHandler                      0x08001e79   Thumb Code   610  stm32f4xx_hal_uart.o(i.HAL_UART_IRQHandler)
    HAL_UART_Init                            0x080020e1   Thumb Code    98  stm32f4xx_hal_uart.o(i.HAL_UART_Init)
    HAL_UART_MspInit                         0x08002145   Thumb Code   318  usart.o(i.HAL_UART_MspInit)
    HAL_UART_Receive_IT                      0x080022b1   Thumb Code    42  stm32f4xx_hal_uart.o(i.HAL_UART_Receive_IT)
    HAL_UART_RxCpltCallback                  0x080022dd   Thumb Code    36  usart.o(i.HAL_UART_RxCpltCallback)
    HAL_UART_Transmit                        0x08002311   Thumb Code   178  stm32f4xx_hal_uart.o(i.HAL_UART_Transmit)
    HAL_UART_Transmit_IT                     0x080023c3   Thumb Code    62  stm32f4xx_hal_uart.o(i.HAL_UART_Transmit_IT)
    HAL_UART_TxCpltCallback                  0x08002401   Thumb Code     2  stm32f4xx_hal_uart.o(i.HAL_UART_TxCpltCallback)
    HardFault_Handler                        0x08002403   Thumb Code     2  stm32f4xx_it.o(i.HardFault_Handler)
    MX_DMA_Init                              0x08002405   Thumb Code    56  dma.o(i.MX_DMA_Init)
    MX_GPIO_Init                             0x08002441   Thumb Code   622  gpio.o(i.MX_GPIO_Init)
    MX_SPI1_Init                             0x080026d1   Thumb Code    60  spi.o(i.MX_SPI1_Init)
    MX_TIM6_Init                             0x08002715   Thumb Code    62  tim.o(i.MX_TIM6_Init)
    MX_UART4_Init                            0x0800275d   Thumb Code    48  usart.o(i.MX_UART4_Init)
    MX_UART5_Init                            0x08002795   Thumb Code    48  usart.o(i.MX_UART5_Init)
    MX_USART1_UART_Init                      0x080027cd   Thumb Code    48  usart.o(i.MX_USART1_UART_Init)
    MemManage_Handler                        0x08002805   Thumb Code     2  stm32f4xx_it.o(i.MemManage_Handler)
    NMI_Handler                              0x08002807   Thumb Code     2  stm32f4xx_it.o(i.NMI_Handler)
    PendSV_Handler                           0x08002809   Thumb Code     2  stm32f4xx_it.o(i.PendSV_Handler)
    ST7789_Fill_Color                        0x080029ad   Thumb Code    78  st7789.o(i.ST7789_Fill_Color)
    ST7789_Init                              0x08002a05   Thumb Code   282  st7789.o(i.ST7789_Init)
    ST7789_SetRotation                       0x08002bc9   Thumb Code    48  st7789.o(i.ST7789_SetRotation)
    SVC_Handler                              0x08002d01   Thumb Code     2  stm32f4xx_it.o(i.SVC_Handler)
    SysTick_Handler                          0x08002d03   Thumb Code     4  stm32f4xx_it.o(i.SysTick_Handler)
    SystemClock_Config                       0x08002d09   Thumb Code   140  main.o(i.SystemClock_Config)
    SystemInit                               0x08002d9d   Thumb Code    12  system_stm32f4xx.o(i.SystemInit)
    TIM6_DAC_IRQHandler                      0x08002dad   Thumb Code     6  stm32f4xx_it.o(i.TIM6_DAC_IRQHandler)
    TIM_Base_SetConfig                       0x08002db9   Thumb Code   156  stm32f4xx_hal_tim.o(i.TIM_Base_SetConfig)
    UART4_IRQHandler                         0x08002e81   Thumb Code     6  stm32f4xx_it.o(i.UART4_IRQHandler)
    UART5_IRQHandler                         0x08002e8d   Thumb Code     6  stm32f4xx_it.o(i.UART5_IRQHandler)
    UART_Start_Receive_IT                    0x080030c5   Thumb Code    58  stm32f4xx_hal_uart.o(i.UART_Start_Receive_IT)
    UsageFault_Handler                       0x08003177   Thumb Code     2  stm32f4xx_it.o(i.UsageFault_Handler)
    _a_recv_handler                          0x08003199   Thumb Code    40  dewenlcd.o(i._a_recv_handler)
    _is_digit                                0x080032d9   Thumb Code    14  __printf_wp.o(i._is_digit)
    _serial_bytes_available                  0x080032e9   Thumb Code    12  dewenlcd.o(i._serial_bytes_available)
    _serial_recv_byte                        0x080032f9   Thumb Code    16  dewenlcd.o(i._serial_recv_byte)
    _serial_send_data                        0x08003309   Thumb Code    12  dewenlcd.o(i._serial_send_data)
    _sys_exit                                0x08003315   Thumb Code     2  usart.o(i._sys_exit)
    beep_init                                0x08003317   Thumb Code     2  beep.o(i.beep_init)
    buffer_u16                               0x08003319   Thumb Code    52  dgus_lcd.o(i.buffer_u16)
    buffer_u32_1                             0x0800334d   Thumb Code    44  dgus_lcd.o(i.buffer_u32_1)
    buffer_u8                                0x08003379   Thumb Code    30  dgus_lcd.o(i.buffer_u8)
    button_task                              0x08003397   Thumb Code     4  app.o(i.button_task)
    data_receive_task                        0x0800339b   Thumb Code     4  app.o(i.data_receive_task)
    debug_task                               0x0800339f   Thumb Code     2  app.o(i.debug_task)
    dgus_delay                               0x080033a1   Thumb Code     2  dewenlcd.o(i.dgus_delay)
    dgus_init                                0x080033a5   Thumb Code    14  dgus_lcd.o(i.dgus_init)
    dgus_packet_init                         0x080033b9   Thumb Code    22  dgus_lcd.o(i.dgus_packet_init)
    dgus_packet_set_len                      0x080033d5   Thumb Code     6  dgus_lcd.o(i.dgus_packet_set_len)
    dgus_recv_data                           0x080033dd   Thumb Code   146  dgus_lcd.o(i.dgus_recv_data)
    dgus_set_text_padded                     0x08003479   Thumb Code    58  dgus_control_text.o(i.dgus_set_text_padded)
    dgus_set_var                             0x080034b3   Thumb Code    36  dgus_lcd.o(i.dgus_set_var)
    diwenlcd_init                            0x080034d9   Thumb Code   118  dewenlcd.o(i.diwenlcd_init)
    flex_button_register                     0x08003719   Thumb Code    80  flexible_button.o(i.flex_button_register)
    flex_button_scan                         0x0800376d   Thumb Code    56  flexible_button.o(i.flex_button_scan)
    fputc                                    0x080037a9   Thumb Code    20  usart.o(i.fputc)
    keyboard_read_col                        0x0800385d   Thumb Code    56  matrixkey.o(i.keyboard_read_col)
    keyboard_scan                            0x080038a1   Thumb Code   106  matrixkey.o(i.keyboard_scan)
    keyboard_write_row                       0x0800390d   Thumb Code    78  matrixkey.o(i.keyboard_write_row)
    led_ctl                                  0x08003965   Thumb Code   148  led.o(i.led_ctl)
    led_init                                 0x08003a01   Thumb Code     2  led.o(i.led_init)
    lwrb_get_free                            0x08003a03   Thumb Code    40  lwrb.o(i.lwrb_get_free)
    lwrb_get_full                            0x08003a2b   Thumb Code    42  lwrb.o(i.lwrb_get_full)
    lwrb_init                                0x08003a55   Thumb Code    24  lwrb.o(i.lwrb_init)
    lwrb_is_ready                            0x08003a6d   Thumb Code    18  lwrb.o(i.lwrb_is_ready)
    lwrb_read                                0x08003a7f   Thumb Code    22  lwrb.o(i.lwrb_read)
    lwrb_read_ex                             0x08003a95   Thumb Code   142  lwrb.o(i.lwrb_read_ex)
    lwrb_write                               0x08003b23   Thumb Code    22  lwrb.o(i.lwrb_write)
    lwrb_write_ex                            0x08003b39   Thumb Code   142  lwrb.o(i.lwrb_write_ex)
    main                                     0x08003bc9   Thumb Code    58  main.o(i.main)
    matrixkey_init                           0x08003da9   Thumb Code    84  matrixkey.o(i.matrixkey_init)
    max485_receive                           0x08003e09   Thumb Code    16  dewenlcd.o(i.max485_receive)
    max485_send                              0x08003e1d   Thumb Code    50  dewenlcd.o(i.max485_send)
    my_mem_init                              0x08003e59   Thumb Code    50  malloc.o(i.my_mem_init)
    my_mem_perused                           0x08003e95   Thumb Code    48  malloc.o(i.my_mem_perused)
    mymemset                                 0x08003ecd   Thumb Code    14  malloc.o(i.mymemset)
    relay_init                               0x08003f81   Thumb Code     2  relay.o(i.relay_init)
    send_data                                0x08003fb5   Thumb Code   142  dgus_lcd.o(i.send_data)
    stepmotor_init                           0x08004069   Thumb Code     2  stepmotor.o(i.stepmotor_init)
    stim_init                                0x0800406d   Thumb Code   130  smarttimer.o(i.stim_init)
    stim_loop                                0x08004105   Thumb Code    16  smarttimer.o(i.stim_loop)
    stim_mainloop                            0x08004115   Thumb Code    88  smarttimer.o(i.stim_mainloop)
    stim_runlater                            0x08004171   Thumb Code    18  smarttimer.o(i.stim_runlater)
    stim_start_task                          0x08004185   Thumb Code    52  app.o(i.stim_start_task)
    stim_tick                                0x080041bd   Thumb Code   144  smarttimer.o(i.stim_tick)
    sys_task                                 0x08004255   Thumb Code    46  app.o(i.sys_task)
    system_start_task                        0x0800428d   Thumb Code    56  app.o(i.system_start_task)
    tirpod_init                              0x080042d5   Thumb Code    14  tirpod.o(i.tirpod_init)
    touchkey_init                            0x08004395   Thumb Code    80  touchkey.o(i.touchkey_init)
    voice_init                               0x080043f1   Thumb Code     6  voice.o(i.voice_init)
    voice_say                                0x080043f7   Thumb Code     4  voice.o(i.voice_say)
    _fp_init                                 0x080043fb   Thumb Code    10  fpinit.o(x$fpl$fpinit)
    __fplib_config_fpu_vfp                   0x08004403   Thumb Code     0  fpinit.o(x$fpl$fpinit)
    __fplib_config_pureend_doubles           0x08004403   Thumb Code     0  fpinit.o(x$fpl$fpinit)
    AHBPrescTable                            0x0800440c   Data          16  system_stm32f4xx.o(.constdata)
    APBPrescTable                            0x0800441c   Data           8  system_stm32f4xx.o(.constdata)
    memtblsize                               0x08004424   Data           8  malloc.o(.constdata)
    memblksize                               0x0800442c   Data           8  malloc.o(.constdata)
    memsize                                  0x08004434   Data           8  malloc.o(.constdata)
    Region$$Table$$Base                      0x08004478   Number         0  anon$$obj.o(Region$$Table)
    Region$$Table$$Limit                     0x080044a8   Number         0  anon$$obj.o(Region$$Table)
    mem2base                                 0x10000000   Data       61440  malloc.o(.ARM.__AT_0x10000000)
    mem2mapbase                              0x1000f000   Data        3840  malloc.o(.ARM.__AT_0x1000F000)
    mem1base                                 0x20000000   Data       112640  malloc.o(.bss)
    __stdout                                 0x2001c000   Data           4  usart.o(.data)
    uwTickFreq                               0x2001c004   Data           1  stm32f4xx_hal.o(.data)
    uwTickPrio                               0x2001c008   Data           4  stm32f4xx_hal.o(.data)
    uwTick                                   0x2001c00c   Data           4  stm32f4xx_hal.o(.data)
    SystemCoreClock                          0x2001c010   Data           4  system_stm32f4xx.o(.data)
    mallco_dev                               0x2001c014   Data          28  malloc.o(.data)
    g_logic_level                            0x2001c03c   Data           4  flexible_button.o(.data)
    g_btn_status_reg                         0x2001c040   Data           4  flexible_button.o(.data)
    DMA_MIN_SIZE                             0x2001c05c   Data           2  st7789.o(.data)
    diwenlcd_recv_byte                       0x2001c05e   Data           1  dewenlcd.o(.data)
    hspi1                                    0x2001c060   Data          88  spi.o(.bss)
    hdma_spi1_rx                             0x2001c0b8   Data          96  spi.o(.bss)
    hdma_spi1_tx                             0x2001c118   Data          96  spi.o(.bss)
    htim6                                    0x2001c178   Data          72  tim.o(.bss)
    huart4                                   0x2001c1c0   Data          68  usart.o(.bss)
    huart5                                   0x2001c204   Data          68  usart.o(.bss)
    huart1                                   0x2001c248   Data          68  usart.o(.bss)
    mem1mapbase                              0x2001c28c   Data        7040  malloc.o(.bss)
    disp_buf                                 0x2001e3ec   Data        3200  st7789.o(.bss)
    diwenlcd_uart_buff                       0x2001f06c   Data          20  dewenlcd.o(.bss)
    diwenlcd_buff_data                       0x2001f080   Data          64  dewenlcd.o(.bss)
    __libspace_start                         0x2001f0c0   Data          96  libspace.o(.bss)
    __temporary_stack_top$libspace           0x2001f120   Data           0  libspace.o(.bss)



==============================================================================

Memory Map of the image

  Image Entry point : 0x08000189

  Load Region LR_IROM1 (Base: 0x08000000, Size: 0x00004508, Max: 0x00100000, ABSOLUTE)

    Execution Region ER_IROM1 (Exec base: 0x08000000, Load base: 0x08000000, Size: 0x000044a8, Max: 0x00100000, ABSOLUTE)

    Exec Addr    Load Addr    Size         Type   Attr      Idx    E Section Name        Object

    0x08000000   0x08000000   0x00000188   Data   RO            3    RESET               startup_stm32f407xx.o
    0x08000188   0x08000188   0x00000008   Code   RO         5240  * !!!main             c_w.l(__main.o)
    0x08000190   0x08000190   0x00000034   Code   RO         5576    !!!scatter          c_w.l(__scatter.o)
    0x080001c4   0x080001c4   0x0000001a   Code   RO         5578    !!handler_copy      c_w.l(__scatter_copy.o)
    0x080001de   0x080001de   0x00000002   PAD
    0x080001e0   0x080001e0   0x0000001c   Code   RO         5580    !!handler_zi        c_w.l(__scatter_zi.o)
    0x080001fc   0x080001fc   0x00000000   Code   RO         5225    .ARM.Collect$$_printf_percent$$00000000  c_w.l(_printf_percent.o)
    0x080001fc   0x080001fc   0x00000006   Code   RO         5224    .ARM.Collect$$_printf_percent$$00000009  c_w.l(_printf_d.o)
    0x08000202   0x08000202   0x00000006   Code   RO         5223    .ARM.Collect$$_printf_percent$$0000000C  c_w.l(_printf_x.o)
    0x08000208   0x08000208   0x00000004   Code   RO         5316    .ARM.Collect$$_printf_percent$$00000017  c_w.l(_printf_percent_end.o)
    0x0800020c   0x0800020c   0x00000002   Code   RO         5501    .ARM.Collect$$libinit$$00000000  c_w.l(libinit.o)
    0x0800020e   0x0800020e   0x00000004   Code   RO         5394    .ARM.Collect$$libinit$$00000001  c_w.l(libinit2.o)
    0x08000212   0x08000212   0x00000000   Code   RO         5397    .ARM.Collect$$libinit$$00000004  c_w.l(libinit2.o)
    0x08000212   0x08000212   0x00000000   Code   RO         5400    .ARM.Collect$$libinit$$0000000A  c_w.l(libinit2.o)
    0x08000212   0x08000212   0x00000000   Code   RO         5402    .ARM.Collect$$libinit$$0000000C  c_w.l(libinit2.o)
    0x08000212   0x08000212   0x00000000   Code   RO         5404    .ARM.Collect$$libinit$$0000000E  c_w.l(libinit2.o)
    0x08000212   0x08000212   0x00000000   Code   RO         5407    .ARM.Collect$$libinit$$00000011  c_w.l(libinit2.o)
    0x08000212   0x08000212   0x00000000   Code   RO         5409    .ARM.Collect$$libinit$$00000013  c_w.l(libinit2.o)
    0x08000212   0x08000212   0x00000000   Code   RO         5411    .ARM.Collect$$libinit$$00000015  c_w.l(libinit2.o)
    0x08000212   0x08000212   0x00000000   Code   RO         5413    .ARM.Collect$$libinit$$00000017  c_w.l(libinit2.o)
    0x08000212   0x08000212   0x00000000   Code   RO         5415    .ARM.Collect$$libinit$$00000019  c_w.l(libinit2.o)
    0x08000212   0x08000212   0x00000000   Code   RO         5417    .ARM.Collect$$libinit$$0000001B  c_w.l(libinit2.o)
    0x08000212   0x08000212   0x00000000   Code   RO         5419    .ARM.Collect$$libinit$$0000001D  c_w.l(libinit2.o)
    0x08000212   0x08000212   0x00000000   Code   RO         5421    .ARM.Collect$$libinit$$0000001F  c_w.l(libinit2.o)
    0x08000212   0x08000212   0x00000000   Code   RO         5423    .ARM.Collect$$libinit$$00000021  c_w.l(libinit2.o)
    0x08000212   0x08000212   0x00000000   Code   RO         5425    .ARM.Collect$$libinit$$00000023  c_w.l(libinit2.o)
    0x08000212   0x08000212   0x00000000   Code   RO         5427    .ARM.Collect$$libinit$$00000025  c_w.l(libinit2.o)
    0x08000212   0x08000212   0x00000000   Code   RO         5431    .ARM.Collect$$libinit$$0000002C  c_w.l(libinit2.o)
    0x08000212   0x08000212   0x00000000   Code   RO         5433    .ARM.Collect$$libinit$$0000002E  c_w.l(libinit2.o)
    0x08000212   0x08000212   0x00000000   Code   RO         5435    .ARM.Collect$$libinit$$00000030  c_w.l(libinit2.o)
    0x08000212   0x08000212   0x00000000   Code   RO         5437    .ARM.Collect$$libinit$$00000032  c_w.l(libinit2.o)
    0x08000212   0x08000212   0x00000002   Code   RO         5438    .ARM.Collect$$libinit$$00000033  c_w.l(libinit2.o)
    0x08000214   0x08000214   0x00000002   Code   RO         5573    .ARM.Collect$$libshutdown$$00000000  c_w.l(libshutdown.o)
    0x08000216   0x08000216   0x00000000   Code   RO         5531    .ARM.Collect$$libshutdown$$00000002  c_w.l(libshutdown2.o)
    0x08000216   0x08000216   0x00000000   Code   RO         5533    .ARM.Collect$$libshutdown$$00000004  c_w.l(libshutdown2.o)
    0x08000216   0x08000216   0x00000000   Code   RO         5535    .ARM.Collect$$libshutdown$$00000006  c_w.l(libshutdown2.o)
    0x08000216   0x08000216   0x00000000   Code   RO         5538    .ARM.Collect$$libshutdown$$00000009  c_w.l(libshutdown2.o)
    0x08000216   0x08000216   0x00000000   Code   RO         5541    .ARM.Collect$$libshutdown$$0000000C  c_w.l(libshutdown2.o)
    0x08000216   0x08000216   0x00000000   Code   RO         5543    .ARM.Collect$$libshutdown$$0000000E  c_w.l(libshutdown2.o)
    0x08000216   0x08000216   0x00000000   Code   RO         5546    .ARM.Collect$$libshutdown$$00000011  c_w.l(libshutdown2.o)
    0x08000216   0x08000216   0x00000002   Code   RO         5547    .ARM.Collect$$libshutdown$$00000012  c_w.l(libshutdown2.o)
    0x08000218   0x08000218   0x00000000   Code   RO         5246    .ARM.Collect$$rtentry$$00000000  c_w.l(__rtentry.o)
    0x08000218   0x08000218   0x00000000   Code   RO         5340    .ARM.Collect$$rtentry$$00000002  c_w.l(__rtentry2.o)
    0x08000218   0x08000218   0x00000006   Code   RO         5352    .ARM.Collect$$rtentry$$00000004  c_w.l(__rtentry4.o)
    0x0800021e   0x0800021e   0x00000000   Code   RO         5342    .ARM.Collect$$rtentry$$00000009  c_w.l(__rtentry2.o)
    0x0800021e   0x0800021e   0x00000004   Code   RO         5343    .ARM.Collect$$rtentry$$0000000A  c_w.l(__rtentry2.o)
    0x08000222   0x08000222   0x00000000   Code   RO         5345    .ARM.Collect$$rtentry$$0000000C  c_w.l(__rtentry2.o)
    0x08000222   0x08000222   0x00000008   Code   RO         5346    .ARM.Collect$$rtentry$$0000000D  c_w.l(__rtentry2.o)
    0x0800022a   0x0800022a   0x00000002   Code   RO         5509    .ARM.Collect$$rtexit$$00000000  c_w.l(rtexit.o)
    0x0800022c   0x0800022c   0x00000000   Code   RO         5549    .ARM.Collect$$rtexit$$00000002  c_w.l(rtexit2.o)
    0x0800022c   0x0800022c   0x00000004   Code   RO         5550    .ARM.Collect$$rtexit$$00000003  c_w.l(rtexit2.o)
    0x08000230   0x08000230   0x00000006   Code   RO         5551    .ARM.Collect$$rtexit$$00000004  c_w.l(rtexit2.o)
    0x08000236   0x08000236   0x00000002   PAD
    0x08000238   0x08000238   0x00000040   Code   RO            4    .text               startup_stm32f407xx.o
    0x08000278   0x08000278   0x00000002   Code   RO         5108    .text               c_w.l(use_no_semi_2.o)
    0x0800027a   0x0800027a   0x000000ee   Code   RO         5168    .text               c_w.l(lludivv7m.o)
    0x08000368   0x08000368   0x00000018   Code   RO         5172    .text               c_w.l(__2printf.o)
    0x08000380   0x08000380   0x0000004e   Code   RO         5178    .text               c_w.l(_printf_pad.o)
    0x080003ce   0x080003ce   0x00000002   PAD
    0x080003d0   0x080003d0   0x00000078   Code   RO         5180    .text               c_w.l(_printf_dec.o)
    0x08000448   0x08000448   0x00000094   Code   RO         5200    .text               c_w.l(_printf_hex_int_ll_ptr.o)
    0x080004dc   0x080004dc   0x00000188   Code   RO         5220    .text               c_w.l(__printf_flags_ss_wp.o)
    0x08000664   0x08000664   0x0000003e   Code   RO         5226    .text               c_w.l(strlen.o)
    0x080006a2   0x080006a2   0x0000008a   Code   RO         5228    .text               c_w.l(rt_memcpy_v6.o)
    0x0800072c   0x0800072c   0x00000010   Code   RO         5230    .text               c_w.l(aeabi_memset.o)
    0x0800073c   0x0800073c   0x00000044   Code   RO         5232    .text               c_w.l(rt_memclr.o)
    0x08000780   0x08000780   0x0000004e   Code   RO         5234    .text               c_w.l(rt_memclr_w.o)
    0x080007ce   0x080007ce   0x00000006   Code   RO         5238    .text               c_w.l(heapauxi.o)
    0x080007d4   0x080007d4   0x00000002   Code   RO         5242    .text               c_w.l(use_no_semi.o)
    0x080007d6   0x080007d6   0x000000b2   Code   RO         5282    .text               c_w.l(_printf_intcommon.o)
    0x08000888   0x08000888   0x00000030   Code   RO         5286    .text               c_w.l(_printf_char_common.o)
    0x080008b8   0x080008b8   0x00000024   Code   RO         5292    .text               c_w.l(_printf_char_file.o)
    0x080008dc   0x080008dc   0x00000064   Code   RO         5326    .text               c_w.l(rt_memcpy_w.o)
    0x08000940   0x08000940   0x00000008   Code   RO         5336    .text               c_w.l(libspace.o)
    0x08000948   0x08000948   0x00000008   Code   RO         5379    .text               c_w.l(ferror.o)
    0x08000950   0x08000950   0x0000004a   Code   RO         5439    .text               c_w.l(sys_stackheap_outer.o)
    0x0800099a   0x0800099a   0x00000012   Code   RO         5484    .text               c_w.l(exit.o)
    0x080009ac   0x080009ac   0x00000038   Code   RO         4843    i.BY8301_Say        voice.o
    0x080009e4   0x080009e4   0x00000010   Code   RO         4844    i.BY8301_SendData   voice.o
    0x080009f4   0x080009f4   0x00000034   Code   RO         4847    i.BY8301_setVolume  voice.o
    0x08000a28   0x08000a28   0x00000002   Code   RO          525    i.BusFault_Handler  stm32f4xx_it.o
    0x08000a2a   0x08000a2a   0x00000002   PAD
    0x08000a2c   0x08000a2c   0x0000000c   Code   RO          526    i.DMA2_Stream0_IRQHandler  stm32f4xx_it.o
    0x08000a38   0x08000a38   0x0000000c   Code   RO          527    i.DMA2_Stream3_IRQHandler  stm32f4xx_it.o
    0x08000a44   0x08000a44   0x00000028   Code   RO         1436    i.DMA_CalcBaseAndBitshift  stm32f4xx_hal_dma.o
    0x08000a6c   0x08000a6c   0x00000054   Code   RO         1437    i.DMA_CheckFifoParam  stm32f4xx_hal_dma.o
    0x08000ac0   0x08000ac0   0x00000028   Code   RO         1438    i.DMA_SetConfig     stm32f4xx_hal_dma.o
    0x08000ae8   0x08000ae8   0x00000002   Code   RO          528    i.DebugMon_Handler  stm32f4xx_it.o
    0x08000aea   0x08000aea   0x00000004   Code   RO           13    i.Error_Handler     main.o
    0x08000aee   0x08000aee   0x00000092   Code   RO         1439    i.HAL_DMA_Abort     stm32f4xx_hal_dma.o
    0x08000b80   0x08000b80   0x00000024   Code   RO         1440    i.HAL_DMA_Abort_IT  stm32f4xx_hal_dma.o
    0x08000ba4   0x08000ba4   0x000001a0   Code   RO         1444    i.HAL_DMA_IRQHandler  stm32f4xx_hal_dma.o
    0x08000d44   0x08000d44   0x000000d4   Code   RO         1445    i.HAL_DMA_Init      stm32f4xx_hal_dma.o
    0x08000e18   0x08000e18   0x0000006e   Code   RO         1449    i.HAL_DMA_Start_IT  stm32f4xx_hal_dma.o
    0x08000e86   0x08000e86   0x00000002   PAD
    0x08000e88   0x08000e88   0x00000024   Code   RO         1858    i.HAL_Delay         stm32f4xx_hal.o
    0x08000eac   0x08000eac   0x000001f0   Code   RO         1332    i.HAL_GPIO_Init     stm32f4xx_hal_gpio.o
    0x0800109c   0x0800109c   0x0000000a   Code   RO         1334    i.HAL_GPIO_ReadPin  stm32f4xx_hal_gpio.o
    0x080010a6   0x080010a6   0x00000010   Code   RO         1335    i.HAL_GPIO_TogglePin  stm32f4xx_hal_gpio.o
    0x080010b6   0x080010b6   0x0000000a   Code   RO         1336    i.HAL_GPIO_WritePin  stm32f4xx_hal_gpio.o
    0x080010c0   0x080010c0   0x0000000c   Code   RO         1864    i.HAL_GetTick       stm32f4xx_hal.o
    0x080010cc   0x080010cc   0x00000010   Code   RO         1870    i.HAL_IncTick       stm32f4xx_hal.o
    0x080010dc   0x080010dc   0x00000034   Code   RO         1871    i.HAL_Init          stm32f4xx_hal.o
    0x08001110   0x08001110   0x00000040   Code   RO         1872    i.HAL_InitTick      stm32f4xx_hal.o
    0x08001150   0x08001150   0x00000030   Code   RO          631    i.HAL_MspInit       stm32f4xx_hal_msp.o
    0x08001180   0x08001180   0x0000001a   Code   RO         1721    i.HAL_NVIC_EnableIRQ  stm32f4xx_hal_cortex.o
    0x0800119a   0x0800119a   0x00000002   PAD
    0x0800119c   0x0800119c   0x00000040   Code   RO         1727    i.HAL_NVIC_SetPriority  stm32f4xx_hal_cortex.o
    0x080011dc   0x080011dc   0x00000024   Code   RO         1728    i.HAL_NVIC_SetPriorityGrouping  stm32f4xx_hal_cortex.o
    0x08001200   0x08001200   0x00000134   Code   RO          978    i.HAL_RCC_ClockConfig  stm32f4xx_hal_rcc.o
    0x08001334   0x08001334   0x00000020   Code   RO          985    i.HAL_RCC_GetPCLK1Freq  stm32f4xx_hal_rcc.o
    0x08001354   0x08001354   0x00000020   Code   RO          986    i.HAL_RCC_GetPCLK2Freq  stm32f4xx_hal_rcc.o
    0x08001374   0x08001374   0x00000064   Code   RO          987    i.HAL_RCC_GetSysClockFreq  stm32f4xx_hal_rcc.o
    0x080013d8   0x080013d8   0x0000036c   Code   RO          990    i.HAL_RCC_OscConfig  stm32f4xx_hal_rcc.o
    0x08001744   0x08001744   0x00000002   Code   RO          662    i.HAL_SPI_ErrorCallback  stm32f4xx_hal_spi.o
    0x08001746   0x08001746   0x000000bc   Code   RO          666    i.HAL_SPI_Init      stm32f4xx_hal_spi.o
    0x08001802   0x08001802   0x00000002   PAD
    0x08001804   0x08001804   0x000000d4   Code   RO          222    i.HAL_SPI_MspInit   spi.o
    0x080018d8   0x080018d8   0x00000166   Code   RO          674    i.HAL_SPI_Transmit  stm32f4xx_hal_spi.o
    0x08001a3e   0x08001a3e   0x00000002   PAD
    0x08001a40   0x08001a40   0x000000d8   Code   RO          678    i.HAL_SPI_Transmit_DMA  stm32f4xx_hal_spi.o
    0x08001b18   0x08001b18   0x00000002   Code   RO          680    i.HAL_SPI_TxCpltCallback  stm32f4xx_hal_spi.o
    0x08001b1a   0x08001b1a   0x00000002   Code   RO          681    i.HAL_SPI_TxHalfCpltCallback  stm32f4xx_hal_spi.o
    0x08001b1c   0x08001b1c   0x00000028   Code   RO         1732    i.HAL_SYSTICK_Config  stm32f4xx_hal_cortex.o
    0x08001b44   0x08001b44   0x00000002   Code   RO         2815    i.HAL_TIMEx_BreakCallback  stm32f4xx_hal_tim_ex.o
    0x08001b46   0x08001b46   0x00000002   Code   RO         2816    i.HAL_TIMEx_CommutCallback  stm32f4xx_hal_tim_ex.o
    0x08001b48   0x08001b48   0x00000090   Code   RO         2834    i.HAL_TIMEx_MasterConfigSynchronization  stm32f4xx_hal_tim_ex.o
    0x08001bd8   0x08001bd8   0x0000005a   Code   RO         2111    i.HAL_TIM_Base_Init  stm32f4xx_hal_tim.o
    0x08001c32   0x08001c32   0x00000002   PAD
    0x08001c34   0x08001c34   0x0000003c   Code   RO          264    i.HAL_TIM_Base_MspInit  tim.o
    0x08001c70   0x08001c70   0x00000080   Code   RO         2116    i.HAL_TIM_Base_Start_IT  stm32f4xx_hal_tim.o
    0x08001cf0   0x08001cf0   0x00000002   Code   RO         2145    i.HAL_TIM_IC_CaptureCallback  stm32f4xx_hal_tim.o
    0x08001cf2   0x08001cf2   0x00000166   Code   RO         2159    i.HAL_TIM_IRQHandler  stm32f4xx_hal_tim.o
    0x08001e58   0x08001e58   0x00000002   Code   RO         2162    i.HAL_TIM_OC_DelayElapsedCallback  stm32f4xx_hal_tim.o
    0x08001e5a   0x08001e5a   0x00000002   Code   RO         2189    i.HAL_TIM_PWM_PulseFinishedCallback  stm32f4xx_hal_tim.o
    0x08001e5c   0x08001e5c   0x00000014   Code   RO          265    i.HAL_TIM_PeriodElapsedCallback  tim.o
    0x08001e70   0x08001e70   0x00000002   Code   RO         2202    i.HAL_TIM_TriggerCallback  stm32f4xx_hal_tim.o
    0x08001e72   0x08001e72   0x00000002   Code   RO         3093    i.HAL_UARTEx_RxEventCallback  stm32f4xx_hal_uart.o
    0x08001e74   0x08001e74   0x00000002   Code   RO         3107    i.HAL_UART_ErrorCallback  stm32f4xx_hal_uart.o
    0x08001e76   0x08001e76   0x00000002   PAD
    0x08001e78   0x08001e78   0x00000268   Code   RO         3110    i.HAL_UART_IRQHandler  stm32f4xx_hal_uart.o
    0x080020e0   0x080020e0   0x00000062   Code   RO         3111    i.HAL_UART_Init     stm32f4xx_hal_uart.o
    0x08002142   0x08002142   0x00000002   PAD
    0x08002144   0x08002144   0x0000016c   Code   RO          312    i.HAL_UART_MspInit  usart.o
    0x080022b0   0x080022b0   0x0000002a   Code   RO         3116    i.HAL_UART_Receive_IT  stm32f4xx_hal_uart.o
    0x080022da   0x080022da   0x00000002   PAD
    0x080022dc   0x080022dc   0x00000034   Code   RO          313    i.HAL_UART_RxCpltCallback  usart.o
    0x08002310   0x08002310   0x000000b2   Code   RO         3119    i.HAL_UART_Transmit  stm32f4xx_hal_uart.o
    0x080023c2   0x080023c2   0x0000003e   Code   RO         3121    i.HAL_UART_Transmit_IT  stm32f4xx_hal_uart.o
    0x08002400   0x08002400   0x00000002   Code   RO         3122    i.HAL_UART_TxCpltCallback  stm32f4xx_hal_uart.o
    0x08002402   0x08002402   0x00000002   Code   RO          529    i.HardFault_Handler  stm32f4xx_it.o
    0x08002404   0x08002404   0x0000003c   Code   RO          197    i.MX_DMA_Init       dma.o
    0x08002440   0x08002440   0x00000290   Code   RO          173    i.MX_GPIO_Init      gpio.o
    0x080026d0   0x080026d0   0x00000044   Code   RO          223    i.MX_SPI1_Init      spi.o
    0x08002714   0x08002714   0x00000048   Code   RO          266    i.MX_TIM6_Init      tim.o
    0x0800275c   0x0800275c   0x00000038   Code   RO          314    i.MX_UART4_Init     usart.o
    0x08002794   0x08002794   0x00000038   Code   RO          315    i.MX_UART5_Init     usart.o
    0x080027cc   0x080027cc   0x00000038   Code   RO          316    i.MX_USART1_UART_Init  usart.o
    0x08002804   0x08002804   0x00000002   Code   RO          530    i.MemManage_Handler  stm32f4xx_it.o
    0x08002806   0x08002806   0x00000002   Code   RO          531    i.NMI_Handler       stm32f4xx_it.o
    0x08002808   0x08002808   0x00000002   Code   RO          532    i.PendSV_Handler    stm32f4xx_it.o
    0x0800280a   0x0800280a   0x00000022   Code   RO          694    i.SPI_DMAError      stm32f4xx_hal_spi.o
    0x0800282c   0x0800282c   0x0000000a   Code   RO          696    i.SPI_DMAHalfTransmitCplt  stm32f4xx_hal_spi.o
    0x08002836   0x08002836   0x00000064   Code   RO          700    i.SPI_DMATransmitCplt  stm32f4xx_hal_spi.o
    0x0800289a   0x0800289a   0x00000002   PAD
    0x0800289c   0x0800289c   0x00000058   Code   RO          704    i.SPI_EndRxTxTransaction  stm32f4xx_hal_spi.o
    0x080028f4   0x080028f4   0x000000b8   Code   RO          709    i.SPI_WaitFlagStateUntilTimeout  stm32f4xx_hal_spi.o
    0x080029ac   0x080029ac   0x00000058   Code   RO         4536    i.ST7789_Fill_Color  st7789.o
    0x08002a04   0x08002a04   0x0000014c   Code   RO         4537    i.ST7789_Init       st7789.o
    0x08002b50   0x08002b50   0x00000078   Code   RO         4539    i.ST7789_SetAddressWindow  st7789.o
    0x08002bc8   0x08002bc8   0x00000030   Code   RO         4540    i.ST7789_SetRotation  st7789.o
    0x08002bf8   0x08002bf8   0x0000003c   Code   RO         4544    i.ST7789_WriteCommand  st7789.o
    0x08002c34   0x08002c34   0x00000090   Code   RO         4545    i.ST7789_WriteData  st7789.o
    0x08002cc4   0x08002cc4   0x0000003c   Code   RO         4546    i.ST7789_WriteSmallData  st7789.o
    0x08002d00   0x08002d00   0x00000002   Code   RO          533    i.SVC_Handler       stm32f4xx_it.o
    0x08002d02   0x08002d02   0x00000004   Code   RO          534    i.SysTick_Handler   stm32f4xx_it.o
    0x08002d06   0x08002d06   0x00000002   PAD
    0x08002d08   0x08002d08   0x00000094   Code   RO           14    i.SystemClock_Config  main.o
    0x08002d9c   0x08002d9c   0x00000010   Code   RO         3440    i.SystemInit        system_stm32f4xx.o
    0x08002dac   0x08002dac   0x0000000c   Code   RO          535    i.TIM6_DAC_IRQHandler  stm32f4xx_it.o
    0x08002db8   0x08002db8   0x000000c8   Code   RO         2204    i.TIM_Base_SetConfig  stm32f4xx_hal_tim.o
    0x08002e80   0x08002e80   0x0000000c   Code   RO          536    i.UART4_IRQHandler  stm32f4xx_it.o
    0x08002e8c   0x08002e8c   0x0000000c   Code   RO          537    i.UART5_IRQHandler  stm32f4xx_it.o
    0x08002e98   0x08002e98   0x00000010   Code   RO         3124    i.UART_DMAAbortOnError  stm32f4xx_hal_uart.o
    0x08002ea8   0x08002ea8   0x0000004e   Code   RO         3134    i.UART_EndRxTransfer  stm32f4xx_hal_uart.o
    0x08002ef6   0x08002ef6   0x000000c0   Code   RO         3136    i.UART_Receive_IT   stm32f4xx_hal_uart.o
    0x08002fb6   0x08002fb6   0x00000002   PAD
    0x08002fb8   0x08002fb8   0x0000010c   Code   RO         3137    i.UART_SetConfig    stm32f4xx_hal_uart.o
    0x080030c4   0x080030c4   0x0000003a   Code   RO         3139    i.UART_Start_Receive_IT  stm32f4xx_hal_uart.o
    0x080030fe   0x080030fe   0x00000078   Code   RO         3140    i.UART_WaitOnFlagUntilTimeout  stm32f4xx_hal_uart.o
    0x08003176   0x08003176   0x00000002   Code   RO          538    i.UsageFault_Handler  stm32f4xx_it.o
    0x08003178   0x08003178   0x00000020   Code   RO         1734    i.__NVIC_SetPriority  stm32f4xx_hal_cortex.o
    0x08003198   0x08003198   0x00000038   Code   RO         4689    i._a_recv_handler   dewenlcd.o
    0x080031d0   0x080031d0   0x00000108   Code   RO         3902    i._handle_packet    dgus_lcd.o
    0x080032d8   0x080032d8   0x0000000e   Code   RO         5213    i._is_digit         c_w.l(__printf_wp.o)
    0x080032e6   0x080032e6   0x00000002   PAD
    0x080032e8   0x080032e8   0x00000010   Code   RO         4690    i._serial_bytes_available  dewenlcd.o
    0x080032f8   0x080032f8   0x00000010   Code   RO         4691    i._serial_recv_byte  dewenlcd.o
    0x08003308   0x08003308   0x0000000c   Code   RO         4692    i._serial_send_data  dewenlcd.o
    0x08003314   0x08003314   0x00000002   Code   RO          318    i._sys_exit         usart.o
    0x08003316   0x08003316   0x00000002   Code   RO         4356    i.beep_init         beep.o
    0x08003318   0x08003318   0x00000034   Code   RO         3905    i.buffer_u16        dgus_lcd.o
    0x0800334c   0x0800334c   0x0000002c   Code   RO         3907    i.buffer_u32_1      dgus_lcd.o
    0x08003378   0x08003378   0x0000001e   Code   RO         3908    i.buffer_u8         dgus_lcd.o
    0x08003396   0x08003396   0x00000004   Code   RO         5008    i.button_task       app.o
    0x0800339a   0x0800339a   0x00000004   Code   RO         5009    i.data_receive_task  app.o
    0x0800339e   0x0800339e   0x00000002   Code   RO         5010    i.debug_task        app.o
    0x080033a0   0x080033a0   0x00000002   Code   RO         4693    i.dgus_delay        dewenlcd.o
    0x080033a2   0x080033a2   0x00000002   PAD
    0x080033a4   0x080033a4   0x00000014   Code   RO         3912    i.dgus_init         dgus_lcd.o
    0x080033b8   0x080033b8   0x0000001c   Code   RO         3914    i.dgus_packet_init  dgus_lcd.o
    0x080033d4   0x080033d4   0x00000006   Code   RO         3916    i.dgus_packet_set_len  dgus_lcd.o
    0x080033da   0x080033da   0x00000002   PAD
    0x080033dc   0x080033dc   0x0000009c   Code   RO         3917    i.dgus_recv_data    dgus_lcd.o
    0x08003478   0x08003478   0x0000003a   Code   RO         3798    i.dgus_set_text_padded  dgus_control_text.o
    0x080034b2   0x080034b2   0x00000024   Code   RO         3920    i.dgus_set_var      dgus_lcd.o
    0x080034d6   0x080034d6   0x00000002   PAD
    0x080034d8   0x080034d8   0x000000a0   Code   RO         4695    i.diwenlcd_init     dewenlcd.o
    0x08003578   0x08003578   0x000001a0   Code   RO         3672    i.flex_button_process  flexible_button.o
    0x08003718   0x08003718   0x00000054   Code   RO         3673    i.flex_button_register  flexible_button.o
    0x0800376c   0x0800376c   0x0000003c   Code   RO         3674    i.flex_button_scan  flexible_button.o
    0x080037a8   0x080037a8   0x00000018   Code   RO          320    i.fputc             usart.o
    0x080037c0   0x080037c0   0x00000028   Code   RO         3559    i.free_event        smarttimer.o
    0x080037e8   0x080037e8   0x0000000a   Code   RO         3560    i.init_linked       smarttimer.o
    0x080037f2   0x080037f2   0x00000046   Code   RO         3561    i.insert_event      smarttimer.o
    0x08003838   0x08003838   0x00000024   Code   RO         3562    i.insert_to_tail    smarttimer.o
    0x0800385c   0x0800385c   0x00000044   Code   RO         4439    i.keyboard_read_col  matrixkey.o
    0x080038a0   0x080038a0   0x0000006a   Code   RO         4440    i.keyboard_scan     matrixkey.o
    0x0800390a   0x0800390a   0x00000002   PAD
    0x0800390c   0x0800390c   0x00000058   Code   RO         4441    i.keyboard_write_row  matrixkey.o
    0x08003964   0x08003964   0x0000009c   Code   RO         4322    i.led_ctl           led.o
    0x08003a00   0x08003a00   0x00000002   Code   RO         4323    i.led_init          led.o
    0x08003a02   0x08003a02   0x00000028   Code   RO         4199    i.lwrb_get_free     lwrb.o
    0x08003a2a   0x08003a2a   0x0000002a   Code   RO         4200    i.lwrb_get_full     lwrb.o
    0x08003a54   0x08003a54   0x00000018   Code   RO         4205    i.lwrb_init         lwrb.o
    0x08003a6c   0x08003a6c   0x00000012   Code   RO         4206    i.lwrb_is_ready     lwrb.o
    0x08003a7e   0x08003a7e   0x00000016   Code   RO         4208    i.lwrb_read         lwrb.o
    0x08003a94   0x08003a94   0x0000008e   Code   RO         4209    i.lwrb_read_ex      lwrb.o
    0x08003b22   0x08003b22   0x00000016   Code   RO         4213    i.lwrb_write        lwrb.o
    0x08003b38   0x08003b38   0x0000008e   Code   RO         4214    i.lwrb_write_ex     lwrb.o
    0x08003bc6   0x08003bc6   0x00000002   PAD
    0x08003bc8   0x08003bc8   0x00000040   Code   RO           15    i.main              main.o
    0x08003c08   0x08003c08   0x00000004   Code   RO         4442    i.matrix_btn_evt_cb  matrixkey.o
    0x08003c0c   0x08003c0c   0x000000f2   Code   RO         4443    i.matrix_btn_read   matrixkey.o
    0x08003cfe   0x08003cfe   0x00000002   PAD
    0x08003d00   0x08003d00   0x000000a8   Code   RO         4444    i.matrix_combination_btn_event  matrixkey.o
    0x08003da8   0x08003da8   0x00000060   Code   RO         4445    i.matrixkey_init    matrixkey.o
    0x08003e08   0x08003e08   0x00000014   Code   RO         4703    i.max485_receive    dewenlcd.o
    0x08003e1c   0x08003e1c   0x0000003c   Code   RO         4704    i.max485_send       dewenlcd.o
    0x08003e58   0x08003e58   0x0000003c   Code   RO         3478    i.my_mem_init       malloc.o
    0x08003e94   0x08003e94   0x00000038   Code   RO         3480    i.my_mem_perused    malloc.o
    0x08003ecc   0x08003ecc   0x0000000e   Code   RO         3484    i.mymemset          malloc.o
    0x08003eda   0x08003eda   0x00000002   PAD
    0x08003edc   0x08003edc   0x0000007c   Code   RO         3563    i.push_event        smarttimer.o
    0x08003f58   0x08003f58   0x00000028   Code   RO         3564    i.recyle_event      smarttimer.o
    0x08003f80   0x08003f80   0x00000002   Code   RO         4916    i.relay_init        relay.o
    0x08003f82   0x08003f82   0x00000030   Code   RO         3565    i.remove_node       smarttimer.o
    0x08003fb2   0x08003fb2   0x00000002   PAD
    0x08003fb4   0x08003fb4   0x000000b4   Code   RO         3922    i.send_data         dgus_lcd.o
    0x08004068   0x08004068   0x00000002   Code   RO         4948    i.stepmotor_init    stepmotor.o
    0x0800406a   0x0800406a   0x00000002   PAD
    0x0800406c   0x0800406c   0x00000098   Code   RO         3567    i.stim_init         smarttimer.o
    0x08004104   0x08004104   0x00000010   Code   RO         3569    i.stim_loop         smarttimer.o
    0x08004114   0x08004114   0x0000005c   Code   RO         3570    i.stim_mainloop     smarttimer.o
    0x08004170   0x08004170   0x00000012   Code   RO         3572    i.stim_runlater     smarttimer.o
    0x08004182   0x08004182   0x00000002   PAD
    0x08004184   0x08004184   0x00000038   Code   RO         5011    i.stim_start_task   app.o
    0x080041bc   0x080041bc   0x00000098   Code   RO         3573    i.stim_tick         smarttimer.o
    0x08004254   0x08004254   0x00000038   Code   RO         5012    i.sys_task          app.o
    0x0800428c   0x0800428c   0x00000048   Code   RO         5013    i.system_start_task  app.o
    0x080042d4   0x080042d4   0x0000000e   Code   RO         4975    i.tirpod_init       tirpod.o
    0x080042e2   0x080042e2   0x00000004   Code   RO         4388    i.touch_btn_evt_cb  touchkey.o
    0x080042e6   0x080042e6   0x00000002   PAD
    0x080042e8   0x080042e8   0x0000005c   Code   RO         4389    i.touch_btn_read    touchkey.o
    0x08004344   0x08004344   0x00000050   Code   RO         4390    i.touch_combination_btn_event  touchkey.o
    0x08004394   0x08004394   0x0000005c   Code   RO         4391    i.touchkey_init     touchkey.o
    0x080043f0   0x080043f0   0x00000006   Code   RO         4848    i.voice_init        voice.o
    0x080043f6   0x080043f6   0x00000004   Code   RO         4849    i.voice_say         voice.o
    0x080043fa   0x080043fa   0x0000000a   Code   RO         5502    x$fpl$fpinit        fz_wm.l(fpinit.o)
    0x08004404   0x08004404   0x00000008   Data   RO         1451    .constdata          stm32f4xx_hal_dma.o
    0x0800440c   0x0800440c   0x00000010   Data   RO         3441    .constdata          system_stm32f4xx.o
    0x0800441c   0x0800441c   0x00000008   Data   RO         3442    .constdata          system_stm32f4xx.o
    0x08004424   0x08004424   0x00000018   Data   RO         3490    .constdata          malloc.o
    0x0800443c   0x0800443c   0x00000028   Data   RO         5201    .constdata          c_w.l(_printf_hex_int_ll_ptr.o)
    0x08004464   0x08004464   0x00000011   Data   RO         5221    .constdata          c_w.l(__printf_flags_ss_wp.o)
    0x08004475   0x08004475   0x00000003   PAD
    0x08004478   0x08004478   0x00000030   Data   RO         5574    Region$$Table       anon$$obj.o


    Execution Region RW_IRAM1 (Exec base: 0x20000000, Load base: 0x080044a8, Size: 0x0001b800, Max: 0x0001c000, ABSOLUTE)

    Exec Addr    Load Addr    Size         Type   Attr      Idx    E Section Name        Object

    0x20000000        -       0x0001b800   Zero   RW         3488    .bss                malloc.o


    Execution Region RW_IRAM2 (Exec base: 0x2001c000, Load base: 0x080044a8, Size: 0x00003720, Max: 0x00004000, ABSOLUTE)

    Exec Addr    Load Addr    Size         Type   Attr      Idx    E Section Name        Object

    0x2001c000   0x080044a8   0x00000004   Data   RW          322    .data               usart.o
    0x2001c004   0x080044ac   0x0000000c   Data   RW         1878    .data               stm32f4xx_hal.o
    0x2001c010   0x080044b8   0x00000004   Data   RW         3443    .data               system_stm32f4xx.o
    0x2001c014   0x080044bc   0x0000001c   Data   RW         3491    .data               malloc.o
    0x2001c030   0x080044d8   0x00000004   Data   RW         3575    .data               smarttimer.o
    0x2001c034   0x080044dc   0x00000010   Data   RW         3675    .data               flexible_button.o
    0x2001c044   0x080044ec   0x00000018   Data   RW         3924    .data               dgus_lcd.o
    0x2001c05c   0x08004504   0x00000002   Data   RW         4549    .data               st7789.o
    0x2001c05e   0x08004506   0x00000001   Data   RW         4708    .data               dewenlcd.o
    0x2001c05f   0x08004507   0x00000001   Data   RW         5014    .data               app.o
    0x2001c060        -       0x00000118   Zero   RW          224    .bss                spi.o
    0x2001c178        -       0x00000048   Zero   RW          267    .bss                tim.o
    0x2001c1c0        -       0x000000cc   Zero   RW          321    .bss                usart.o
    0x2001c28c        -       0x00001b80   Zero   RW         3489    .bss                malloc.o
    0x2001de0c        -       0x0000026c   Zero   RW         3574    .bss                smarttimer.o
    0x2001e078        -       0x00000045   Zero   RW         3923    .bss                dgus_lcd.o
    0x2001e0bd   0x08004508   0x00000003   PAD
    0x2001e0c0        -       0x000000e0   Zero   RW         4392    .bss                touchkey.o
    0x2001e1a0        -       0x0000024c   Zero   RW         4446    .bss                matrixkey.o
    0x2001e3ec        -       0x00000c80   Zero   RW         4548    .bss                st7789.o
    0x2001f06c        -       0x00000014   Zero   RW         4705    .bss                dewenlcd.o
    0x2001f080        -       0x00000040   Zero   RW         4706    .bss                dewenlcd.o
    0x2001f0c0        -       0x00000060   Zero   RW         5337    .bss                c_w.l(libspace.o)
    0x2001f120        -       0x00000200   Zero   RW            2    HEAP                startup_stm32f407xx.o
    0x2001f320        -       0x00000400   Zero   RW            1    STACK               startup_stm32f407xx.o



  Load Region LR$$.ARM.__AT_0x10000000 (Base: 0x10000000, Size: 0x00000000, Max: 0x0000f000, ABSOLUTE)

    Execution Region ER$$.ARM.__AT_0x10000000 (Exec base: 0x10000000, Load base: 0x10000000, Size: 0x0000f000, Max: 0x0000f000, ABSOLUTE, UNINIT)

    Exec Addr    Load Addr    Size         Type   Attr      Idx    E Section Name        Object

    0x10000000        -       0x0000f000   Zero   RW         3486    .ARM.__AT_0x10000000  malloc.o



  Load Region LR$$.ARM.__AT_0x1000F000 (Base: 0x1000f000, Size: 0x00000000, Max: 0x00000f00, ABSOLUTE)

    Execution Region ER$$.ARM.__AT_0x1000F000 (Exec base: 0x1000f000, Load base: 0x1000f000, Size: 0x00000f00, Max: 0x00000f00, ABSOLUTE, UNINIT)

    Exec Addr    Load Addr    Size         Type   Attr      Idx    E Section Name        Object

    0x1000f000        -       0x00000f00   Zero   RW         3487    .ARM.__AT_0x1000F000  malloc.o


==============================================================================

Image component sizes


      Code (inc. data)   RO Data    RW Data    ZI Data      Debug   Object Name

       194         30          0          1          0       3096   app.o
         2          0          0          0          0        484   beep.o
       342         76          0          1         84       8237   dewenlcd.o
         0          0          0          0          0       6624   dgus_control_curve.o
        58          0          0          0          0       1367   dgus_control_text.o
       816        138          0         24         69       9995   dgus_lcd.o
        60          4          0          0          0        826   dma.o
       560         14          0         16          0       5055   flexible_button.o
       656         34          0          0          0       1351   gpio.o
       158         16          0          0          0       1289   led.o
       452          0          0          0          0       7716   lwrb.o
       216         14          0          0          0     687172   main.o
       130         18         24         28     184960       3731   malloc.o
       772        128          0          0        588       6746   matrixkey.o
         2          0          0          0          0        493   relay.o
       798         54          0          4        620      39923   smarttimer.o
       280         28          0          0        280       1951   spi.o
       852        106          0          2       3200       5651   st7789.o
        64         26        392          0       1536        864   startup_stm32f407xx.o
         2          0          0          0          0        509   stepmotor.o
       180         28          0         12          0       9581   stm32f4xx_hal.o
       198         14          0          0          0      34079   stm32f4xx_hal_cortex.o
      1084         16          8          0          0       7546   stm32f4xx_hal_dma.o
       532         46          0          0          0       3608   stm32f4xx_hal_gpio.o
        48          6          0          0          0        898   stm32f4xx_hal_msp.o
      1348         76          0          0          0       5372   stm32f4xx_hal_rcc.o
      1184         26          0          0          0       9347   stm32f4xx_hal_spi.o
       784         72          0          0          0       7013   stm32f4xx_hal_tim.o
       148         28          0          0          0       2545   stm32f4xx_hal_tim_ex.o
      1734         16          0          0          0      12507   stm32f4xx_hal_uart.o
        80         30          0          0          0       6842   stm32f4xx_it.o
        16          4         24          4          0       1195   system_stm32f4xx.o
       152         26          0          0         72       2294   tim.o
        14          0          0          0          0        538   tirpod.o
       268         74          0          0        224       4524   touchkey.o
       610         90          0          4        204     699402   usart.o
       134          6          0          0          0       3179   voice.o

    ----------------------------------------------------------------------
     14974       1244        496         96     191840    1603550   Object Totals
         0          0         48          0          0          0   (incl. Generated)
        46          0          0          0          3          0   (incl. Padding)

    ----------------------------------------------------------------------

      Code (inc. data)   RO Data    RW Data    ZI Data      Debug   Library Member Name

        24          4          0          0          0         84   __2printf.o
         8          0          0          0          0         68   __main.o
       392          4         17          0          0         92   __printf_flags_ss_wp.o
        14          0          0          0          0         68   __printf_wp.o
         0          0          0          0          0          0   __rtentry.o
        12          0          0          0          0          0   __rtentry2.o
         6          0          0          0          0          0   __rtentry4.o
        52          8          0          0          0          0   __scatter.o
        26          0          0          0          0          0   __scatter_copy.o
        28          0          0          0          0          0   __scatter_zi.o
        48          6          0          0          0         96   _printf_char_common.o
        36          4          0          0          0         80   _printf_char_file.o
         6          0          0          0          0          0   _printf_d.o
       120         16          0          0          0         92   _printf_dec.o
       148          4         40          0          0        160   _printf_hex_int_ll_ptr.o
       178          0          0          0          0         88   _printf_intcommon.o
        78          0          0          0          0        108   _printf_pad.o
         0          0          0          0          0          0   _printf_percent.o
         4          0          0          0          0          0   _printf_percent_end.o
         6          0          0          0          0          0   _printf_x.o
        16          0          0          0          0         68   aeabi_memset.o
        18          0          0          0          0         80   exit.o
         8          0          0          0          0         68   ferror.o
         6          0          0          0          0        152   heapauxi.o
         2          0          0          0          0          0   libinit.o
         6          0          0          0          0          0   libinit2.o
         2          0          0          0          0          0   libshutdown.o
         2          0          0          0          0          0   libshutdown2.o
         8          4          0          0         96         68   libspace.o
       238          0          0          0          0        100   lludivv7m.o
        68          0          0          0          0         68   rt_memclr.o
        78          0          0          0          0         80   rt_memclr_w.o
       138          0          0          0          0         68   rt_memcpy_v6.o
       100          0          0          0          0         80   rt_memcpy_w.o
         2          0          0          0          0          0   rtexit.o
        10          0          0          0          0          0   rtexit2.o
        62          0          0          0          0         76   strlen.o
        74          0          0          0          0         80   sys_stackheap_outer.o
         2          0          0          0          0         68   use_no_semi.o
         2          0          0          0          0         68   use_no_semi_2.o
        10          0          0          0          0        116   fpinit.o

    ----------------------------------------------------------------------
      2046         50         60          0         96       2176   Library Totals
         8          0          3          0          0          0   (incl. Padding)

    ----------------------------------------------------------------------

      Code (inc. data)   RO Data    RW Data    ZI Data      Debug   Library Name

      2028         50         57          0         96       2060   c_w.l
        10          0          0          0          0        116   fz_wm.l

    ----------------------------------------------------------------------
      2046         50         60          0         96       2176   Library Totals

    ----------------------------------------------------------------------

==============================================================================


      Code (inc. data)   RO Data    RW Data    ZI Data      Debug   

     17020       1294        556         96     191936    1587886   Grand Totals
     17020       1294        556         96     191936    1587886   ELF Image Totals
     17020       1294        556         96          0          0   ROM Totals

==============================================================================

    Total RO  Size (Code + RO Data)                17576 (  17.16kB)
    Total RW  Size (RW Data + ZI Data)            192032 ( 187.53kB)
    Total ROM Size (Code + RO Data + RW Data)      17672 (  17.26kB)

==============================================================================

